build	Set up job	ï»¿2025-08-25T17:37:46.0757828Z Current runner version: '2.328.0'
build	Set up job	2025-08-25T17:37:46.0780759Z ##[group]Runner Image Provisioner
build	Set up job	2025-08-25T17:37:46.0781531Z Hosted Compute Agent
build	Set up job	2025-08-25T17:37:46.0782165Z Version: 20250821.380
build	Set up job	2025-08-25T17:37:46.0782924Z Commit: 438d12cb4fe092871db9867344e3bc0bc5319035
build	Set up job	2025-08-25T17:37:46.0783619Z Build Date: 2025-08-21T20:49:43Z
build	Set up job	2025-08-25T17:37:46.0784260Z ##[endgroup]
build	Set up job	2025-08-25T17:37:46.0784773Z ##[group]Operating System
build	Set up job	2025-08-25T17:37:46.0785328Z Ubuntu
build	Set up job	2025-08-25T17:37:46.0785800Z 24.04.2
build	Set up job	2025-08-25T17:37:46.0786317Z LTS
build	Set up job	2025-08-25T17:37:46.0786771Z ##[endgroup]
build	Set up job	2025-08-25T17:37:46.0787290Z ##[group]Runner Image
build	Set up job	2025-08-25T17:37:46.0787892Z Image: ubuntu-24.04
build	Set up job	2025-08-25T17:37:46.0788406Z Version: 20250818.1.0
build	Set up job	2025-08-25T17:37:46.0789450Z Included Software: https://github.com/actions/runner-images/blob/ubuntu24/20250818.1/images/ubuntu/Ubuntu2404-Readme.md
build	Set up job	2025-08-25T17:37:46.0790775Z Image Release: https://github.com/actions/runner-images/releases/tag/ubuntu24%2F20250818.1
build	Set up job	2025-08-25T17:37:46.0791896Z ##[endgroup]
build	Set up job	2025-08-25T17:37:46.0793226Z ##[group]GITHUB_TOKEN Permissions
build	Set up job	2025-08-25T17:37:46.0794912Z Contents: write
build	Set up job	2025-08-25T17:37:46.0795557Z Metadata: read
build	Set up job	2025-08-25T17:37:46.0796001Z ##[endgroup]
build	Set up job	2025-08-25T17:37:46.0798240Z Secret source: Actions
build	Set up job	2025-08-25T17:37:46.0799279Z Prepare workflow directory
build	Set up job	2025-08-25T17:37:46.1105759Z Prepare all required actions
build	Set up job	2025-08-25T17:37:46.1142167Z Getting action download info
build	Set up job	2025-08-25T17:37:46.5761723Z Download action repository 'actions/checkout@v4' (SHA:08eba0b27e820071cde6df949e0beb9ba4906955)
build	Set up job	2025-08-25T17:37:46.6440225Z Download action repository 'actions/setup-node@v4' (SHA:49933ea5288caeca8642d1e84afbd3f7d6820020)
build	Set up job	2025-08-25T17:37:46.7279617Z Download action repository 'tauri-apps/tauri-action@v0' (SHA:e834788a94591d81e3ae0bd9ec06366f5afb8994)
build	Set up job	2025-08-25T17:37:47.4405705Z Complete job name: build
build	Definir tag objetivo	ï»¿2025-08-25T17:37:47.5021286Z ##[group]Run if [ "workflow_dispatch" = "workflow_dispatch" ]; then
build	Definir tag objetivo	2025-08-25T17:37:47.5022160Z [36;1mif [ "workflow_dispatch" = "workflow_dispatch" ]; then[0m
build	Definir tag objetivo	2025-08-25T17:37:47.5023114Z [36;1m  echo "RELEASE_TAG=v0.1.7-beta.1" >> $GITHUB_OUTPUT[0m
build	Definir tag objetivo	2025-08-25T17:37:47.5023699Z [36;1melse[0m
build	Definir tag objetivo	2025-08-25T17:37:47.5024169Z [36;1m  echo "RELEASE_TAG=main" >> $GITHUB_OUTPUT[0m
build	Definir tag objetivo	2025-08-25T17:37:47.5024722Z [36;1mfi[0m
build	Definir tag objetivo	2025-08-25T17:37:47.5091837Z shell: /usr/bin/bash -e {0}
build	Definir tag objetivo	2025-08-25T17:37:47.5092745Z ##[endgroup]
build	Checkout	ï»¿2025-08-25T17:37:47.5376846Z ##[group]Run actions/checkout@v4
build	Checkout	2025-08-25T17:37:47.5377384Z with:
build	Checkout	2025-08-25T17:37:47.5377723Z   ref: v0.1.7-beta.1
build	Checkout	2025-08-25T17:37:47.5378135Z   repository: jjdeharo/plumamd
build	Checkout	2025-08-25T17:37:47.5378731Z   token: ***
build	Checkout	2025-08-25T17:37:47.5379103Z   ssh-strict: true
build	Checkout	2025-08-25T17:37:47.5379486Z   ssh-user: git
build	Checkout	2025-08-25T17:37:47.5379880Z   persist-credentials: true
build	Checkout	2025-08-25T17:37:47.5380307Z   clean: true
build	Checkout	2025-08-25T17:37:47.5380687Z   sparse-checkout-cone-mode: true
build	Checkout	2025-08-25T17:37:47.5381153Z   fetch-depth: 1
build	Checkout	2025-08-25T17:37:47.5381518Z   fetch-tags: false
build	Checkout	2025-08-25T17:37:47.5381921Z   show-progress: true
build	Checkout	2025-08-25T17:37:47.5382305Z   lfs: false
build	Checkout	2025-08-25T17:37:47.5382886Z   submodules: false
build	Checkout	2025-08-25T17:37:47.5383276Z   set-safe-directory: true
build	Checkout	2025-08-25T17:37:47.5383693Z ##[endgroup]
build	Checkout	2025-08-25T17:37:47.6383337Z Syncing repository: jjdeharo/plumamd
build	Checkout	2025-08-25T17:37:47.6385206Z ##[group]Getting Git version info
build	Checkout	2025-08-25T17:37:47.6386037Z Working directory is '/home/runner/work/plumamd/plumamd'
build	Checkout	2025-08-25T17:37:47.6387023Z [command]/usr/bin/git version
build	Checkout	2025-08-25T17:37:47.6424759Z git version 2.51.0
build	Checkout	2025-08-25T17:37:47.6449373Z ##[endgroup]
build	Checkout	2025-08-25T17:37:47.6462931Z Temporarily overriding HOME='/home/runner/work/_temp/8417d2cd-ab61-4858-ace0-1bdbc8b0157d' before making global git config changes
build	Checkout	2025-08-25T17:37:47.6464439Z Adding repository directory to the temporary git global config as a safe directory
build	Checkout	2025-08-25T17:37:47.6474667Z [command]/usr/bin/git config --global --add safe.directory /home/runner/work/plumamd/plumamd
build	Checkout	2025-08-25T17:37:47.6506486Z Deleting the contents of '/home/runner/work/plumamd/plumamd'
build	Checkout	2025-08-25T17:37:47.6509874Z ##[group]Initializing the repository
build	Checkout	2025-08-25T17:37:47.6513565Z [command]/usr/bin/git init /home/runner/work/plumamd/plumamd
build	Checkout	2025-08-25T17:37:47.6582888Z hint: Using 'master' as the name for the initial branch. This default branch name
build	Checkout	2025-08-25T17:37:47.6584393Z hint: is subject to change. To configure the initial branch name to use in all
build	Checkout	2025-08-25T17:37:47.6585684Z hint: of your new repositories, which will suppress this warning, call:
build	Checkout	2025-08-25T17:37:47.6586487Z hint:
build	Checkout	2025-08-25T17:37:47.6587188Z hint: 	git config --global init.defaultBranch <name>
build	Checkout	2025-08-25T17:37:47.6587805Z hint:
build	Checkout	2025-08-25T17:37:47.6588323Z hint: Names commonly chosen instead of 'master' are 'main', 'trunk' and
build	Checkout	2025-08-25T17:37:47.6589159Z hint: 'development'. The just-created branch can be renamed via this command:
build	Checkout	2025-08-25T17:37:47.6589842Z hint:
build	Checkout	2025-08-25T17:37:47.6590199Z hint: 	git branch -m <name>
build	Checkout	2025-08-25T17:37:47.6590624Z hint:
build	Checkout	2025-08-25T17:37:47.6591259Z hint: Disable this message with "git config set advice.defaultBranchName false"
build	Checkout	2025-08-25T17:37:47.6592945Z Initialized empty Git repository in /home/runner/work/plumamd/plumamd/.git/
build	Checkout	2025-08-25T17:37:47.6597099Z [command]/usr/bin/git remote add origin https://github.com/jjdeharo/plumamd
build	Checkout	2025-08-25T17:37:47.6627969Z ##[endgroup]
build	Checkout	2025-08-25T17:37:47.6628673Z ##[group]Disabling automatic garbage collection
build	Checkout	2025-08-25T17:37:47.6631918Z [command]/usr/bin/git config --local gc.auto 0
build	Checkout	2025-08-25T17:37:47.6659004Z ##[endgroup]
build	Checkout	2025-08-25T17:37:47.6659666Z ##[group]Setting up auth
build	Checkout	2025-08-25T17:37:47.6665621Z [command]/usr/bin/git config --local --name-only --get-regexp core\.sshCommand
build	Checkout	2025-08-25T17:37:47.6694473Z [command]/usr/bin/git submodule foreach --recursive sh -c "git config --local --name-only --get-regexp 'core\.sshCommand' && git config --local --unset-all 'core.sshCommand' || :"
build	Checkout	2025-08-25T17:37:47.6952357Z [command]/usr/bin/git config --local --name-only --get-regexp http\.https\:\/\/github\.com\/\.extraheader
build	Checkout	2025-08-25T17:37:47.6980417Z [command]/usr/bin/git submodule foreach --recursive sh -c "git config --local --name-only --get-regexp 'http\.https\:\/\/github\.com\/\.extraheader' && git config --local --unset-all 'http.https://github.com/.extraheader' || :"
build	Checkout	2025-08-25T17:37:47.7196384Z [command]/usr/bin/git config --local http.https://github.com/.extraheader AUTHORIZATION: basic ***
build	Checkout	2025-08-25T17:37:47.7230306Z ##[endgroup]
build	Checkout	2025-08-25T17:37:47.7231359Z ##[group]Fetching the repository
build	Checkout	2025-08-25T17:37:47.7239465Z [command]/usr/bin/git -c protocol.version=2 fetch --no-tags --prune --no-recurse-submodules --depth=1 origin +refs/heads/v0.1.7-beta.1*:refs/remotes/origin/v0.1.7-beta.1* +refs/tags/v0.1.7-beta.1*:refs/tags/v0.1.7-beta.1*
build	Checkout	2025-08-25T17:37:48.2768198Z From https://github.com/jjdeharo/plumamd
build	Checkout	2025-08-25T17:37:48.2769335Z  * [new tag]         v0.1.7-beta.1 -> v0.1.7-beta.1
build	Checkout	2025-08-25T17:37:48.2793080Z ##[endgroup]
build	Checkout	2025-08-25T17:37:48.2794180Z ##[group]Determining the checkout info
build	Checkout	2025-08-25T17:37:48.2799940Z [command]/usr/bin/git branch --list --remote origin/v0.1.7-beta.1
build	Checkout	2025-08-25T17:37:48.2831025Z [command]/usr/bin/git tag --list v0.1.7-beta.1
build	Checkout	2025-08-25T17:37:48.2903665Z v0.1.7-beta.1
build	Checkout	2025-08-25T17:37:48.2910578Z ##[endgroup]
build	Checkout	2025-08-25T17:37:48.2913534Z [command]/usr/bin/git sparse-checkout disable
build	Checkout	2025-08-25T17:37:48.2951462Z [command]/usr/bin/git config --local --unset-all extensions.worktreeConfig
build	Checkout	2025-08-25T17:37:48.2975621Z ##[group]Checking out the ref
build	Checkout	2025-08-25T17:37:48.2978665Z [command]/usr/bin/git checkout --progress --force refs/tags/v0.1.7-beta.1
build	Checkout	2025-08-25T17:37:48.3053406Z Note: switching to 'refs/tags/v0.1.7-beta.1'.
build	Checkout	2025-08-25T17:37:48.3054689Z 
build	Checkout	2025-08-25T17:37:48.3055761Z You are in 'detached HEAD' state. You can look around, make experimental
build	Checkout	2025-08-25T17:37:48.3058373Z changes and commit them, and you can discard any commits you make in this
build	Checkout	2025-08-25T17:37:48.3060108Z state without impacting any branches by switching back to a branch.
build	Checkout	2025-08-25T17:37:48.3061557Z 
build	Checkout	2025-08-25T17:37:48.3062779Z If you want to create a new branch to retain commits you create, you may
build	Checkout	2025-08-25T17:37:48.3064932Z do so (now or later) by using -c with the switch command. Example:
build	Checkout	2025-08-25T17:37:48.3066172Z 
build	Checkout	2025-08-25T17:37:48.3066647Z   git switch -c <new-branch-name>
build	Checkout	2025-08-25T17:37:48.3067405Z 
build	Checkout	2025-08-25T17:37:48.3067850Z Or undo this operation with:
build	Checkout	2025-08-25T17:37:48.3068549Z 
build	Checkout	2025-08-25T17:37:48.3068989Z   git switch -
build	Checkout	2025-08-25T17:37:48.3069536Z 
build	Checkout	2025-08-25T17:37:48.3070432Z Turn off this advice by setting config variable advice.detachedHead to false
build	Checkout	2025-08-25T17:37:48.3071872Z 
build	Checkout	2025-08-25T17:37:48.3073054Z HEAD is now at 3660acf chore(release): prerelease v0.1.7-beta.1 (Tauri + package)
build	Checkout	2025-08-25T17:37:48.3077007Z ##[endgroup]
build	Checkout	2025-08-25T17:37:48.3097791Z [command]/usr/bin/git log -1 --format=%H
build	Checkout	2025-08-25T17:37:48.3118920Z 3660acff6df214da84712caf4c16981e9b12fe21
build	Setup Node	ï»¿2025-08-25T17:37:48.3362496Z ##[group]Run actions/setup-node@v4
build	Setup Node	2025-08-25T17:37:48.3363910Z with:
build	Setup Node	2025-08-25T17:37:48.3364738Z   node-version: 20
build	Setup Node	2025-08-25T17:37:48.3365601Z   cache: npm
build	Setup Node	2025-08-25T17:37:48.3366457Z   always-auth: false
build	Setup Node	2025-08-25T17:37:48.3367374Z   check-latest: false
build	Setup Node	2025-08-25T17:37:48.3368592Z   token: ***
build	Setup Node	2025-08-25T17:37:48.3369412Z ##[endgroup]
build	Setup Node	2025-08-25T17:37:48.5289190Z Found in cache @ /opt/hostedtoolcache/node/20.19.4/x64
build	Setup Node	2025-08-25T17:37:48.5297733Z ##[group]Environment details
build	Setup Node	2025-08-25T17:37:50.4618961Z node: v20.19.4
build	Setup Node	2025-08-25T17:37:50.4619541Z npm: 10.8.2
build	Setup Node	2025-08-25T17:37:50.4619935Z yarn: 1.22.22
build	Setup Node	2025-08-25T17:37:50.4623360Z ##[endgroup]
build	Setup Node	2025-08-25T17:37:50.4649271Z [command]/opt/hostedtoolcache/node/20.19.4/x64/bin/npm config get cache
build	Setup Node	2025-08-25T17:37:50.7402857Z /home/runner/.npm
build	Setup Node	2025-08-25T17:37:51.0394330Z Cache hit for: node-cache-Linux-x64-npm-ea428892b6fb29cbf8c3f7917302126f9bc3fe1654c83b0418c5c769c6919760
build	Setup Node	2025-08-25T17:37:52.3274603Z Received 4194304 of 31370842 (13.4%), 4.0 MBs/sec
build	Setup Node	2025-08-25T17:37:52.6566104Z Received 31370842 of 31370842 (100.0%), 22.5 MBs/sec
build	Setup Node	2025-08-25T17:37:52.6567002Z Cache Size: ~30 MB (31370842 B)
build	Setup Node	2025-08-25T17:37:52.6594774Z [command]/usr/bin/tar -xf /home/runner/work/_temp/ec903cb6-4257-4b15-92d9-9d08f714c8b3/cache.tzst -P -C /home/runner/work/plumamd/plumamd --use-compress-program unzstd
build	Setup Node	2025-08-25T17:37:52.7160422Z Cache restored successfully
build	Setup Node	2025-08-25T17:37:52.7228805Z Cache restored from key: node-cache-Linux-x64-npm-ea428892b6fb29cbf8c3f7917302126f9bc3fe1654c83b0418c5c769c6919760
build	Install Linux dependencies	ï»¿2025-08-25T17:37:52.7366365Z ##[group]Run set -euxo pipefail
build	Install Linux dependencies	2025-08-25T17:37:52.7366703Z [36;1mset -euxo pipefail[0m
build	Install Linux dependencies	2025-08-25T17:37:52.7366976Z [36;1msudo apt-get update[0m
build	Install Linux dependencies	2025-08-25T17:37:52.7367382Z [36;1m# En Ubuntu 24.04 el paquete es libwebkit2gtk-4.1-dev; en 22.04 es libwebkit2gtk-4.0-dev[0m
build	Install Linux dependencies	2025-08-25T17:37:52.7368039Z [36;1msudo apt-get install -y build-essential pkg-config libgtk-3-dev libayatana-appindicator3-dev librsvg2-dev || true[0m
build	Install Linux dependencies	2025-08-25T17:37:52.7368715Z [36;1msudo apt-get install -y libwebkit2gtk-4.1-dev || sudo apt-get install -y libwebkit2gtk-4.0-dev[0m
build	Install Linux dependencies	2025-08-25T17:37:52.7415522Z shell: /usr/bin/bash -e {0}
build	Install Linux dependencies	2025-08-25T17:37:52.7415782Z ##[endgroup]
build	Install Linux dependencies	2025-08-25T17:37:52.7546645Z + sudo apt-get update
build	Install Linux dependencies	2025-08-25T17:37:52.8200042Z Get:1 file:/etc/apt/apt-mirrors.txt Mirrorlist [144 B]
build	Install Linux dependencies	2025-08-25T17:37:52.8550728Z Hit:2 http://azure.archive.ubuntu.com/ubuntu noble InRelease
build	Install Linux dependencies	2025-08-25T17:37:52.8570694Z Get:3 http://azure.archive.ubuntu.com/ubuntu noble-updates InRelease [126 kB]
build	Install Linux dependencies	2025-08-25T17:37:52.8623726Z Get:4 http://azure.archive.ubuntu.com/ubuntu noble-backports InRelease [126 kB]
build	Install Linux dependencies	2025-08-25T17:37:52.8647703Z Get:5 http://azure.archive.ubuntu.com/ubuntu noble-security InRelease [126 kB]
build	Install Linux dependencies	2025-08-25T17:37:53.0083693Z Get:6 http://azure.archive.ubuntu.com/ubuntu noble-updates/main amd64 Packages [1352 kB]
build	Install Linux dependencies	2025-08-25T17:37:53.0245340Z Get:7 http://azure.archive.ubuntu.com/ubuntu noble-updates/main Translation-en [269 kB]
build	Install Linux dependencies	2025-08-25T17:37:53.0255755Z Get:8 http://azure.archive.ubuntu.com/ubuntu noble-updates/main amd64 Components [174 kB]
build	Install Linux dependencies	2025-08-25T17:37:53.0281597Z Get:9 http://azure.archive.ubuntu.com/ubuntu noble-updates/universe amd64 Packages [1123 kB]
build	Install Linux dependencies	2025-08-25T17:37:53.0307808Z Hit:16 https://packages.microsoft.com/repos/azure-cli noble InRelease
build	Install Linux dependencies	2025-08-25T17:37:53.0361711Z Get:10 http://azure.archive.ubuntu.com/ubuntu noble-updates/universe Translation-en [288 kB]
build	Install Linux dependencies	2025-08-25T17:37:53.0386930Z Get:11 http://azure.archive.ubuntu.com/ubuntu noble-updates/universe amd64 Components [377 kB]
build	Install Linux dependencies	2025-08-25T17:37:53.0421970Z Get:12 http://azure.archive.ubuntu.com/ubuntu noble-updates/restricted amd64 Packages [1731 kB]
build	Install Linux dependencies	2025-08-25T17:37:53.0530421Z Get:13 http://azure.archive.ubuntu.com/ubuntu noble-updates/restricted Translation-en [384 kB]
build	Install Linux dependencies	2025-08-25T17:37:53.0540730Z Get:17 https://packages.microsoft.com/ubuntu/24.04/prod noble InRelease [3600 B]
build	Install Linux dependencies	2025-08-25T17:37:53.0565302Z Get:14 http://azure.archive.ubuntu.com/ubuntu noble-updates/restricted amd64 Components [212 B]
build	Install Linux dependencies	2025-08-25T17:37:53.0575630Z Get:15 http://azure.archive.ubuntu.com/ubuntu noble-updates/multiverse amd64 Components [940 B]
build	Install Linux dependencies	2025-08-25T17:37:53.1136432Z Get:18 http://azure.archive.ubuntu.com/ubuntu noble-backports/main amd64 Components [7084 B]
build	Install Linux dependencies	2025-08-25T17:37:53.1150388Z Get:19 http://azure.archive.ubuntu.com/ubuntu noble-backports/universe amd64 Components [19.1 kB]
build	Install Linux dependencies	2025-08-25T17:37:53.1199737Z Get:20 http://azure.archive.ubuntu.com/ubuntu noble-backports/restricted amd64 Components [216 B]
build	Install Linux dependencies	2025-08-25T17:37:53.1201210Z Get:21 http://azure.archive.ubuntu.com/ubuntu noble-backports/multiverse amd64 Components [212 B]
build	Install Linux dependencies	2025-08-25T17:37:53.1216690Z Get:22 http://azure.archive.ubuntu.com/ubuntu noble-security/main amd64 Packages [1083 kB]
build	Install Linux dependencies	2025-08-25T17:37:53.1282197Z Get:23 http://azure.archive.ubuntu.com/ubuntu noble-security/main Translation-en [187 kB]
build	Install Linux dependencies	2025-08-25T17:37:53.1318080Z Get:24 http://azure.archive.ubuntu.com/ubuntu noble-security/main amd64 Components [21.5 kB]
build	Install Linux dependencies	2025-08-25T17:37:53.1328340Z Get:25 http://azure.archive.ubuntu.com/ubuntu noble-security/universe amd64 Packages [881 kB]
build	Install Linux dependencies	2025-08-25T17:37:53.1386043Z Get:26 http://azure.archive.ubuntu.com/ubuntu noble-security/universe Translation-en [195 kB]
build	Install Linux dependencies	2025-08-25T17:37:53.1414005Z Get:27 http://azure.archive.ubuntu.com/ubuntu noble-security/universe amd64 Components [52.2 kB]
build	Install Linux dependencies	2025-08-25T17:37:53.1427300Z Get:28 http://azure.archive.ubuntu.com/ubuntu noble-security/restricted amd64 Packages [1631 kB]
build	Install Linux dependencies	2025-08-25T17:37:53.1555704Z Get:29 http://azure.archive.ubuntu.com/ubuntu noble-security/restricted Translation-en [361 kB]
build	Install Linux dependencies	2025-08-25T17:37:53.1578856Z Get:30 http://azure.archive.ubuntu.com/ubuntu noble-security/restricted amd64 Components [212 B]
build	Install Linux dependencies	2025-08-25T17:37:53.1588843Z Get:31 http://azure.archive.ubuntu.com/ubuntu noble-security/multiverse amd64 Components [212 B]
build	Install Linux dependencies	2025-08-25T17:37:53.2891787Z Get:32 https://packages.microsoft.com/ubuntu/24.04/prod noble/main amd64 Packages [49.3 kB]
build	Install Linux dependencies	2025-08-25T17:37:53.3139127Z Get:33 https://packages.microsoft.com/ubuntu/24.04/prod noble/main armhf Packages [9870 B]
build	Install Linux dependencies	2025-08-25T17:37:53.3402864Z Get:34 https://packages.microsoft.com/ubuntu/24.04/prod noble/main arm64 Packages [33.3 kB]
build	Install Linux dependencies	2025-08-25T17:38:00.0316880Z Fetched 10.6 MB in 1s (8375 kB/s)
build	Install Linux dependencies	2025-08-25T17:38:00.6991533Z Reading package lists...
build	Install Linux dependencies	2025-08-25T17:38:00.7094126Z + sudo apt-get install -y build-essential pkg-config libgtk-3-dev libayatana-appindicator3-dev librsvg2-dev
build	Install Linux dependencies	2025-08-25T17:38:00.7308432Z Reading package lists...
build	Install Linux dependencies	2025-08-25T17:38:00.8760632Z Building dependency tree...
build	Install Linux dependencies	2025-08-25T17:38:00.8769332Z Reading state information...
build	Install Linux dependencies	2025-08-25T17:38:01.0297506Z pkg-config is already the newest version (1.8.1-2build1).
build	Install Linux dependencies	2025-08-25T17:38:01.0298574Z The following additional packages will be installed:
build	Install Linux dependencies	2025-08-25T17:38:01.0299562Z   bzip2-doc gir1.2-atk-1.0 gir1.2-atspi-2.0 gir1.2-ayatanaappindicator3-0.1
build	Install Linux dependencies	2025-08-25T17:38:01.0300588Z   gir1.2-ayatanaido3-0.4 gir1.2-dbusmenu-glib-0.4 gir1.2-freedesktop
build	Install Linux dependencies	2025-08-25T17:38:01.0301238Z   gir1.2-freedesktop-dev gir1.2-gdkpixbuf-2.0 gir1.2-girepository-2.0-dev
build	Install Linux dependencies	2025-08-25T17:38:01.0302965Z   gir1.2-glib-2.0-dev gir1.2-gtk-3.0 gir1.2-harfbuzz-0.0 gir1.2-pango-1.0
build	Install Linux dependencies	2025-08-25T17:38:01.0303955Z   gir1.2-rsvg-2.0 gobject-introspection gobject-introspection-bin
build	Install Linux dependencies	2025-08-25T17:38:01.0304820Z   libatk-bridge2.0-dev libatk1.0-dev libatspi2.0-dev
build	Install Linux dependencies	2025-08-25T17:38:01.0305777Z   libayatana-appindicator3-1 libayatana-ido3-0.4-0 libayatana-ido3-dev
build	Install Linux dependencies	2025-08-25T17:38:01.0306853Z   libayatana-indicator3-7 libayatana-indicator3-dev libblkid-dev libbrotli-dev
build	Install Linux dependencies	2025-08-25T17:38:01.0307452Z   libbz2-dev libcairo-script-interpreter2 libcairo2-dev libdatrie-dev
build	Install Linux dependencies	2025-08-25T17:38:01.0307949Z   libdbus-1-dev libdbusmenu-glib-dev libdeflate-dev libegl-dev libegl-mesa0
build	Install Linux dependencies	2025-08-25T17:38:01.0308473Z   libegl1 libegl1-mesa-dev libepoxy-dev libfontconfig-dev libfreetype-dev
build	Install Linux dependencies	2025-08-25T17:38:01.0308939Z   libfribidi-dev libgdk-pixbuf-2.0-dev libgdk-pixbuf2.0-bin
build	Install Linux dependencies	2025-08-25T17:38:01.0309396Z   libgirepository-1.0-dev libgirepository-2.0-0 libgirepository1.0-dev
build	Install Linux dependencies	2025-08-25T17:38:01.0309901Z   libgl-dev libgles-dev libgles1 libgles2 libglib2.0-dev libglib2.0-dev-bin
build	Install Linux dependencies	2025-08-25T17:38:01.0310369Z   libglvnd-core-dev libglvnd-dev libglx-dev libgraphite2-dev
build	Install Linux dependencies	2025-08-25T17:38:01.0310848Z   libharfbuzz-cairo0 libharfbuzz-dev libharfbuzz-gobject0 libharfbuzz-icu0
build	Install Linux dependencies	2025-08-25T17:38:01.0311367Z   libharfbuzz-subset0 libice-dev libjbig-dev libjpeg-dev libjpeg-turbo8-dev
build	Install Linux dependencies	2025-08-25T17:38:01.0311880Z   libjpeg8-dev liblerc-dev liblzma-dev libmount-dev libopengl-dev libopengl0
build	Install Linux dependencies	2025-08-25T17:38:01.0312414Z   libpango1.0-dev libpangoxft-1.0-0 libpixman-1-dev libpng-dev libpng-tools
build	Install Linux dependencies	2025-08-25T17:38:01.0313189Z   libpthread-stubs0-dev librsvg2-2 librsvg2-common libselinux1-dev
build	Install Linux dependencies	2025-08-25T17:38:01.0314012Z   libsepol-dev libsharpyuv-dev libsm-dev libthai-dev libtiff-dev libtiff6
build	Install Linux dependencies	2025-08-25T17:38:01.0314647Z   libtiffxx6 libwayland-bin libwayland-dev libwebp-dev libwebpdecoder3
build	Install Linux dependencies	2025-08-25T17:38:01.0315159Z   libx11-dev libxau-dev libxcb-render0-dev libxcb-shm0-dev libxcb1-dev
build	Install Linux dependencies	2025-08-25T17:38:01.0315640Z   libxcomposite-dev libxcursor-dev libxdamage-dev libxdmcp-dev libxext-dev
build	Install Linux dependencies	2025-08-25T17:38:01.0316132Z   libxfixes-dev libxft-dev libxi-dev libxinerama-dev libxkbcommon-dev
build	Install Linux dependencies	2025-08-25T17:38:01.0316604Z   libxrandr-dev libxrender-dev libxtst-dev pango1.0-tools python3-mako
build	Install Linux dependencies	2025-08-25T17:38:01.0317108Z   python3-markdown uuid-dev wayland-protocols x11proto-dev xorg-sgml-doctools
build	Install Linux dependencies	2025-08-25T17:38:01.0317484Z   xtrans-dev
build	Install Linux dependencies	2025-08-25T17:38:01.0317688Z Suggested packages:
build	Install Linux dependencies	2025-08-25T17:38:01.0318024Z   libcairo2-doc libdatrie-doc freetype2-doc libgirepository1.0-doc
build	Install Linux dependencies	2025-08-25T17:38:01.0318737Z   libglib2.0-doc libxml2-utils libgraphite2-utils libgtk-3-doc libice-doc
build	Install Linux dependencies	2025-08-25T17:38:01.0319244Z   liblzma-doc libpango1.0-doc librsvg2-bin librsvg2-doc libsm-doc libthai-doc
build	Install Linux dependencies	2025-08-25T17:38:01.0319723Z   libwayland-doc libx11-doc libxcb-doc libxext-doc graphicsmagick
build	Install Linux dependencies	2025-08-25T17:38:01.0320121Z   python-mako-doc python3-beaker python-markdown-doc
build	Install Linux dependencies	2025-08-25T17:38:01.0984850Z The following NEW packages will be installed:
build	Install Linux dependencies	2025-08-25T17:38:01.0985834Z   build-essential bzip2-doc gir1.2-atk-1.0 gir1.2-atspi-2.0
build	Install Linux dependencies	2025-08-25T17:38:01.0986742Z   gir1.2-ayatanaappindicator3-0.1 gir1.2-ayatanaido3-0.4
build	Install Linux dependencies	2025-08-25T17:38:01.0987491Z   gir1.2-dbusmenu-glib-0.4 gir1.2-freedesktop gir1.2-freedesktop-dev
build	Install Linux dependencies	2025-08-25T17:38:01.0988229Z   gir1.2-gdkpixbuf-2.0 gir1.2-girepository-2.0-dev gir1.2-glib-2.0-dev
build	Install Linux dependencies	2025-08-25T17:38:01.0988735Z   gir1.2-gtk-3.0 gir1.2-harfbuzz-0.0 gir1.2-pango-1.0 gir1.2-rsvg-2.0
build	Install Linux dependencies	2025-08-25T17:38:01.0989226Z   gobject-introspection gobject-introspection-bin libatk-bridge2.0-dev
build	Install Linux dependencies	2025-08-25T17:38:01.0989970Z   libatk1.0-dev libatspi2.0-dev libayatana-appindicator3-1
build	Install Linux dependencies	2025-08-25T17:38:01.0990589Z   libayatana-appindicator3-dev libayatana-ido3-0.4-0 libayatana-ido3-dev
build	Install Linux dependencies	2025-08-25T17:38:01.0991139Z   libayatana-indicator3-7 libayatana-indicator3-dev libblkid-dev libbrotli-dev
build	Install Linux dependencies	2025-08-25T17:38:01.0991680Z   libbz2-dev libcairo-script-interpreter2 libcairo2-dev libdatrie-dev
build	Install Linux dependencies	2025-08-25T17:38:01.0992439Z   libdbus-1-dev libdbusmenu-glib-dev libdeflate-dev libegl-dev libegl-mesa0
build	Install Linux dependencies	2025-08-25T17:38:01.0993764Z   libegl1 libegl1-mesa-dev libepoxy-dev libfontconfig-dev libfreetype-dev
build	Install Linux dependencies	2025-08-25T17:38:01.0994251Z   libfribidi-dev libgdk-pixbuf-2.0-dev libgdk-pixbuf2.0-bin
build	Install Linux dependencies	2025-08-25T17:38:01.0994723Z   libgirepository-1.0-dev libgirepository-2.0-0 libgirepository1.0-dev
build	Install Linux dependencies	2025-08-25T17:38:01.0995222Z   libgl-dev libgles-dev libgles1 libgles2 libglib2.0-dev libglib2.0-dev-bin
build	Install Linux dependencies	2025-08-25T17:38:01.0995726Z   libglvnd-core-dev libglvnd-dev libglx-dev libgraphite2-dev libgtk-3-dev
build	Install Linux dependencies	2025-08-25T17:38:01.0996252Z   libharfbuzz-cairo0 libharfbuzz-dev libharfbuzz-gobject0 libharfbuzz-icu0
build	Install Linux dependencies	2025-08-25T17:38:01.0996771Z   libharfbuzz-subset0 libice-dev libjbig-dev libjpeg-dev libjpeg-turbo8-dev
build	Install Linux dependencies	2025-08-25T17:38:01.0997286Z   libjpeg8-dev liblerc-dev liblzma-dev libmount-dev libopengl-dev libopengl0
build	Install Linux dependencies	2025-08-25T17:38:01.0997788Z   libpango1.0-dev libpangoxft-1.0-0 libpixman-1-dev libpng-dev libpng-tools
build	Install Linux dependencies	2025-08-25T17:38:01.0998257Z   libpthread-stubs0-dev librsvg2-2 librsvg2-common librsvg2-dev
build	Install Linux dependencies	2025-08-25T17:38:01.0998725Z   libselinux1-dev libsepol-dev libsharpyuv-dev libsm-dev libthai-dev
build	Install Linux dependencies	2025-08-25T17:38:01.0999185Z   libtiff-dev libtiffxx6 libwayland-bin libwayland-dev libwebp-dev
build	Install Linux dependencies	2025-08-25T17:38:01.0999651Z   libwebpdecoder3 libx11-dev libxau-dev libxcb-render0-dev libxcb-shm0-dev
build	Install Linux dependencies	2025-08-25T17:38:01.1000220Z   libxcb1-dev libxcomposite-dev libxcursor-dev libxdamage-dev libxdmcp-dev
build	Install Linux dependencies	2025-08-25T17:38:01.1000901Z   libxext-dev libxfixes-dev libxft-dev libxi-dev libxinerama-dev
build	Install Linux dependencies	2025-08-25T17:38:01.1001404Z   libxkbcommon-dev libxrandr-dev libxrender-dev libxtst-dev pango1.0-tools
build	Install Linux dependencies	2025-08-25T17:38:01.1001894Z   python3-mako python3-markdown uuid-dev wayland-protocols x11proto-dev
build	Install Linux dependencies	2025-08-25T17:38:01.1002295Z   xorg-sgml-doctools xtrans-dev
build	Install Linux dependencies	2025-08-25T17:38:01.1002799Z The following packages will be upgraded:
build	Install Linux dependencies	2025-08-25T17:38:01.1003468Z   libtiff6
build	Install Linux dependencies	2025-08-25T17:38:01.1198034Z 1 upgraded, 121 newly installed, 0 to remove and 26 not upgraded.
build	Install Linux dependencies	2025-08-25T17:38:01.1198739Z Need to get 16.7 MB of archives.
build	Install Linux dependencies	2025-08-25T17:38:01.1199480Z After this operation, 93.2 MB of additional disk space will be used.
build	Install Linux dependencies	2025-08-25T17:38:01.1200264Z Get:1 file:/etc/apt/apt-mirrors.txt Mirrorlist [144 B]
build	Install Linux dependencies	2025-08-25T17:38:01.2153993Z Get:2 http://azure.archive.ubuntu.com/ubuntu noble/main amd64 build-essential amd64 12.10ubuntu1 [4928 B]
build	Install Linux dependencies	2025-08-25T17:38:01.2957754Z Get:3 http://azure.archive.ubuntu.com/ubuntu noble-updates/main amd64 bzip2-doc all 1.0.8-5.1build0.1 [499 kB]
build	Install Linux dependencies	2025-08-25T17:38:01.4608923Z Get:4 http://azure.archive.ubuntu.com/ubuntu noble/main amd64 gir1.2-atk-1.0 amd64 2.52.0-1build1 [23.1 kB]
build	Install Linux dependencies	2025-08-25T17:38:01.5450159Z Get:5 http://azure.archive.ubuntu.com/ubuntu noble/main amd64 gir1.2-freedesktop amd64 1.80.1-1 [49.7 kB]
build	Install Linux dependencies	2025-08-25T17:38:01.6261304Z Get:6 http://azure.archive.ubuntu.com/ubuntu noble/main amd64 gir1.2-atspi-2.0 amd64 2.52.0-1build1 [19.8 kB]
build	Install Linux dependencies	2025-08-25T17:38:01.7070153Z Get:7 http://azure.archive.ubuntu.com/ubuntu noble-updates/main amd64 gir1.2-gdkpixbuf-2.0 amd64 2.42.10+dfsg-3ubuntu3.2 [9488 B]
build	Install Linux dependencies	2025-08-25T17:38:01.7867202Z Get:8 http://azure.archive.ubuntu.com/ubuntu noble/main amd64 libharfbuzz-gobject0 amd64 8.3.0-2build2 [34.3 kB]
build	Install Linux dependencies	2025-08-25T17:38:01.8674068Z Get:9 http://azure.archive.ubuntu.com/ubuntu noble/main amd64 gir1.2-harfbuzz-0.0 amd64 8.3.0-2build2 [44.5 kB]
build	Install Linux dependencies	2025-08-25T17:38:01.9480151Z Get:10 http://azure.archive.ubuntu.com/ubuntu noble/main amd64 libpangoxft-1.0-0 amd64 1.52.1+ds-1build1 [20.3 kB]
build	Install Linux dependencies	2025-08-25T17:38:02.0281504Z Get:11 http://azure.archive.ubuntu.com/ubuntu noble/main amd64 gir1.2-pango-1.0 amd64 1.52.1+ds-1build1 [34.8 kB]
build	Install Linux dependencies	2025-08-25T17:38:02.1090072Z Get:12 http://azure.archive.ubuntu.com/ubuntu noble-updates/main amd64 gir1.2-gtk-3.0 amd64 3.24.41-4ubuntu1.3 [245 kB]
build	Install Linux dependencies	2025-08-25T17:38:02.1950638Z Get:13 http://azure.archive.ubuntu.com/ubuntu noble/main amd64 libayatana-ido3-0.4-0 amd64 0.10.1-1build2 [56.6 kB]
build	Install Linux dependencies	2025-08-25T17:38:02.2761066Z Get:14 http://azure.archive.ubuntu.com/ubuntu noble/main amd64 libayatana-indicator3-7 amd64 0.9.4-1build1 [31.7 kB]
build	Install Linux dependencies	2025-08-25T17:38:02.3566024Z Get:15 http://azure.archive.ubuntu.com/ubuntu noble/main amd64 libayatana-appindicator3-1 amd64 0.5.93-1build3 [24.7 kB]
build	Install Linux dependencies	2025-08-25T17:38:02.4373900Z Get:16 http://azure.archive.ubuntu.com/ubuntu noble/main amd64 gir1.2-ayatanaappindicator3-0.1 amd64 0.5.93-1build3 [5838 B]
build	Install Linux dependencies	2025-08-25T17:38:02.5181727Z Get:17 http://azure.archive.ubuntu.com/ubuntu noble/main amd64 gir1.2-ayatanaido3-0.4 amd64 0.10.1-1build2 [6410 B]
build	Install Linux dependencies	2025-08-25T17:38:02.5987230Z Get:18 http://azure.archive.ubuntu.com/ubuntu noble/main amd64 gir1.2-dbusmenu-glib-0.4 amd64 18.10.20180917~bzr492+repack1-3.1ubuntu5 [7088 B]
build	Install Linux dependencies	2025-08-25T17:38:02.6799011Z Get:19 http://azure.archive.ubuntu.com/ubuntu noble-updates/main amd64 gir1.2-glib-2.0-dev amd64 2.80.0-6ubuntu3.4 [848 kB]
build	Install Linux dependencies	2025-08-25T17:38:02.8439999Z Get:20 http://azure.archive.ubuntu.com/ubuntu noble/main amd64 gir1.2-freedesktop-dev amd64 1.80.1-1 [28.8 kB]
build	Install Linux dependencies	2025-08-25T17:38:02.9248030Z Get:21 http://azure.archive.ubuntu.com/ubuntu noble/main amd64 gir1.2-girepository-2.0-dev amd64 1.80.1-1 [41.5 kB]
build	Install Linux dependencies	2025-08-25T17:38:03.0064107Z Get:22 http://azure.archive.ubuntu.com/ubuntu noble/main amd64 librsvg2-2 amd64 2.58.0+dfsg-1build1 [2135 kB]
build	Install Linux dependencies	2025-08-25T17:38:03.2593426Z Get:23 http://azure.archive.ubuntu.com/ubuntu noble/main amd64 gir1.2-rsvg-2.0 amd64 2.58.0+dfsg-1build1 [11.1 kB]
build	Install Linux dependencies	2025-08-25T17:38:03.3395575Z Get:24 http://azure.archive.ubuntu.com/ubuntu noble/main amd64 python3-mako all 1.3.2-1 [63.3 kB]
build	Install Linux dependencies	2025-08-25T17:38:03.4209661Z Get:25 http://azure.archive.ubuntu.com/ubuntu noble/main amd64 python3-markdown all 3.5.2-1 [72.0 kB]
build	Install Linux dependencies	2025-08-25T17:38:03.5093793Z Get:26 http://azure.archive.ubuntu.com/ubuntu noble/main amd64 gobject-introspection-bin amd64 1.80.1-1 [254 kB]
build	Install Linux dependencies	2025-08-25T17:38:03.5948780Z Get:27 http://azure.archive.ubuntu.com/ubuntu noble-updates/main amd64 libglib2.0-dev-bin amd64 2.80.0-6ubuntu3.4 [138 kB]
build	Install Linux dependencies	2025-08-25T17:38:03.6765378Z Get:28 http://azure.archive.ubuntu.com/ubuntu noble-updates/main amd64 uuid-dev amd64 2.39.3-9ubuntu6.3 [33.5 kB]
build	Install Linux dependencies	2025-08-25T17:38:03.7590424Z Get:29 http://azure.archive.ubuntu.com/ubuntu noble-updates/main amd64 libblkid-dev amd64 2.39.3-9ubuntu6.3 [204 kB]
build	Install Linux dependencies	2025-08-25T17:38:03.8423835Z Get:30 http://azure.archive.ubuntu.com/ubuntu noble/main amd64 libsepol-dev amd64 3.5-2build1 [384 kB]
build	Install Linux dependencies	2025-08-25T17:38:03.9270626Z Get:31 http://azure.archive.ubuntu.com/ubuntu noble-updates/main amd64 libselinux1-dev amd64 3.5-2ubuntu2.1 [164 kB]
build	Install Linux dependencies	2025-08-25T17:38:04.0101578Z Get:32 http://azure.archive.ubuntu.com/ubuntu noble-updates/main amd64 libmount-dev amd64 2.39.3-9ubuntu6.3 [14.9 kB]
build	Install Linux dependencies	2025-08-25T17:38:04.0917922Z Get:33 http://azure.archive.ubuntu.com/ubuntu noble-updates/main amd64 libgirepository-2.0-0 amd64 2.80.0-6ubuntu3.4 [73.6 kB]
build	Install Linux dependencies	2025-08-25T17:38:04.1749585Z Get:34 http://azure.archive.ubuntu.com/ubuntu noble-updates/main amd64 libglib2.0-dev amd64 2.80.0-6ubuntu3.4 [1860 kB]
build	Install Linux dependencies	2025-08-25T17:38:04.4999677Z Get:35 http://azure.archive.ubuntu.com/ubuntu noble/main amd64 gobject-introspection amd64 1.80.1-1 [105 kB]
build	Install Linux dependencies	2025-08-25T17:38:04.5866630Z Get:36 http://azure.archive.ubuntu.com/ubuntu noble/main amd64 libatk1.0-dev amd64 2.52.0-1build1 [100 kB]
build	Install Linux dependencies	2025-08-25T17:38:04.6714468Z Get:37 http://azure.archive.ubuntu.com/ubuntu noble-updates/main amd64 libdbus-1-dev amd64 1.14.10-4ubuntu4.1 [190 kB]
build	Install Linux dependencies	2025-08-25T17:38:04.7583344Z Get:38 http://azure.archive.ubuntu.com/ubuntu noble/main amd64 xorg-sgml-doctools all 1:1.11-1.1 [10.9 kB]
build	Install Linux dependencies	2025-08-25T17:38:04.8393667Z Get:39 http://azure.archive.ubuntu.com/ubuntu noble/main amd64 x11proto-dev all 2023.2-1 [602 kB]
build	Install Linux dependencies	2025-08-25T17:38:05.0047632Z Get:40 http://azure.archive.ubuntu.com/ubuntu noble/main amd64 libxau-dev amd64 1:1.0.9-1build6 [9570 B]
build	Install Linux dependencies	2025-08-25T17:38:05.0856970Z Get:41 http://azure.archive.ubuntu.com/ubuntu noble/main amd64 libxdmcp-dev amd64 1:1.1.3-0ubuntu6 [26.5 kB]
build	Install Linux dependencies	2025-08-25T17:38:05.1670368Z Get:42 http://azure.archive.ubuntu.com/ubuntu noble/main amd64 xtrans-dev all 1.4.0-1 [68.9 kB]
build	Install Linux dependencies	2025-08-25T17:38:05.2485512Z Get:43 http://azure.archive.ubuntu.com/ubuntu noble/main amd64 libpthread-stubs0-dev amd64 0.4-1build3 [4746 B]
build	Install Linux dependencies	2025-08-25T17:38:05.3296979Z Get:44 http://azure.archive.ubuntu.com/ubuntu noble/main amd64 libxcb1-dev amd64 1.15-1ubuntu2 [85.8 kB]
build	Install Linux dependencies	2025-08-25T17:38:05.4115137Z Get:45 http://azure.archive.ubuntu.com/ubuntu noble/main amd64 libx11-dev amd64 2:1.8.7-1build1 [732 kB]
build	Install Linux dependencies	2025-08-25T17:38:05.5803346Z Get:46 http://azure.archive.ubuntu.com/ubuntu noble/main amd64 libxext-dev amd64 2:1.3.4-1build2 [83.5 kB]
build	Install Linux dependencies	2025-08-25T17:38:05.6618241Z Get:47 http://azure.archive.ubuntu.com/ubuntu noble/main amd64 libxfixes-dev amd64 1:6.0.0-2build1 [12.1 kB]
build	Install Linux dependencies	2025-08-25T17:38:05.7427631Z Get:48 http://azure.archive.ubuntu.com/ubuntu noble/main amd64 libxi-dev amd64 2:1.8.1-1build1 [194 kB]
build	Install Linux dependencies	2025-08-25T17:38:05.8257295Z Get:49 http://azure.archive.ubuntu.com/ubuntu noble/main amd64 libxtst-dev amd64 2:1.2.3-1.1build1 [15.9 kB]
build	Install Linux dependencies	2025-08-25T17:38:05.9063622Z Get:50 http://azure.archive.ubuntu.com/ubuntu noble/main amd64 libatspi2.0-dev amd64 2.52.0-1build1 [76.2 kB]
build	Install Linux dependencies	2025-08-25T17:38:05.9876585Z Get:51 http://azure.archive.ubuntu.com/ubuntu noble/main amd64 libatk-bridge2.0-dev amd64 2.52.0-1build1 [4284 B]
build	Install Linux dependencies	2025-08-25T17:38:06.0683146Z Get:52 http://azure.archive.ubuntu.com/ubuntu noble/main amd64 libcairo-script-interpreter2 amd64 1.18.0-3build1 [60.3 kB]
build	Install Linux dependencies	2025-08-25T17:38:06.1491990Z Get:53 http://azure.archive.ubuntu.com/ubuntu noble/main amd64 libbrotli-dev amd64 1.1.0-2build2 [353 kB]
build	Install Linux dependencies	2025-08-25T17:38:06.2325743Z Get:54 http://azure.archive.ubuntu.com/ubuntu noble-updates/main amd64 libbz2-dev amd64 1.0.8-5.1build0.1 [33.6 kB]
build	Install Linux dependencies	2025-08-25T17:38:06.3135067Z Get:55 http://azure.archive.ubuntu.com/ubuntu noble/main amd64 libpng-dev amd64 1.6.43-5build1 [264 kB]
build	Install Linux dependencies	2025-08-25T17:38:06.3962827Z Get:56 http://azure.archive.ubuntu.com/ubuntu noble/main amd64 libfreetype-dev amd64 2.13.2+dfsg-1build3 [575 kB]
build	Install Linux dependencies	2025-08-25T17:38:06.5595631Z Get:57 http://azure.archive.ubuntu.com/ubuntu noble/main amd64 libfontconfig-dev amd64 2.15.0-1.1ubuntu2 [161 kB]
build	Install Linux dependencies	2025-08-25T17:38:06.6426304Z Get:58 http://azure.archive.ubuntu.com/ubuntu noble/main amd64 libpixman-1-dev amd64 0.42.2-1build1 [296 kB]
build	Install Linux dependencies	2025-08-25T17:38:06.7280784Z Get:59 http://azure.archive.ubuntu.com/ubuntu noble/main amd64 libice-dev amd64 2:1.0.10-1build3 [51.0 kB]
build	Install Linux dependencies	2025-08-25T17:38:06.8095093Z Get:60 http://azure.archive.ubuntu.com/ubuntu noble/main amd64 libsm-dev amd64 2:1.2.3-1build3 [17.8 kB]
build	Install Linux dependencies	2025-08-25T17:38:06.8909276Z Get:61 http://azure.archive.ubuntu.com/ubuntu noble/main amd64 libxcb-render0-dev amd64 1.15-1ubuntu2 [19.6 kB]
build	Install Linux dependencies	2025-08-25T17:38:06.9719137Z Get:62 http://azure.archive.ubuntu.com/ubuntu noble/main amd64 libxcb-shm0-dev amd64 1.15-1ubuntu2 [8246 B]
build	Install Linux dependencies	2025-08-25T17:38:07.0527571Z Get:63 http://azure.archive.ubuntu.com/ubuntu noble/main amd64 libxrender-dev amd64 1:0.9.10-1.1build1 [26.3 kB]
build	Install Linux dependencies	2025-08-25T17:38:07.1334349Z Get:64 http://azure.archive.ubuntu.com/ubuntu noble/main amd64 libcairo2-dev amd64 1.18.0-3build1 [41.1 kB]
build	Install Linux dependencies	2025-08-25T17:38:07.2142775Z Get:65 http://azure.archive.ubuntu.com/ubuntu noble-updates/main amd64 libegl-mesa0 amd64 25.0.7-0ubuntu0.24.04.1 [124 kB]
build	Install Linux dependencies	2025-08-25T17:38:07.2959679Z Get:66 http://azure.archive.ubuntu.com/ubuntu noble/main amd64 libegl1 amd64 1.7.0-1build1 [28.7 kB]
build	Install Linux dependencies	2025-08-25T17:38:07.3778660Z Get:67 http://azure.archive.ubuntu.com/ubuntu noble/main amd64 libglx-dev amd64 1.7.0-1build1 [14.2 kB]
build	Install Linux dependencies	2025-08-25T17:38:07.4583910Z Get:68 http://azure.archive.ubuntu.com/ubuntu noble/main amd64 libgl-dev amd64 1.7.0-1build1 [102 kB]
build	Install Linux dependencies	2025-08-25T17:38:07.5401657Z Get:69 http://azure.archive.ubuntu.com/ubuntu noble/main amd64 libegl-dev amd64 1.7.0-1build1 [18.2 kB]
build	Install Linux dependencies	2025-08-25T17:38:07.6411001Z Get:70 http://azure.archive.ubuntu.com/ubuntu noble/main amd64 libglvnd-core-dev amd64 1.7.0-1build1 [13.6 kB]
build	Install Linux dependencies	2025-08-25T17:38:07.7243353Z Get:71 http://azure.archive.ubuntu.com/ubuntu noble/main amd64 libgles1 amd64 1.7.0-1build1 [11.6 kB]
build	Install Linux dependencies	2025-08-25T17:38:07.8057157Z Get:72 http://azure.archive.ubuntu.com/ubuntu noble/main amd64 libgles2 amd64 1.7.0-1build1 [17.1 kB]
build	Install Linux dependencies	2025-08-25T17:38:07.8864775Z Get:73 http://azure.archive.ubuntu.com/ubuntu noble/main amd64 libgles-dev amd64 1.7.0-1build1 [50.5 kB]
build	Install Linux dependencies	2025-08-25T17:38:07.9689763Z Get:74 http://azure.archive.ubuntu.com/ubuntu noble/main amd64 libopengl0 amd64 1.7.0-1build1 [32.8 kB]
build	Install Linux dependencies	2025-08-25T17:38:08.0505581Z Get:75 http://azure.archive.ubuntu.com/ubuntu noble/main amd64 libopengl-dev amd64 1.7.0-1build1 [3454 B]
build	Install Linux dependencies	2025-08-25T17:38:08.1334726Z Get:76 http://azure.archive.ubuntu.com/ubuntu noble/main amd64 libglvnd-dev amd64 1.7.0-1build1 [3198 B]
build	Install Linux dependencies	2025-08-25T17:38:08.2146435Z Get:77 http://azure.archive.ubuntu.com/ubuntu noble-updates/main amd64 libegl1-mesa-dev amd64 25.0.7-0ubuntu0.24.04.1 [25.0 kB]
build	Install Linux dependencies	2025-08-25T17:38:08.3064842Z Get:78 http://azure.archive.ubuntu.com/ubuntu noble/main amd64 libepoxy-dev amd64 1.5.10-1build1 [132 kB]
build	Install Linux dependencies	2025-08-25T17:38:08.3916165Z Get:79 http://azure.archive.ubuntu.com/ubuntu noble/main amd64 libfribidi-dev amd64 1.0.13-3build1 [64.8 kB]
build	Install Linux dependencies	2025-08-25T17:38:08.4746727Z Get:80 http://azure.archive.ubuntu.com/ubuntu noble-updates/main amd64 libgdk-pixbuf2.0-bin amd64 2.42.10+dfsg-3ubuntu3.2 [13.9 kB]
build	Install Linux dependencies	2025-08-25T17:38:08.5564096Z Get:81 http://azure.archive.ubuntu.com/ubuntu noble/main amd64 libjpeg-turbo8-dev amd64 2.1.5-2ubuntu2 [295 kB]
build	Install Linux dependencies	2025-08-25T17:38:08.6460682Z Get:82 http://azure.archive.ubuntu.com/ubuntu noble/main amd64 libjpeg8-dev amd64 8c-2ubuntu11 [1484 B]
build	Install Linux dependencies	2025-08-25T17:38:08.7276554Z Get:83 http://azure.archive.ubuntu.com/ubuntu noble/main amd64 libjpeg-dev amd64 8c-2ubuntu11 [1482 B]
build	Install Linux dependencies	2025-08-25T17:38:08.8089575Z Get:84 http://azure.archive.ubuntu.com/ubuntu noble/main amd64 libjbig-dev amd64 2.1-6.1ubuntu2 [27.9 kB]
build	Install Linux dependencies	2025-08-25T17:38:08.8908589Z Get:85 http://azure.archive.ubuntu.com/ubuntu noble-updates/main amd64 liblzma-dev amd64 5.6.1+really5.4.5-1ubuntu0.2 [176 kB]
build	Install Linux dependencies	2025-08-25T17:38:08.9744485Z Get:86 http://azure.archive.ubuntu.com/ubuntu noble/main amd64 libwebpdecoder3 amd64 1.3.2-0.4build3 [114 kB]
build	Install Linux dependencies	2025-08-25T17:38:09.0568198Z Get:87 http://azure.archive.ubuntu.com/ubuntu noble/main amd64 libsharpyuv-dev amd64 1.3.2-0.4build3 [16.0 kB]
build	Install Linux dependencies	2025-08-25T17:38:09.1383104Z Get:88 http://azure.archive.ubuntu.com/ubuntu noble/main amd64 libwebp-dev amd64 1.3.2-0.4build3 [367 kB]
build	Install Linux dependencies	2025-08-25T17:38:09.2293021Z Get:89 http://azure.archive.ubuntu.com/ubuntu noble-updates/main amd64 libtiff6 amd64 4.5.1+git230720-4ubuntu2.3 [199 kB]
build	Install Linux dependencies	2025-08-25T17:38:09.3204401Z Get:90 http://azure.archive.ubuntu.com/ubuntu noble-updates/main amd64 libtiffxx6 amd64 4.5.1+git230720-4ubuntu2.3 [5642 B]
build	Install Linux dependencies	2025-08-25T17:38:09.4023064Z Get:91 http://azure.archive.ubuntu.com/ubuntu noble-updates/main amd64 libdeflate-dev amd64 1.19-1build1.1 [50.9 kB]
build	Install Linux dependencies	2025-08-25T17:38:09.4850609Z Get:92 http://azure.archive.ubuntu.com/ubuntu noble/main amd64 liblerc-dev amd64 4.0.0+ds-4ubuntu2 [182 kB]
build	Install Linux dependencies	2025-08-25T17:38:09.5707674Z Get:93 http://azure.archive.ubuntu.com/ubuntu noble-updates/main amd64 libtiff-dev amd64 4.5.1+git230720-4ubuntu2.3 [338 kB]
build	Install Linux dependencies	2025-08-25T17:38:09.7314133Z Get:94 http://azure.archive.ubuntu.com/ubuntu noble-updates/main amd64 libgdk-pixbuf-2.0-dev amd64 2.42.10+dfsg-3ubuntu3.2 [48.0 kB]
build	Install Linux dependencies	2025-08-25T17:38:09.8128202Z Get:95 http://azure.archive.ubuntu.com/ubuntu noble/main amd64 libharfbuzz-icu0 amd64 8.3.0-2build2 [13.3 kB]
build	Install Linux dependencies	2025-08-25T17:38:09.9270985Z Get:96 http://azure.archive.ubuntu.com/ubuntu noble/main amd64 libharfbuzz-subset0 amd64 8.3.0-2build2 [448 kB]
build	Install Linux dependencies	2025-08-25T17:38:10.0910858Z Get:97 http://azure.archive.ubuntu.com/ubuntu noble/main amd64 libharfbuzz-cairo0 amd64 8.3.0-2build2 [26.2 kB]
build	Install Linux dependencies	2025-08-25T17:38:10.1724720Z Get:98 http://azure.archive.ubuntu.com/ubuntu noble/main amd64 libgraphite2-dev amd64 1.3.14-2build1 [14.7 kB]
build	Install Linux dependencies	2025-08-25T17:38:10.2534203Z Get:99 http://azure.archive.ubuntu.com/ubuntu noble/main amd64 libharfbuzz-dev amd64 8.3.0-2build2 [142 kB]
build	Install Linux dependencies	2025-08-25T17:38:10.3411073Z Get:100 http://azure.archive.ubuntu.com/ubuntu noble/main amd64 libdatrie-dev amd64 0.2.13-3build1 [19.4 kB]
build	Install Linux dependencies	2025-08-25T17:38:10.4225360Z Get:101 http://azure.archive.ubuntu.com/ubuntu noble/main amd64 libthai-dev amd64 0.1.29-2build1 [26.6 kB]
build	Install Linux dependencies	2025-08-25T17:38:10.5043732Z Get:102 http://azure.archive.ubuntu.com/ubuntu noble/main amd64 libxft-dev amd64 2.3.6-1build1 [64.3 kB]
build	Install Linux dependencies	2025-08-25T17:38:10.5888702Z Get:103 http://azure.archive.ubuntu.com/ubuntu noble/main amd64 pango1.0-tools amd64 1.52.1+ds-1build1 [36.7 kB]
build	Install Linux dependencies	2025-08-25T17:38:10.6704561Z Get:104 http://azure.archive.ubuntu.com/ubuntu noble/main amd64 libpango1.0-dev amd64 1.52.1+ds-1build1 [147 kB]
build	Install Linux dependencies	2025-08-25T17:38:10.7529975Z Get:105 http://azure.archive.ubuntu.com/ubuntu noble/main amd64 libwayland-bin amd64 1.22.0-2.1build1 [20.6 kB]
build	Install Linux dependencies	2025-08-25T17:38:10.8331593Z Get:106 http://azure.archive.ubuntu.com/ubuntu noble/main amd64 libwayland-dev amd64 1.22.0-2.1build1 [71.3 kB]
build	Install Linux dependencies	2025-08-25T17:38:10.9146731Z Get:107 http://azure.archive.ubuntu.com/ubuntu noble/main amd64 libxcomposite-dev amd64 1:0.4.5-1build3 [9374 B]
build	Install Linux dependencies	2025-08-25T17:38:10.9956673Z Get:108 http://azure.archive.ubuntu.com/ubuntu noble/main amd64 libxcursor-dev amd64 1:1.2.1-1build1 [31.8 kB]
build	Install Linux dependencies	2025-08-25T17:38:11.0768674Z Get:109 http://azure.archive.ubuntu.com/ubuntu noble/main amd64 libxdamage-dev amd64 1:1.1.6-1build1 [5270 B]
build	Install Linux dependencies	2025-08-25T17:38:11.1623992Z Get:110 http://azure.archive.ubuntu.com/ubuntu noble/main amd64 libxinerama-dev amd64 2:1.1.4-3build1 [7988 B]
build	Install Linux dependencies	2025-08-25T17:38:11.2426934Z Get:111 http://azure.archive.ubuntu.com/ubuntu noble/main amd64 libxkbcommon-dev amd64 1.6.0-1build1 [56.3 kB]
build	Install Linux dependencies	2025-08-25T17:38:11.3239485Z Get:112 http://azure.archive.ubuntu.com/ubuntu noble/main amd64 libxrandr-dev amd64 2:1.5.2-2build1 [26.4 kB]
build	Install Linux dependencies	2025-08-25T17:38:11.4088960Z Get:113 http://azure.archive.ubuntu.com/ubuntu noble-updates/main amd64 wayland-protocols all 1.38-1~ubuntu0.24.04.1 [93.0 kB]
build	Install Linux dependencies	2025-08-25T17:38:11.5327822Z Get:114 http://azure.archive.ubuntu.com/ubuntu noble-updates/main amd64 libgtk-3-dev amd64 3.24.41-4ubuntu1.3 [1096 kB]
build	Install Linux dependencies	2025-08-25T17:38:11.7734971Z Get:115 http://azure.archive.ubuntu.com/ubuntu noble/main amd64 libayatana-ido3-dev amd64 0.10.1-1build2 [14.2 kB]
build	Install Linux dependencies	2025-08-25T17:38:11.8544232Z Get:116 http://azure.archive.ubuntu.com/ubuntu noble/main amd64 libayatana-indicator3-dev amd64 0.9.4-1build1 [6956 B]
build	Install Linux dependencies	2025-08-25T17:38:11.9353965Z Get:117 http://azure.archive.ubuntu.com/ubuntu noble/main amd64 libdbusmenu-glib-dev amd64 18.10.20180917~bzr492+repack1-3.1ubuntu5 [70.6 kB]
build	Install Linux dependencies	2025-08-25T17:38:12.0166706Z Get:118 http://azure.archive.ubuntu.com/ubuntu noble/main amd64 libayatana-appindicator3-dev amd64 0.5.93-1build3 [14.9 kB]
build	Install Linux dependencies	2025-08-25T17:38:12.0973353Z Get:119 http://azure.archive.ubuntu.com/ubuntu noble/main amd64 libgirepository-1.0-dev amd64 1.80.1-1 [28.5 kB]
build	Install Linux dependencies	2025-08-25T17:38:12.1804148Z Get:120 http://azure.archive.ubuntu.com/ubuntu noble/main amd64 libgirepository1.0-dev amd64 1.80.1-1 [17.0 kB]
build	Install Linux dependencies	2025-08-25T17:38:12.2625696Z Get:121 http://azure.archive.ubuntu.com/ubuntu noble/main amd64 libpng-tools amd64 1.6.43-5build1 [28.5 kB]
build	Install Linux dependencies	2025-08-25T17:38:12.3462070Z Get:122 http://azure.archive.ubuntu.com/ubuntu noble/main amd64 librsvg2-common amd64 2.58.0+dfsg-1build1 [11.8 kB]
build	Install Linux dependencies	2025-08-25T17:38:12.4266706Z Get:123 http://azure.archive.ubuntu.com/ubuntu noble/universe amd64 librsvg2-dev amd64 2.58.0+dfsg-1build1 [38.0 kB]
build	Install Linux dependencies	2025-08-25T17:38:12.7903008Z Fetched 16.7 MB in 11s (1479 kB/s)
build	Install Linux dependencies	2025-08-25T17:38:12.8115984Z Selecting previously unselected package build-essential.
build	Install Linux dependencies	2025-08-25T17:38:12.8301368Z (Reading database ... 
build	Install Linux dependencies	2025-08-25T17:38:12.8301830Z (Reading database ... 5%
build	Install Linux dependencies	2025-08-25T17:38:12.8302147Z (Reading database ... 10%
build	Install Linux dependencies	2025-08-25T17:38:12.8302518Z (Reading database ... 15%
build	Install Linux dependencies	2025-08-25T17:38:12.8303070Z (Reading database ... 20%
build	Install Linux dependencies	2025-08-25T17:38:12.8303487Z (Reading database ... 25%
build	Install Linux dependencies	2025-08-25T17:38:12.8303724Z (Reading database ... 30%
build	Install Linux dependencies	2025-08-25T17:38:12.8303985Z (Reading database ... 35%
build	Install Linux dependencies	2025-08-25T17:38:12.8304381Z (Reading database ... 40%
build	Install Linux dependencies	2025-08-25T17:38:12.8304747Z (Reading database ... 45%
build	Install Linux dependencies	2025-08-25T17:38:12.8305025Z (Reading database ... 50%
build	Install Linux dependencies	2025-08-25T17:38:12.8360398Z (Reading database ... 55%
build	Install Linux dependencies	2025-08-25T17:38:12.8614612Z (Reading database ... 60%
build	Install Linux dependencies	2025-08-25T17:38:12.8818832Z (Reading database ... 65%
build	Install Linux dependencies	2025-08-25T17:38:12.9014857Z (Reading database ... 70%
build	Install Linux dependencies	2025-08-25T17:38:12.9229626Z (Reading database ... 75%
build	Install Linux dependencies	2025-08-25T17:38:12.9434337Z (Reading database ... 80%
build	Install Linux dependencies	2025-08-25T17:38:12.9738570Z (Reading database ... 85%
build	Install Linux dependencies	2025-08-25T17:38:12.9998067Z (Reading database ... 90%
build	Install Linux dependencies	2025-08-25T17:38:13.0426765Z (Reading database ... 95%
build	Install Linux dependencies	2025-08-25T17:38:13.0427232Z (Reading database ... 100%
build	Install Linux dependencies	2025-08-25T17:38:13.0427916Z (Reading database ... 219830 files and directories currently installed.)
build	Install Linux dependencies	2025-08-25T17:38:13.0468166Z Preparing to unpack .../000-build-essential_12.10ubuntu1_amd64.deb ...
build	Install Linux dependencies	2025-08-25T17:38:13.0493386Z Unpacking build-essential (12.10ubuntu1) ...
build	Install Linux dependencies	2025-08-25T17:38:13.0727283Z Selecting previously unselected package bzip2-doc.
build	Install Linux dependencies	2025-08-25T17:38:13.0856979Z Preparing to unpack .../001-bzip2-doc_1.0.8-5.1build0.1_all.deb ...
build	Install Linux dependencies	2025-08-25T17:38:13.0866426Z Unpacking bzip2-doc (1.0.8-5.1build0.1) ...
build	Install Linux dependencies	2025-08-25T17:38:13.1123048Z Selecting previously unselected package gir1.2-atk-1.0:amd64.
build	Install Linux dependencies	2025-08-25T17:38:13.1255428Z Preparing to unpack .../002-gir1.2-atk-1.0_2.52.0-1build1_amd64.deb ...
build	Install Linux dependencies	2025-08-25T17:38:13.1268657Z Unpacking gir1.2-atk-1.0:amd64 (2.52.0-1build1) ...
build	Install Linux dependencies	2025-08-25T17:38:13.1479858Z Selecting previously unselected package gir1.2-freedesktop:amd64.
build	Install Linux dependencies	2025-08-25T17:38:13.1611434Z Preparing to unpack .../003-gir1.2-freedesktop_1.80.1-1_amd64.deb ...
build	Install Linux dependencies	2025-08-25T17:38:13.1624709Z Unpacking gir1.2-freedesktop:amd64 (1.80.1-1) ...
build	Install Linux dependencies	2025-08-25T17:38:13.1846679Z Selecting previously unselected package gir1.2-atspi-2.0:amd64.
build	Install Linux dependencies	2025-08-25T17:38:13.1979381Z Preparing to unpack .../004-gir1.2-atspi-2.0_2.52.0-1build1_amd64.deb ...
build	Install Linux dependencies	2025-08-25T17:38:13.1992091Z Unpacking gir1.2-atspi-2.0:amd64 (2.52.0-1build1) ...
build	Install Linux dependencies	2025-08-25T17:38:13.2206254Z Selecting previously unselected package gir1.2-gdkpixbuf-2.0:amd64.
build	Install Linux dependencies	2025-08-25T17:38:13.2339029Z Preparing to unpack .../005-gir1.2-gdkpixbuf-2.0_2.42.10+dfsg-3ubuntu3.2_amd64.deb ...
build	Install Linux dependencies	2025-08-25T17:38:13.2348954Z Unpacking gir1.2-gdkpixbuf-2.0:amd64 (2.42.10+dfsg-3ubuntu3.2) ...
build	Install Linux dependencies	2025-08-25T17:38:13.2575143Z Selecting previously unselected package libharfbuzz-gobject0:amd64.
build	Install Linux dependencies	2025-08-25T17:38:13.2706632Z Preparing to unpack .../006-libharfbuzz-gobject0_8.3.0-2build2_amd64.deb ...
build	Install Linux dependencies	2025-08-25T17:38:13.2731565Z Unpacking libharfbuzz-gobject0:amd64 (8.3.0-2build2) ...
build	Install Linux dependencies	2025-08-25T17:38:13.2958347Z Selecting previously unselected package gir1.2-harfbuzz-0.0:amd64.
build	Install Linux dependencies	2025-08-25T17:38:13.3089784Z Preparing to unpack .../007-gir1.2-harfbuzz-0.0_8.3.0-2build2_amd64.deb ...
build	Install Linux dependencies	2025-08-25T17:38:13.3101662Z Unpacking gir1.2-harfbuzz-0.0:amd64 (8.3.0-2build2) ...
build	Install Linux dependencies	2025-08-25T17:38:13.3325144Z Selecting previously unselected package libpangoxft-1.0-0:amd64.
build	Install Linux dependencies	2025-08-25T17:38:13.3456058Z Preparing to unpack .../008-libpangoxft-1.0-0_1.52.1+ds-1build1_amd64.deb ...
build	Install Linux dependencies	2025-08-25T17:38:13.3471167Z Unpacking libpangoxft-1.0-0:amd64 (1.52.1+ds-1build1) ...
build	Install Linux dependencies	2025-08-25T17:38:13.3725350Z Selecting previously unselected package gir1.2-pango-1.0:amd64.
build	Install Linux dependencies	2025-08-25T17:38:13.3854310Z Preparing to unpack .../009-gir1.2-pango-1.0_1.52.1+ds-1build1_amd64.deb ...
build	Install Linux dependencies	2025-08-25T17:38:13.3866331Z Unpacking gir1.2-pango-1.0:amd64 (1.52.1+ds-1build1) ...
build	Install Linux dependencies	2025-08-25T17:38:13.4086963Z Selecting previously unselected package gir1.2-gtk-3.0:amd64.
build	Install Linux dependencies	2025-08-25T17:38:13.4217802Z Preparing to unpack .../010-gir1.2-gtk-3.0_3.24.41-4ubuntu1.3_amd64.deb ...
build	Install Linux dependencies	2025-08-25T17:38:13.4228633Z Unpacking gir1.2-gtk-3.0:amd64 (3.24.41-4ubuntu1.3) ...
build	Install Linux dependencies	2025-08-25T17:38:13.4507905Z Selecting previously unselected package libayatana-ido3-0.4-0:amd64.
build	Install Linux dependencies	2025-08-25T17:38:13.4639776Z Preparing to unpack .../011-libayatana-ido3-0.4-0_0.10.1-1build2_amd64.deb ...
build	Install Linux dependencies	2025-08-25T17:38:13.4651823Z Unpacking libayatana-ido3-0.4-0:amd64 (0.10.1-1build2) ...
build	Install Linux dependencies	2025-08-25T17:38:13.4912336Z Selecting previously unselected package libayatana-indicator3-7:amd64.
build	Install Linux dependencies	2025-08-25T17:38:13.5045168Z Preparing to unpack .../012-libayatana-indicator3-7_0.9.4-1build1_amd64.deb ...
build	Install Linux dependencies	2025-08-25T17:38:13.5056893Z Unpacking libayatana-indicator3-7:amd64 (0.9.4-1build1) ...
build	Install Linux dependencies	2025-08-25T17:38:13.5280458Z Selecting previously unselected package libayatana-appindicator3-1.
build	Install Linux dependencies	2025-08-25T17:38:13.5413179Z Preparing to unpack .../013-libayatana-appindicator3-1_0.5.93-1build3_amd64.deb ...
build	Install Linux dependencies	2025-08-25T17:38:13.5426431Z Unpacking libayatana-appindicator3-1 (0.5.93-1build3) ...
build	Install Linux dependencies	2025-08-25T17:38:13.5655533Z Selecting previously unselected package gir1.2-ayatanaappindicator3-0.1.
build	Install Linux dependencies	2025-08-25T17:38:13.5787509Z Preparing to unpack .../014-gir1.2-ayatanaappindicator3-0.1_0.5.93-1build3_amd64.deb ...
build	Install Linux dependencies	2025-08-25T17:38:13.5798906Z Unpacking gir1.2-ayatanaappindicator3-0.1 (0.5.93-1build3) ...
build	Install Linux dependencies	2025-08-25T17:38:13.6005626Z Selecting previously unselected package gir1.2-ayatanaido3-0.4:amd64.
build	Install Linux dependencies	2025-08-25T17:38:13.6136096Z Preparing to unpack .../015-gir1.2-ayatanaido3-0.4_0.10.1-1build2_amd64.deb ...
build	Install Linux dependencies	2025-08-25T17:38:13.6145771Z Unpacking gir1.2-ayatanaido3-0.4:amd64 (0.10.1-1build2) ...
build	Install Linux dependencies	2025-08-25T17:38:13.6345551Z Selecting previously unselected package gir1.2-dbusmenu-glib-0.4:amd64.
build	Install Linux dependencies	2025-08-25T17:38:13.6477468Z Preparing to unpack .../016-gir1.2-dbusmenu-glib-0.4_18.10.20180917~bzr492+repack1-3.1ubuntu5_amd64.deb ...
build	Install Linux dependencies	2025-08-25T17:38:13.6487698Z Unpacking gir1.2-dbusmenu-glib-0.4:amd64 (18.10.20180917~bzr492+repack1-3.1ubuntu5) ...
build	Install Linux dependencies	2025-08-25T17:38:13.6689749Z Selecting previously unselected package gir1.2-glib-2.0-dev:amd64.
build	Install Linux dependencies	2025-08-25T17:38:13.6821676Z Preparing to unpack .../017-gir1.2-glib-2.0-dev_2.80.0-6ubuntu3.4_amd64.deb ...
build	Install Linux dependencies	2025-08-25T17:38:13.6834567Z Unpacking gir1.2-glib-2.0-dev:amd64 (2.80.0-6ubuntu3.4) ...
build	Install Linux dependencies	2025-08-25T17:38:13.7388281Z Selecting previously unselected package gir1.2-freedesktop-dev:amd64.
build	Install Linux dependencies	2025-08-25T17:38:13.7521307Z Preparing to unpack .../018-gir1.2-freedesktop-dev_1.80.1-1_amd64.deb ...
build	Install Linux dependencies	2025-08-25T17:38:13.7531501Z Unpacking gir1.2-freedesktop-dev:amd64 (1.80.1-1) ...
build	Install Linux dependencies	2025-08-25T17:38:13.7749344Z Selecting previously unselected package gir1.2-girepository-2.0-dev:amd64.
build	Install Linux dependencies	2025-08-25T17:38:13.7881259Z Preparing to unpack .../019-gir1.2-girepository-2.0-dev_1.80.1-1_amd64.deb ...
build	Install Linux dependencies	2025-08-25T17:38:13.7892188Z Unpacking gir1.2-girepository-2.0-dev:amd64 (1.80.1-1) ...
build	Install Linux dependencies	2025-08-25T17:38:13.8123874Z Selecting previously unselected package librsvg2-2:amd64.
build	Install Linux dependencies	2025-08-25T17:38:13.8255414Z Preparing to unpack .../020-librsvg2-2_2.58.0+dfsg-1build1_amd64.deb ...
build	Install Linux dependencies	2025-08-25T17:38:13.8267560Z Unpacking librsvg2-2:amd64 (2.58.0+dfsg-1build1) ...
build	Install Linux dependencies	2025-08-25T17:38:13.8767284Z Selecting previously unselected package gir1.2-rsvg-2.0:amd64.
build	Install Linux dependencies	2025-08-25T17:38:13.8900110Z Preparing to unpack .../021-gir1.2-rsvg-2.0_2.58.0+dfsg-1build1_amd64.deb ...
build	Install Linux dependencies	2025-08-25T17:38:13.8912293Z Unpacking gir1.2-rsvg-2.0:amd64 (2.58.0+dfsg-1build1) ...
build	Install Linux dependencies	2025-08-25T17:38:13.9132405Z Selecting previously unselected package python3-mako.
build	Install Linux dependencies	2025-08-25T17:38:13.9265356Z Preparing to unpack .../022-python3-mako_1.3.2-1_all.deb ...
build	Install Linux dependencies	2025-08-25T17:38:13.9277542Z Unpacking python3-mako (1.3.2-1) ...
build	Install Linux dependencies	2025-08-25T17:38:13.9577055Z Selecting previously unselected package python3-markdown.
build	Install Linux dependencies	2025-08-25T17:38:13.9710976Z Preparing to unpack .../023-python3-markdown_3.5.2-1_all.deb ...
build	Install Linux dependencies	2025-08-25T17:38:13.9721446Z Unpacking python3-markdown (3.5.2-1) ...
build	Install Linux dependencies	2025-08-25T17:38:14.0009991Z Selecting previously unselected package gobject-introspection-bin.
build	Install Linux dependencies	2025-08-25T17:38:14.0143379Z Preparing to unpack .../024-gobject-introspection-bin_1.80.1-1_amd64.deb ...
build	Install Linux dependencies	2025-08-25T17:38:14.0153757Z Unpacking gobject-introspection-bin (1.80.1-1) ...
build	Install Linux dependencies	2025-08-25T17:38:14.0680969Z Selecting previously unselected package libglib2.0-dev-bin.
build	Install Linux dependencies	2025-08-25T17:38:14.0813958Z Preparing to unpack .../025-libglib2.0-dev-bin_2.80.0-6ubuntu3.4_amd64.deb ...
build	Install Linux dependencies	2025-08-25T17:38:14.0824505Z Unpacking libglib2.0-dev-bin (2.80.0-6ubuntu3.4) ...
build	Install Linux dependencies	2025-08-25T17:38:14.1138345Z Selecting previously unselected package uuid-dev:amd64.
build	Install Linux dependencies	2025-08-25T17:38:14.1270285Z Preparing to unpack .../026-uuid-dev_2.39.3-9ubuntu6.3_amd64.deb ...
build	Install Linux dependencies	2025-08-25T17:38:14.1279947Z Unpacking uuid-dev:amd64 (2.39.3-9ubuntu6.3) ...
build	Install Linux dependencies	2025-08-25T17:38:14.1529012Z Selecting previously unselected package libblkid-dev:amd64.
build	Install Linux dependencies	2025-08-25T17:38:14.1660088Z Preparing to unpack .../027-libblkid-dev_2.39.3-9ubuntu6.3_amd64.deb ...
build	Install Linux dependencies	2025-08-25T17:38:14.1674607Z Unpacking libblkid-dev:amd64 (2.39.3-9ubuntu6.3) ...
build	Install Linux dependencies	2025-08-25T17:38:14.1920595Z Selecting previously unselected package libsepol-dev:amd64.
build	Install Linux dependencies	2025-08-25T17:38:14.2051640Z Preparing to unpack .../028-libsepol-dev_3.5-2build1_amd64.deb ...
build	Install Linux dependencies	2025-08-25T17:38:14.2063459Z Unpacking libsepol-dev:amd64 (3.5-2build1) ...
build	Install Linux dependencies	2025-08-25T17:38:14.2390558Z Selecting previously unselected package libselinux1-dev:amd64.
build	Install Linux dependencies	2025-08-25T17:38:14.2525596Z Preparing to unpack .../029-libselinux1-dev_3.5-2ubuntu2.1_amd64.deb ...
build	Install Linux dependencies	2025-08-25T17:38:14.2535270Z Unpacking libselinux1-dev:amd64 (3.5-2ubuntu2.1) ...
build	Install Linux dependencies	2025-08-25T17:38:14.2988842Z Selecting previously unselected package libmount-dev:amd64.
build	Install Linux dependencies	2025-08-25T17:38:14.3121262Z Preparing to unpack .../030-libmount-dev_2.39.3-9ubuntu6.3_amd64.deb ...
build	Install Linux dependencies	2025-08-25T17:38:14.3134046Z Unpacking libmount-dev:amd64 (2.39.3-9ubuntu6.3) ...
build	Install Linux dependencies	2025-08-25T17:38:14.3361869Z Selecting previously unselected package libgirepository-2.0-0:amd64.
build	Install Linux dependencies	2025-08-25T17:38:14.3493298Z Preparing to unpack .../031-libgirepository-2.0-0_2.80.0-6ubuntu3.4_amd64.deb ...
build	Install Linux dependencies	2025-08-25T17:38:14.3507070Z Unpacking libgirepository-2.0-0:amd64 (2.80.0-6ubuntu3.4) ...
build	Install Linux dependencies	2025-08-25T17:38:14.3717690Z Selecting previously unselected package libglib2.0-dev:amd64.
build	Install Linux dependencies	2025-08-25T17:38:14.3849192Z Preparing to unpack .../032-libglib2.0-dev_2.80.0-6ubuntu3.4_amd64.deb ...
build	Install Linux dependencies	2025-08-25T17:38:14.3859861Z Unpacking libglib2.0-dev:amd64 (2.80.0-6ubuntu3.4) ...
build	Install Linux dependencies	2025-08-25T17:38:14.4981457Z Selecting previously unselected package gobject-introspection:amd64.
build	Install Linux dependencies	2025-08-25T17:38:14.5115897Z Preparing to unpack .../033-gobject-introspection_1.80.1-1_amd64.deb ...
build	Install Linux dependencies	2025-08-25T17:38:14.5125753Z Unpacking gobject-introspection:amd64 (1.80.1-1) ...
build	Install Linux dependencies	2025-08-25T17:38:14.5439000Z Selecting previously unselected package libatk1.0-dev:amd64.
build	Install Linux dependencies	2025-08-25T17:38:14.5572471Z Preparing to unpack .../034-libatk1.0-dev_2.52.0-1build1_amd64.deb ...
build	Install Linux dependencies	2025-08-25T17:38:14.5581906Z Unpacking libatk1.0-dev:amd64 (2.52.0-1build1) ...
build	Install Linux dependencies	2025-08-25T17:38:14.5905248Z Selecting previously unselected package libdbus-1-dev:amd64.
build	Install Linux dependencies	2025-08-25T17:38:14.6038175Z Preparing to unpack .../035-libdbus-1-dev_1.14.10-4ubuntu4.1_amd64.deb ...
build	Install Linux dependencies	2025-08-25T17:38:14.6049955Z Unpacking libdbus-1-dev:amd64 (1.14.10-4ubuntu4.1) ...
build	Install Linux dependencies	2025-08-25T17:38:14.6399133Z Selecting previously unselected package xorg-sgml-doctools.
build	Install Linux dependencies	2025-08-25T17:38:14.6532875Z Preparing to unpack .../036-xorg-sgml-doctools_1%3a1.11-1.1_all.deb ...
build	Install Linux dependencies	2025-08-25T17:38:14.6550042Z Unpacking xorg-sgml-doctools (1:1.11-1.1) ...
build	Install Linux dependencies	2025-08-25T17:38:14.6856380Z Selecting previously unselected package x11proto-dev.
build	Install Linux dependencies	2025-08-25T17:38:14.6989690Z Preparing to unpack .../037-x11proto-dev_2023.2-1_all.deb ...
build	Install Linux dependencies	2025-08-25T17:38:14.7002262Z Unpacking x11proto-dev (2023.2-1) ...
build	Install Linux dependencies	2025-08-25T17:38:14.7589744Z Selecting previously unselected package libxau-dev:amd64.
build	Install Linux dependencies	2025-08-25T17:38:14.7723631Z Preparing to unpack .../038-libxau-dev_1%3a1.0.9-1build6_amd64.deb ...
build	Install Linux dependencies	2025-08-25T17:38:14.7734528Z Unpacking libxau-dev:amd64 (1:1.0.9-1build6) ...
build	Install Linux dependencies	2025-08-25T17:38:14.7961309Z Selecting previously unselected package libxdmcp-dev:amd64.
build	Install Linux dependencies	2025-08-25T17:38:14.8095559Z Preparing to unpack .../039-libxdmcp-dev_1%3a1.1.3-0ubuntu6_amd64.deb ...
build	Install Linux dependencies	2025-08-25T17:38:14.8106654Z Unpacking libxdmcp-dev:amd64 (1:1.1.3-0ubuntu6) ...
build	Install Linux dependencies	2025-08-25T17:38:14.8353453Z Selecting previously unselected package xtrans-dev.
build	Install Linux dependencies	2025-08-25T17:38:14.8486527Z Preparing to unpack .../040-xtrans-dev_1.4.0-1_all.deb ...
build	Install Linux dependencies	2025-08-25T17:38:14.8497159Z Unpacking xtrans-dev (1.4.0-1) ...
build	Install Linux dependencies	2025-08-25T17:38:14.8765689Z Selecting previously unselected package libpthread-stubs0-dev:amd64.
build	Install Linux dependencies	2025-08-25T17:38:14.8899390Z Preparing to unpack .../041-libpthread-stubs0-dev_0.4-1build3_amd64.deb ...
build	Install Linux dependencies	2025-08-25T17:38:14.8909339Z Unpacking libpthread-stubs0-dev:amd64 (0.4-1build3) ...
build	Install Linux dependencies	2025-08-25T17:38:14.9118039Z Selecting previously unselected package libxcb1-dev:amd64.
build	Install Linux dependencies	2025-08-25T17:38:14.9252019Z Preparing to unpack .../042-libxcb1-dev_1.15-1ubuntu2_amd64.deb ...
build	Install Linux dependencies	2025-08-25T17:38:14.9264375Z Unpacking libxcb1-dev:amd64 (1.15-1ubuntu2) ...
build	Install Linux dependencies	2025-08-25T17:38:14.9504072Z Selecting previously unselected package libx11-dev:amd64.
build	Install Linux dependencies	2025-08-25T17:38:14.9638123Z Preparing to unpack .../043-libx11-dev_2%3a1.8.7-1build1_amd64.deb ...
build	Install Linux dependencies	2025-08-25T17:38:14.9647855Z Unpacking libx11-dev:amd64 (2:1.8.7-1build1) ...
build	Install Linux dependencies	2025-08-25T17:38:14.9969143Z Selecting previously unselected package libxext-dev:amd64.
build	Install Linux dependencies	2025-08-25T17:38:15.0103181Z Preparing to unpack .../044-libxext-dev_2%3a1.3.4-1build2_amd64.deb ...
build	Install Linux dependencies	2025-08-25T17:38:15.0113546Z Unpacking libxext-dev:amd64 (2:1.3.4-1build2) ...
build	Install Linux dependencies	2025-08-25T17:38:15.0445321Z Selecting previously unselected package libxfixes-dev:amd64.
build	Install Linux dependencies	2025-08-25T17:38:15.0580127Z Preparing to unpack .../045-libxfixes-dev_1%3a6.0.0-2build1_amd64.deb ...
build	Install Linux dependencies	2025-08-25T17:38:15.0595469Z Unpacking libxfixes-dev:amd64 (1:6.0.0-2build1) ...
build	Install Linux dependencies	2025-08-25T17:38:15.0810389Z Selecting previously unselected package libxi-dev:amd64.
build	Install Linux dependencies	2025-08-25T17:38:15.0943419Z Preparing to unpack .../046-libxi-dev_2%3a1.8.1-1build1_amd64.deb ...
build	Install Linux dependencies	2025-08-25T17:38:15.0953383Z Unpacking libxi-dev:amd64 (2:1.8.1-1build1) ...
build	Install Linux dependencies	2025-08-25T17:38:15.1283020Z Selecting previously unselected package libxtst-dev:amd64.
build	Install Linux dependencies	2025-08-25T17:38:15.1416194Z Preparing to unpack .../047-libxtst-dev_2%3a1.2.3-1.1build1_amd64.deb ...
build	Install Linux dependencies	2025-08-25T17:38:15.1426171Z Unpacking libxtst-dev:amd64 (2:1.2.3-1.1build1) ...
build	Install Linux dependencies	2025-08-25T17:38:15.1674642Z Selecting previously unselected package libatspi2.0-dev:amd64.
build	Install Linux dependencies	2025-08-25T17:38:15.1807326Z Preparing to unpack .../048-libatspi2.0-dev_2.52.0-1build1_amd64.deb ...
build	Install Linux dependencies	2025-08-25T17:38:15.1816815Z Unpacking libatspi2.0-dev:amd64 (2.52.0-1build1) ...
build	Install Linux dependencies	2025-08-25T17:38:15.2097581Z Selecting previously unselected package libatk-bridge2.0-dev:amd64.
build	Install Linux dependencies	2025-08-25T17:38:15.2232861Z Preparing to unpack .../049-libatk-bridge2.0-dev_2.52.0-1build1_amd64.deb ...
build	Install Linux dependencies	2025-08-25T17:38:15.2247672Z Unpacking libatk-bridge2.0-dev:amd64 (2.52.0-1build1) ...
build	Install Linux dependencies	2025-08-25T17:38:15.2471605Z Selecting previously unselected package libcairo-script-interpreter2:amd64.
build	Install Linux dependencies	2025-08-25T17:38:15.2606988Z Preparing to unpack .../050-libcairo-script-interpreter2_1.18.0-3build1_amd64.deb ...
build	Install Linux dependencies	2025-08-25T17:38:15.2619066Z Unpacking libcairo-script-interpreter2:amd64 (1.18.0-3build1) ...
build	Install Linux dependencies	2025-08-25T17:38:15.2837596Z Selecting previously unselected package libbrotli-dev:amd64.
build	Install Linux dependencies	2025-08-25T17:38:15.2971342Z Preparing to unpack .../051-libbrotli-dev_1.1.0-2build2_amd64.deb ...
build	Install Linux dependencies	2025-08-25T17:38:15.2991321Z Unpacking libbrotli-dev:amd64 (1.1.0-2build2) ...
build	Install Linux dependencies	2025-08-25T17:38:15.3264831Z Selecting previously unselected package libbz2-dev:amd64.
build	Install Linux dependencies	2025-08-25T17:38:15.3397235Z Preparing to unpack .../052-libbz2-dev_1.0.8-5.1build0.1_amd64.deb ...
build	Install Linux dependencies	2025-08-25T17:38:15.3408096Z Unpacking libbz2-dev:amd64 (1.0.8-5.1build0.1) ...
build	Install Linux dependencies	2025-08-25T17:38:15.3626346Z Selecting previously unselected package libpng-dev:amd64.
build	Install Linux dependencies	2025-08-25T17:38:15.3758131Z Preparing to unpack .../053-libpng-dev_1.6.43-5build1_amd64.deb ...
build	Install Linux dependencies	2025-08-25T17:38:15.3769181Z Unpacking libpng-dev:amd64 (1.6.43-5build1) ...
build	Install Linux dependencies	2025-08-25T17:38:15.4051749Z Selecting previously unselected package libfreetype-dev:amd64.
build	Install Linux dependencies	2025-08-25T17:38:15.4186247Z Preparing to unpack .../054-libfreetype-dev_2.13.2+dfsg-1build3_amd64.deb ...
build	Install Linux dependencies	2025-08-25T17:38:15.4197883Z Unpacking libfreetype-dev:amd64 (2.13.2+dfsg-1build3) ...
build	Install Linux dependencies	2025-08-25T17:38:15.4560158Z Selecting previously unselected package libfontconfig-dev:amd64.
build	Install Linux dependencies	2025-08-25T17:38:15.4695028Z Preparing to unpack .../055-libfontconfig-dev_2.15.0-1.1ubuntu2_amd64.deb ...
build	Install Linux dependencies	2025-08-25T17:38:15.4705483Z Unpacking libfontconfig-dev:amd64 (2.15.0-1.1ubuntu2) ...
build	Install Linux dependencies	2025-08-25T17:38:15.4950262Z Selecting previously unselected package libpixman-1-dev:amd64.
build	Install Linux dependencies	2025-08-25T17:38:15.5084865Z Preparing to unpack .../056-libpixman-1-dev_0.42.2-1build1_amd64.deb ...
build	Install Linux dependencies	2025-08-25T17:38:15.5096980Z Unpacking libpixman-1-dev:amd64 (0.42.2-1build1) ...
build	Install Linux dependencies	2025-08-25T17:38:15.5348363Z Selecting previously unselected package libice-dev:amd64.
build	Install Linux dependencies	2025-08-25T17:38:15.5481331Z Preparing to unpack .../057-libice-dev_2%3a1.0.10-1build3_amd64.deb ...
build	Install Linux dependencies	2025-08-25T17:38:15.5492808Z Unpacking libice-dev:amd64 (2:1.0.10-1build3) ...
build	Install Linux dependencies	2025-08-25T17:38:15.5718303Z Selecting previously unselected package libsm-dev:amd64.
build	Install Linux dependencies	2025-08-25T17:38:15.5851281Z Preparing to unpack .../058-libsm-dev_2%3a1.2.3-1build3_amd64.deb ...
build	Install Linux dependencies	2025-08-25T17:38:15.5863359Z Unpacking libsm-dev:amd64 (2:1.2.3-1build3) ...
build	Install Linux dependencies	2025-08-25T17:38:15.6074894Z Selecting previously unselected package libxcb-render0-dev:amd64.
build	Install Linux dependencies	2025-08-25T17:38:15.6210394Z Preparing to unpack .../059-libxcb-render0-dev_1.15-1ubuntu2_amd64.deb ...
build	Install Linux dependencies	2025-08-25T17:38:15.6220698Z Unpacking libxcb-render0-dev:amd64 (1.15-1ubuntu2) ...
build	Install Linux dependencies	2025-08-25T17:38:15.6431018Z Selecting previously unselected package libxcb-shm0-dev:amd64.
build	Install Linux dependencies	2025-08-25T17:38:15.6565103Z Preparing to unpack .../060-libxcb-shm0-dev_1.15-1ubuntu2_amd64.deb ...
build	Install Linux dependencies	2025-08-25T17:38:15.6573217Z Unpacking libxcb-shm0-dev:amd64 (1.15-1ubuntu2) ...
build	Install Linux dependencies	2025-08-25T17:38:15.6764952Z Selecting previously unselected package libxrender-dev:amd64.
build	Install Linux dependencies	2025-08-25T17:38:15.6898825Z Preparing to unpack .../061-libxrender-dev_1%3a0.9.10-1.1build1_amd64.deb ...
build	Install Linux dependencies	2025-08-25T17:38:15.6906942Z Unpacking libxrender-dev:amd64 (1:0.9.10-1.1build1) ...
build	Install Linux dependencies	2025-08-25T17:38:15.7114175Z Selecting previously unselected package libcairo2-dev:amd64.
build	Install Linux dependencies	2025-08-25T17:38:15.7248792Z Preparing to unpack .../062-libcairo2-dev_1.18.0-3build1_amd64.deb ...
build	Install Linux dependencies	2025-08-25T17:38:15.7256850Z Unpacking libcairo2-dev:amd64 (1.18.0-3build1) ...
build	Install Linux dependencies	2025-08-25T17:38:15.7512106Z Selecting previously unselected package libegl-mesa0:amd64.
build	Install Linux dependencies	2025-08-25T17:38:15.7646087Z Preparing to unpack .../063-libegl-mesa0_25.0.7-0ubuntu0.24.04.1_amd64.deb ...
build	Install Linux dependencies	2025-08-25T17:38:15.7657110Z Unpacking libegl-mesa0:amd64 (25.0.7-0ubuntu0.24.04.1) ...
build	Install Linux dependencies	2025-08-25T17:38:15.7898830Z Selecting previously unselected package libegl1:amd64.
build	Install Linux dependencies	2025-08-25T17:38:15.8030921Z Preparing to unpack .../064-libegl1_1.7.0-1build1_amd64.deb ...
build	Install Linux dependencies	2025-08-25T17:38:15.8039706Z Unpacking libegl1:amd64 (1.7.0-1build1) ...
build	Install Linux dependencies	2025-08-25T17:38:15.8300977Z Selecting previously unselected package libglx-dev:amd64.
build	Install Linux dependencies	2025-08-25T17:38:15.8433897Z Preparing to unpack .../065-libglx-dev_1.7.0-1build1_amd64.deb ...
build	Install Linux dependencies	2025-08-25T17:38:15.8444506Z Unpacking libglx-dev:amd64 (1.7.0-1build1) ...
build	Install Linux dependencies	2025-08-25T17:38:15.8653021Z Selecting previously unselected package libgl-dev:amd64.
build	Install Linux dependencies	2025-08-25T17:38:15.8784810Z Preparing to unpack .../066-libgl-dev_1.7.0-1build1_amd64.deb ...
build	Install Linux dependencies	2025-08-25T17:38:15.8793555Z Unpacking libgl-dev:amd64 (1.7.0-1build1) ...
build	Install Linux dependencies	2025-08-25T17:38:15.9049507Z Selecting previously unselected package libegl-dev:amd64.
build	Install Linux dependencies	2025-08-25T17:38:15.9184771Z Preparing to unpack .../067-libegl-dev_1.7.0-1build1_amd64.deb ...
build	Install Linux dependencies	2025-08-25T17:38:15.9194925Z Unpacking libegl-dev:amd64 (1.7.0-1build1) ...
build	Install Linux dependencies	2025-08-25T17:38:15.9456063Z Selecting previously unselected package libglvnd-core-dev:amd64.
build	Install Linux dependencies	2025-08-25T17:38:15.9590030Z Preparing to unpack .../068-libglvnd-core-dev_1.7.0-1build1_amd64.deb ...
build	Install Linux dependencies	2025-08-25T17:38:15.9598434Z Unpacking libglvnd-core-dev:amd64 (1.7.0-1build1) ...
build	Install Linux dependencies	2025-08-25T17:38:15.9807482Z Selecting previously unselected package libgles1:amd64.
build	Install Linux dependencies	2025-08-25T17:38:15.9940348Z Preparing to unpack .../069-libgles1_1.7.0-1build1_amd64.deb ...
build	Install Linux dependencies	2025-08-25T17:38:15.9949546Z Unpacking libgles1:amd64 (1.7.0-1build1) ...
build	Install Linux dependencies	2025-08-25T17:38:16.0169008Z Selecting previously unselected package libgles2:amd64.
build	Install Linux dependencies	2025-08-25T17:38:16.0301952Z Preparing to unpack .../070-libgles2_1.7.0-1build1_amd64.deb ...
build	Install Linux dependencies	2025-08-25T17:38:16.0311910Z Unpacking libgles2:amd64 (1.7.0-1build1) ...
build	Install Linux dependencies	2025-08-25T17:38:16.0515297Z Selecting previously unselected package libgles-dev:amd64.
build	Install Linux dependencies	2025-08-25T17:38:16.0648111Z Preparing to unpack .../071-libgles-dev_1.7.0-1build1_amd64.deb ...
build	Install Linux dependencies	2025-08-25T17:38:16.0658809Z Unpacking libgles-dev:amd64 (1.7.0-1build1) ...
build	Install Linux dependencies	2025-08-25T17:38:16.0957359Z Selecting previously unselected package libopengl0:amd64.
build	Install Linux dependencies	2025-08-25T17:38:16.1091864Z Preparing to unpack .../072-libopengl0_1.7.0-1build1_amd64.deb ...
build	Install Linux dependencies	2025-08-25T17:38:16.1100345Z Unpacking libopengl0:amd64 (1.7.0-1build1) ...
build	Install Linux dependencies	2025-08-25T17:38:16.1304546Z Selecting previously unselected package libopengl-dev:amd64.
build	Install Linux dependencies	2025-08-25T17:38:16.1438313Z Preparing to unpack .../073-libopengl-dev_1.7.0-1build1_amd64.deb ...
build	Install Linux dependencies	2025-08-25T17:38:16.1447691Z Unpacking libopengl-dev:amd64 (1.7.0-1build1) ...
build	Install Linux dependencies	2025-08-25T17:38:16.1642186Z Selecting previously unselected package libglvnd-dev:amd64.
build	Install Linux dependencies	2025-08-25T17:38:16.1776979Z Preparing to unpack .../074-libglvnd-dev_1.7.0-1build1_amd64.deb ...
build	Install Linux dependencies	2025-08-25T17:38:16.1806986Z Unpacking libglvnd-dev:amd64 (1.7.0-1build1) ...
build	Install Linux dependencies	2025-08-25T17:38:16.2001876Z Selecting previously unselected package libegl1-mesa-dev:amd64.
build	Install Linux dependencies	2025-08-25T17:38:16.2136716Z Preparing to unpack .../075-libegl1-mesa-dev_25.0.7-0ubuntu0.24.04.1_amd64.deb ...
build	Install Linux dependencies	2025-08-25T17:38:16.2144733Z Unpacking libegl1-mesa-dev:amd64 (25.0.7-0ubuntu0.24.04.1) ...
build	Install Linux dependencies	2025-08-25T17:38:16.2345510Z Selecting previously unselected package libepoxy-dev:amd64.
build	Install Linux dependencies	2025-08-25T17:38:16.2478739Z Preparing to unpack .../076-libepoxy-dev_1.5.10-1build1_amd64.deb ...
build	Install Linux dependencies	2025-08-25T17:38:16.2487381Z Unpacking libepoxy-dev:amd64 (1.5.10-1build1) ...
build	Install Linux dependencies	2025-08-25T17:38:16.2809831Z Selecting previously unselected package libfribidi-dev:amd64.
build	Install Linux dependencies	2025-08-25T17:38:16.2943634Z Preparing to unpack .../077-libfribidi-dev_1.0.13-3build1_amd64.deb ...
build	Install Linux dependencies	2025-08-25T17:38:16.2954087Z Unpacking libfribidi-dev:amd64 (1.0.13-3build1) ...
build	Install Linux dependencies	2025-08-25T17:38:16.3254078Z Selecting previously unselected package libgdk-pixbuf2.0-bin.
build	Install Linux dependencies	2025-08-25T17:38:16.3387018Z Preparing to unpack .../078-libgdk-pixbuf2.0-bin_2.42.10+dfsg-3ubuntu3.2_amd64.deb ...
build	Install Linux dependencies	2025-08-25T17:38:16.3401136Z Unpacking libgdk-pixbuf2.0-bin (2.42.10+dfsg-3ubuntu3.2) ...
build	Install Linux dependencies	2025-08-25T17:38:16.3616935Z Selecting previously unselected package libjpeg-turbo8-dev:amd64.
build	Install Linux dependencies	2025-08-25T17:38:16.3751601Z Preparing to unpack .../079-libjpeg-turbo8-dev_2.1.5-2ubuntu2_amd64.deb ...
build	Install Linux dependencies	2025-08-25T17:38:16.3760685Z Unpacking libjpeg-turbo8-dev:amd64 (2.1.5-2ubuntu2) ...
build	Install Linux dependencies	2025-08-25T17:38:16.4287697Z Selecting previously unselected package libjpeg8-dev:amd64.
build	Install Linux dependencies	2025-08-25T17:38:16.4424471Z Preparing to unpack .../080-libjpeg8-dev_8c-2ubuntu11_amd64.deb ...
build	Install Linux dependencies	2025-08-25T17:38:16.4437760Z Unpacking libjpeg8-dev:amd64 (8c-2ubuntu11) ...
build	Install Linux dependencies	2025-08-25T17:38:16.4785048Z Selecting previously unselected package libjpeg-dev:amd64.
build	Install Linux dependencies	2025-08-25T17:38:16.4921828Z Preparing to unpack .../081-libjpeg-dev_8c-2ubuntu11_amd64.deb ...
build	Install Linux dependencies	2025-08-25T17:38:16.4932831Z Unpacking libjpeg-dev:amd64 (8c-2ubuntu11) ...
build	Install Linux dependencies	2025-08-25T17:38:16.5136428Z Selecting previously unselected package libjbig-dev:amd64.
build	Install Linux dependencies	2025-08-25T17:38:16.5271865Z Preparing to unpack .../082-libjbig-dev_2.1-6.1ubuntu2_amd64.deb ...
build	Install Linux dependencies	2025-08-25T17:38:16.5288413Z Unpacking libjbig-dev:amd64 (2.1-6.1ubuntu2) ...
build	Install Linux dependencies	2025-08-25T17:38:16.5506210Z Selecting previously unselected package liblzma-dev:amd64.
build	Install Linux dependencies	2025-08-25T17:38:16.5638687Z Preparing to unpack .../083-liblzma-dev_5.6.1+really5.4.5-1ubuntu0.2_amd64.deb ...
build	Install Linux dependencies	2025-08-25T17:38:16.5646988Z Unpacking liblzma-dev:amd64 (5.6.1+really5.4.5-1ubuntu0.2) ...
build	Install Linux dependencies	2025-08-25T17:38:16.5928331Z Selecting previously unselected package libwebpdecoder3:amd64.
build	Install Linux dependencies	2025-08-25T17:38:16.6062167Z Preparing to unpack .../084-libwebpdecoder3_1.3.2-0.4build3_amd64.deb ...
build	Install Linux dependencies	2025-08-25T17:38:16.6070405Z Unpacking libwebpdecoder3:amd64 (1.3.2-0.4build3) ...
build	Install Linux dependencies	2025-08-25T17:38:16.6277630Z Selecting previously unselected package libsharpyuv-dev:amd64.
build	Install Linux dependencies	2025-08-25T17:38:16.6410032Z Preparing to unpack .../085-libsharpyuv-dev_1.3.2-0.4build3_amd64.deb ...
build	Install Linux dependencies	2025-08-25T17:38:16.6418609Z Unpacking libsharpyuv-dev:amd64 (1.3.2-0.4build3) ...
build	Install Linux dependencies	2025-08-25T17:38:16.6615301Z Selecting previously unselected package libwebp-dev:amd64.
build	Install Linux dependencies	2025-08-25T17:38:16.6747127Z Preparing to unpack .../086-libwebp-dev_1.3.2-0.4build3_amd64.deb ...
build	Install Linux dependencies	2025-08-25T17:38:16.6754837Z Unpacking libwebp-dev:amd64 (1.3.2-0.4build3) ...
build	Install Linux dependencies	2025-08-25T17:38:16.7201586Z Preparing to unpack .../087-libtiff6_4.5.1+git230720-4ubuntu2.3_amd64.deb ...
build	Install Linux dependencies	2025-08-25T17:38:16.7268516Z Unpacking libtiff6:amd64 (4.5.1+git230720-4ubuntu2.3) over (4.5.1+git230720-4ubuntu2.2) ...
build	Install Linux dependencies	2025-08-25T17:38:16.7626105Z Selecting previously unselected package libtiffxx6:amd64.
build	Install Linux dependencies	2025-08-25T17:38:16.7760956Z Preparing to unpack .../088-libtiffxx6_4.5.1+git230720-4ubuntu2.3_amd64.deb ...
build	Install Linux dependencies	2025-08-25T17:38:16.7769872Z Unpacking libtiffxx6:amd64 (4.5.1+git230720-4ubuntu2.3) ...
build	Install Linux dependencies	2025-08-25T17:38:16.7965988Z Selecting previously unselected package libdeflate-dev:amd64.
build	Install Linux dependencies	2025-08-25T17:38:16.8100561Z Preparing to unpack .../089-libdeflate-dev_1.19-1build1.1_amd64.deb ...
build	Install Linux dependencies	2025-08-25T17:38:16.8111026Z Unpacking libdeflate-dev:amd64 (1.19-1build1.1) ...
build	Install Linux dependencies	2025-08-25T17:38:16.8336103Z Selecting previously unselected package liblerc-dev:amd64.
build	Install Linux dependencies	2025-08-25T17:38:16.8468417Z Preparing to unpack .../090-liblerc-dev_4.0.0+ds-4ubuntu2_amd64.deb ...
build	Install Linux dependencies	2025-08-25T17:38:16.8478437Z Unpacking liblerc-dev:amd64 (4.0.0+ds-4ubuntu2) ...
build	Install Linux dependencies	2025-08-25T17:38:16.8716851Z Selecting previously unselected package libtiff-dev:amd64.
build	Install Linux dependencies	2025-08-25T17:38:16.8850628Z Preparing to unpack .../091-libtiff-dev_4.5.1+git230720-4ubuntu2.3_amd64.deb ...
build	Install Linux dependencies	2025-08-25T17:38:16.8858670Z Unpacking libtiff-dev:amd64 (4.5.1+git230720-4ubuntu2.3) ...
build	Install Linux dependencies	2025-08-25T17:38:16.9195486Z Selecting previously unselected package libgdk-pixbuf-2.0-dev:amd64.
build	Install Linux dependencies	2025-08-25T17:38:16.9330444Z Preparing to unpack .../092-libgdk-pixbuf-2.0-dev_2.42.10+dfsg-3ubuntu3.2_amd64.deb ...
build	Install Linux dependencies	2025-08-25T17:38:16.9340740Z Unpacking libgdk-pixbuf-2.0-dev:amd64 (2.42.10+dfsg-3ubuntu3.2) ...
build	Install Linux dependencies	2025-08-25T17:38:16.9596394Z Selecting previously unselected package libharfbuzz-icu0:amd64.
build	Install Linux dependencies	2025-08-25T17:38:16.9731437Z Preparing to unpack .../093-libharfbuzz-icu0_8.3.0-2build2_amd64.deb ...
build	Install Linux dependencies	2025-08-25T17:38:16.9738774Z Unpacking libharfbuzz-icu0:amd64 (8.3.0-2build2) ...
build	Install Linux dependencies	2025-08-25T17:38:16.9968974Z Selecting previously unselected package libharfbuzz-subset0:amd64.
build	Install Linux dependencies	2025-08-25T17:38:17.0103668Z Preparing to unpack .../094-libharfbuzz-subset0_8.3.0-2build2_amd64.deb ...
build	Install Linux dependencies	2025-08-25T17:38:17.0113525Z Unpacking libharfbuzz-subset0:amd64 (8.3.0-2build2) ...
build	Install Linux dependencies	2025-08-25T17:38:17.0378106Z Selecting previously unselected package libharfbuzz-cairo0:amd64.
build	Install Linux dependencies	2025-08-25T17:38:17.0512861Z Preparing to unpack .../095-libharfbuzz-cairo0_8.3.0-2build2_amd64.deb ...
build	Install Linux dependencies	2025-08-25T17:38:17.0521925Z Unpacking libharfbuzz-cairo0:amd64 (8.3.0-2build2) ...
build	Install Linux dependencies	2025-08-25T17:38:17.0734136Z Selecting previously unselected package libgraphite2-dev:amd64.
build	Install Linux dependencies	2025-08-25T17:38:17.0870043Z Preparing to unpack .../096-libgraphite2-dev_1.3.14-2build1_amd64.deb ...
build	Install Linux dependencies	2025-08-25T17:38:17.0881816Z Unpacking libgraphite2-dev:amd64 (1.3.14-2build1) ...
build	Install Linux dependencies	2025-08-25T17:38:17.1086972Z Selecting previously unselected package libharfbuzz-dev:amd64.
build	Install Linux dependencies	2025-08-25T17:38:17.1221746Z Preparing to unpack .../097-libharfbuzz-dev_8.3.0-2build2_amd64.deb ...
build	Install Linux dependencies	2025-08-25T17:38:17.1229635Z Unpacking libharfbuzz-dev:amd64 (8.3.0-2build2) ...
build	Install Linux dependencies	2025-08-25T17:38:17.1564279Z Selecting previously unselected package libdatrie-dev:amd64.
build	Install Linux dependencies	2025-08-25T17:38:17.1699415Z Preparing to unpack .../098-libdatrie-dev_0.2.13-3build1_amd64.deb ...
build	Install Linux dependencies	2025-08-25T17:38:17.1710027Z Unpacking libdatrie-dev:amd64 (0.2.13-3build1) ...
build	Install Linux dependencies	2025-08-25T17:38:17.1914496Z Selecting previously unselected package libthai-dev:amd64.
build	Install Linux dependencies	2025-08-25T17:38:17.2048677Z Preparing to unpack .../099-libthai-dev_0.1.29-2build1_amd64.deb ...
build	Install Linux dependencies	2025-08-25T17:38:17.2056032Z Unpacking libthai-dev:amd64 (0.1.29-2build1) ...
build	Install Linux dependencies	2025-08-25T17:38:17.2276667Z Selecting previously unselected package libxft-dev:amd64.
build	Install Linux dependencies	2025-08-25T17:38:17.2408912Z Preparing to unpack .../100-libxft-dev_2.3.6-1build1_amd64.deb ...
build	Install Linux dependencies	2025-08-25T17:38:17.2416294Z Unpacking libxft-dev:amd64 (2.3.6-1build1) ...
build	Install Linux dependencies	2025-08-25T17:38:17.2684116Z Selecting previously unselected package pango1.0-tools.
build	Install Linux dependencies	2025-08-25T17:38:17.2817241Z Preparing to unpack .../101-pango1.0-tools_1.52.1+ds-1build1_amd64.deb ...
build	Install Linux dependencies	2025-08-25T17:38:17.2826267Z Unpacking pango1.0-tools (1.52.1+ds-1build1) ...
build	Install Linux dependencies	2025-08-25T17:38:17.3032921Z Selecting previously unselected package libpango1.0-dev:amd64.
build	Install Linux dependencies	2025-08-25T17:38:17.3165376Z Preparing to unpack .../102-libpango1.0-dev_1.52.1+ds-1build1_amd64.deb ...
build	Install Linux dependencies	2025-08-25T17:38:17.3173372Z Unpacking libpango1.0-dev:amd64 (1.52.1+ds-1build1) ...
build	Install Linux dependencies	2025-08-25T17:38:17.3496664Z Selecting previously unselected package libwayland-bin.
build	Install Linux dependencies	2025-08-25T17:38:17.3630305Z Preparing to unpack .../103-libwayland-bin_1.22.0-2.1build1_amd64.deb ...
build	Install Linux dependencies	2025-08-25T17:38:17.3639315Z Unpacking libwayland-bin (1.22.0-2.1build1) ...
build	Install Linux dependencies	2025-08-25T17:38:17.3846058Z Selecting previously unselected package libwayland-dev:amd64.
build	Install Linux dependencies	2025-08-25T17:38:17.3981030Z Preparing to unpack .../104-libwayland-dev_1.22.0-2.1build1_amd64.deb ...
build	Install Linux dependencies	2025-08-25T17:38:17.3990325Z Unpacking libwayland-dev:amd64 (1.22.0-2.1build1) ...
build	Install Linux dependencies	2025-08-25T17:38:17.4239529Z Selecting previously unselected package libxcomposite-dev:amd64.
build	Install Linux dependencies	2025-08-25T17:38:17.4374080Z Preparing to unpack .../105-libxcomposite-dev_1%3a0.4.5-1build3_amd64.deb ...
build	Install Linux dependencies	2025-08-25T17:38:17.4381644Z Unpacking libxcomposite-dev:amd64 (1:0.4.5-1build3) ...
build	Install Linux dependencies	2025-08-25T17:38:17.4592215Z Selecting previously unselected package libxcursor-dev:amd64.
build	Install Linux dependencies	2025-08-25T17:38:17.4728437Z Preparing to unpack .../106-libxcursor-dev_1%3a1.2.1-1build1_amd64.deb ...
build	Install Linux dependencies	2025-08-25T17:38:17.4737494Z Unpacking libxcursor-dev:amd64 (1:1.2.1-1build1) ...
build	Install Linux dependencies	2025-08-25T17:38:17.4997034Z Selecting previously unselected package libxdamage-dev:amd64.
build	Install Linux dependencies	2025-08-25T17:38:17.5132763Z Preparing to unpack .../107-libxdamage-dev_1%3a1.1.6-1build1_amd64.deb ...
build	Install Linux dependencies	2025-08-25T17:38:17.5143348Z Unpacking libxdamage-dev:amd64 (1:1.1.6-1build1) ...
build	Install Linux dependencies	2025-08-25T17:38:17.5348772Z Selecting previously unselected package libxinerama-dev:amd64.
build	Install Linux dependencies	2025-08-25T17:38:17.5485168Z Preparing to unpack .../108-libxinerama-dev_2%3a1.1.4-3build1_amd64.deb ...
build	Install Linux dependencies	2025-08-25T17:38:17.5494170Z Unpacking libxinerama-dev:amd64 (2:1.1.4-3build1) ...
build	Install Linux dependencies	2025-08-25T17:38:17.5718627Z Selecting previously unselected package libxkbcommon-dev:amd64.
build	Install Linux dependencies	2025-08-25T17:38:17.5852521Z Preparing to unpack .../109-libxkbcommon-dev_1.6.0-1build1_amd64.deb ...
build	Install Linux dependencies	2025-08-25T17:38:17.5861553Z Unpacking libxkbcommon-dev:amd64 (1.6.0-1build1) ...
build	Install Linux dependencies	2025-08-25T17:38:17.6090103Z Selecting previously unselected package libxrandr-dev:amd64.
build	Install Linux dependencies	2025-08-25T17:38:17.6224076Z Preparing to unpack .../110-libxrandr-dev_2%3a1.5.2-2build1_amd64.deb ...
build	Install Linux dependencies	2025-08-25T17:38:17.6233965Z Unpacking libxrandr-dev:amd64 (2:1.5.2-2build1) ...
build	Install Linux dependencies	2025-08-25T17:38:17.6455846Z Selecting previously unselected package wayland-protocols.
build	Install Linux dependencies	2025-08-25T17:38:17.6589051Z Preparing to unpack .../111-wayland-protocols_1.38-1~ubuntu0.24.04.1_all.deb ...
build	Install Linux dependencies	2025-08-25T17:38:17.6598088Z Unpacking wayland-protocols (1.38-1~ubuntu0.24.04.1) ...
build	Install Linux dependencies	2025-08-25T17:38:17.6951356Z Selecting previously unselected package libgtk-3-dev:amd64.
build	Install Linux dependencies	2025-08-25T17:38:17.7085968Z Preparing to unpack .../112-libgtk-3-dev_3.24.41-4ubuntu1.3_amd64.deb ...
build	Install Linux dependencies	2025-08-25T17:38:17.7094646Z Unpacking libgtk-3-dev:amd64 (3.24.41-4ubuntu1.3) ...
build	Install Linux dependencies	2025-08-25T17:38:17.8362928Z Selecting previously unselected package libayatana-ido3-dev.
build	Install Linux dependencies	2025-08-25T17:38:17.8500018Z Preparing to unpack .../113-libayatana-ido3-dev_0.10.1-1build2_amd64.deb ...
build	Install Linux dependencies	2025-08-25T17:38:17.8508946Z Unpacking libayatana-ido3-dev (0.10.1-1build2) ...
build	Install Linux dependencies	2025-08-25T17:38:17.8741845Z Selecting previously unselected package libayatana-indicator3-dev.
build	Install Linux dependencies	2025-08-25T17:38:17.8877193Z Preparing to unpack .../114-libayatana-indicator3-dev_0.9.4-1build1_amd64.deb ...
build	Install Linux dependencies	2025-08-25T17:38:17.8885916Z Unpacking libayatana-indicator3-dev (0.9.4-1build1) ...
build	Install Linux dependencies	2025-08-25T17:38:17.9097759Z Selecting previously unselected package libdbusmenu-glib-dev:amd64.
build	Install Linux dependencies	2025-08-25T17:38:17.9230162Z Preparing to unpack .../115-libdbusmenu-glib-dev_18.10.20180917~bzr492+repack1-3.1ubuntu5_amd64.deb ...
build	Install Linux dependencies	2025-08-25T17:38:17.9239800Z Unpacking libdbusmenu-glib-dev:amd64 (18.10.20180917~bzr492+repack1-3.1ubuntu5) ...
build	Install Linux dependencies	2025-08-25T17:38:17.9474758Z Selecting previously unselected package libayatana-appindicator3-dev.
build	Install Linux dependencies	2025-08-25T17:38:17.9608218Z Preparing to unpack .../116-libayatana-appindicator3-dev_0.5.93-1build3_amd64.deb ...
build	Install Linux dependencies	2025-08-25T17:38:17.9616462Z Unpacking libayatana-appindicator3-dev (0.5.93-1build3) ...
build	Install Linux dependencies	2025-08-25T17:38:17.9846369Z Selecting previously unselected package libgirepository-1.0-dev:amd64.
build	Install Linux dependencies	2025-08-25T17:38:17.9979714Z Preparing to unpack .../117-libgirepository-1.0-dev_1.80.1-1_amd64.deb ...
build	Install Linux dependencies	2025-08-25T17:38:17.9997408Z Unpacking libgirepository-1.0-dev:amd64 (1.80.1-1) ...
build	Install Linux dependencies	2025-08-25T17:38:18.0231903Z Selecting previously unselected package libgirepository1.0-dev.
build	Install Linux dependencies	2025-08-25T17:38:18.0365245Z Preparing to unpack .../118-libgirepository1.0-dev_1.80.1-1_amd64.deb ...
build	Install Linux dependencies	2025-08-25T17:38:18.0374192Z Unpacking libgirepository1.0-dev (1.80.1-1) ...
build	Install Linux dependencies	2025-08-25T17:38:18.0577978Z Selecting previously unselected package libpng-tools.
build	Install Linux dependencies	2025-08-25T17:38:18.0713412Z Preparing to unpack .../119-libpng-tools_1.6.43-5build1_amd64.deb ...
build	Install Linux dependencies	2025-08-25T17:38:18.0721702Z Unpacking libpng-tools (1.6.43-5build1) ...
build	Install Linux dependencies	2025-08-25T17:38:18.0932269Z Selecting previously unselected package librsvg2-common:amd64.
build	Install Linux dependencies	2025-08-25T17:38:18.1063846Z Preparing to unpack .../120-librsvg2-common_2.58.0+dfsg-1build1_amd64.deb ...
build	Install Linux dependencies	2025-08-25T17:38:18.1075270Z Unpacking librsvg2-common:amd64 (2.58.0+dfsg-1build1) ...
build	Install Linux dependencies	2025-08-25T17:38:18.1334018Z Selecting previously unselected package librsvg2-dev:amd64.
build	Install Linux dependencies	2025-08-25T17:38:18.1466808Z Preparing to unpack .../121-librsvg2-dev_2.58.0+dfsg-1build1_amd64.deb ...
build	Install Linux dependencies	2025-08-25T17:38:18.1475623Z Unpacking librsvg2-dev:amd64 (2.58.0+dfsg-1build1) ...
build	Install Linux dependencies	2025-08-25T17:38:18.1936307Z Setting up libcairo-script-interpreter2:amd64 (1.18.0-3build1) ...
build	Install Linux dependencies	2025-08-25T17:38:18.1967484Z Setting up libglib2.0-dev-bin (2.80.0-6ubuntu3.4) ...
build	Install Linux dependencies	2025-08-25T17:38:18.3486307Z Setting up bzip2-doc (1.0.8-5.1build0.1) ...
build	Install Linux dependencies	2025-08-25T17:38:18.3508909Z Setting up libjpeg-turbo8-dev:amd64 (2.1.5-2ubuntu2) ...
build	Install Linux dependencies	2025-08-25T17:38:18.3534796Z Setting up gir1.2-freedesktop:amd64 (1.80.1-1) ...
build	Install Linux dependencies	2025-08-25T17:38:18.3559853Z Setting up libharfbuzz-icu0:amd64 (8.3.0-2build2) ...
build	Install Linux dependencies	2025-08-25T17:38:18.3582526Z Setting up libpixman-1-dev:amd64 (0.42.2-1build1) ...
build	Install Linux dependencies	2025-08-25T17:38:18.3604517Z Setting up libpangoxft-1.0-0:amd64 (1.52.1+ds-1build1) ...
build	Install Linux dependencies	2025-08-25T17:38:18.3629370Z Setting up gir1.2-dbusmenu-glib-0.4:amd64 (18.10.20180917~bzr492+repack1-3.1ubuntu5) ...
build	Install Linux dependencies	2025-08-25T17:38:18.3652813Z Setting up libglvnd-core-dev:amd64 (1.7.0-1build1) ...
build	Install Linux dependencies	2025-08-25T17:38:18.3673887Z Setting up gir1.2-gdkpixbuf-2.0:amd64 (2.42.10+dfsg-3ubuntu3.2) ...
build	Install Linux dependencies	2025-08-25T17:38:18.3703483Z Setting up libpng-tools (1.6.43-5build1) ...
build	Install Linux dependencies	2025-08-25T17:38:18.3728416Z Setting up libgirepository-2.0-0:amd64 (2.80.0-6ubuntu3.4) ...
build	Install Linux dependencies	2025-08-25T17:38:18.3752814Z Setting up gir1.2-atk-1.0:amd64 (2.52.0-1build1) ...
build	Install Linux dependencies	2025-08-25T17:38:18.3777781Z Setting up libfribidi-dev:amd64 (1.0.13-3build1) ...
build	Install Linux dependencies	2025-08-25T17:38:18.3801205Z Setting up libxkbcommon-dev:amd64 (1.6.0-1build1) ...
build	Install Linux dependencies	2025-08-25T17:38:18.3824335Z Setting up libpng-dev:amd64 (1.6.43-5build1) ...
build	Install Linux dependencies	2025-08-25T17:38:18.3847205Z Setting up pango1.0-tools (1.52.1+ds-1build1) ...
build	Install Linux dependencies	2025-08-25T17:38:18.3869290Z Setting up libjbig-dev:amd64 (2.1-6.1ubuntu2) ...
build	Install Linux dependencies	2025-08-25T17:38:18.3894740Z Setting up libwebpdecoder3:amd64 (1.3.2-0.4build3) ...
build	Install Linux dependencies	2025-08-25T17:38:18.3922512Z Setting up libharfbuzz-gobject0:amd64 (8.3.0-2build2) ...
build	Install Linux dependencies	2025-08-25T17:38:18.3948879Z Setting up gir1.2-atspi-2.0:amd64 (2.52.0-1build1) ...
build	Install Linux dependencies	2025-08-25T17:38:18.3969754Z Setting up libayatana-ido3-0.4-0:amd64 (0.10.1-1build2) ...
build	Install Linux dependencies	2025-08-25T17:38:18.3993111Z Setting up gir1.2-harfbuzz-0.0:amd64 (8.3.0-2build2) ...
build	Install Linux dependencies	2025-08-25T17:38:18.4033073Z Setting up libpthread-stubs0-dev:amd64 (0.4-1build3) ...
build	Install Linux dependencies	2025-08-25T17:38:18.4056428Z Setting up libopengl0:amd64 (1.7.0-1build1) ...
build	Install Linux dependencies	2025-08-25T17:38:18.4078769Z Setting up librsvg2-2:amd64 (2.58.0+dfsg-1build1) ...
build	Install Linux dependencies	2025-08-25T17:38:18.4100081Z Setting up xtrans-dev (1.4.0-1) ...
build	Install Linux dependencies	2025-08-25T17:38:18.4122430Z Setting up libwayland-bin (1.22.0-2.1build1) ...
build	Install Linux dependencies	2025-08-25T17:38:18.4147815Z Setting up libgraphite2-dev:amd64 (1.3.14-2build1) ...
build	Install Linux dependencies	2025-08-25T17:38:18.4177539Z Setting up gir1.2-pango-1.0:amd64 (1.52.1+ds-1build1) ...
build	Install Linux dependencies	2025-08-25T17:38:18.4201163Z Setting up libegl-mesa0:amd64 (25.0.7-0ubuntu0.24.04.1) ...
build	Install Linux dependencies	2025-08-25T17:38:18.4223530Z Setting up libgles2:amd64 (1.7.0-1build1) ...
build	Install Linux dependencies	2025-08-25T17:38:18.4248967Z Setting up libharfbuzz-cairo0:amd64 (8.3.0-2build2) ...
build	Install Linux dependencies	2025-08-25T17:38:18.4277390Z Setting up libdbus-1-dev:amd64 (1.14.10-4ubuntu4.1) ...
build	Install Linux dependencies	2025-08-25T17:38:18.5725910Z Setting up uuid-dev:amd64 (2.39.3-9ubuntu6.3) ...
build	Install Linux dependencies	2025-08-25T17:38:18.5753778Z Setting up libgles1:amd64 (1.7.0-1build1) ...
build	Install Linux dependencies	2025-08-25T17:38:18.5781742Z Setting up python3-markdown (3.5.2-1) ...
build	Install Linux dependencies	2025-08-25T17:38:18.7205886Z Setting up libsepol-dev:amd64 (3.5-2build1) ...
build	Install Linux dependencies	2025-08-25T17:38:18.7226916Z Setting up liblerc-dev:amd64 (4.0.0+ds-4ubuntu2) ...
build	Install Linux dependencies	2025-08-25T17:38:18.7249314Z Setting up librsvg2-common:amd64 (2.58.0+dfsg-1build1) ...
build	Install Linux dependencies	2025-08-25T17:38:18.7379489Z Setting up libdbusmenu-glib-dev:amd64 (18.10.20180917~bzr492+repack1-3.1ubuntu5) ...
build	Install Linux dependencies	2025-08-25T17:38:18.7401722Z Setting up liblzma-dev:amd64 (5.6.1+really5.4.5-1ubuntu0.2) ...
build	Install Linux dependencies	2025-08-25T17:38:18.7424926Z Setting up gir1.2-ayatanaido3-0.4:amd64 (0.10.1-1build2) ...
build	Install Linux dependencies	2025-08-25T17:38:18.7448451Z Setting up wayland-protocols (1.38-1~ubuntu0.24.04.1) ...
build	Install Linux dependencies	2025-08-25T17:38:18.7470583Z Setting up libdatrie-dev:amd64 (0.2.13-3build1) ...
build	Install Linux dependencies	2025-08-25T17:38:18.7495108Z Setting up gir1.2-glib-2.0-dev:amd64 (2.80.0-6ubuntu3.4) ...
build	Install Linux dependencies	2025-08-25T17:38:18.7519859Z Setting up libgdk-pixbuf2.0-bin (2.42.10+dfsg-3ubuntu3.2) ...
build	Install Linux dependencies	2025-08-25T17:38:18.7547583Z Setting up libtiff6:amd64 (4.5.1+git230720-4ubuntu2.3) ...
build	Install Linux dependencies	2025-08-25T17:38:18.7569423Z Setting up libegl1:amd64 (1.7.0-1build1) ...
build	Install Linux dependencies	2025-08-25T17:38:18.7595737Z Setting up libharfbuzz-subset0:amd64 (8.3.0-2build2) ...
build	Install Linux dependencies	2025-08-25T17:38:18.7621210Z Setting up build-essential (12.10ubuntu1) ...
build	Install Linux dependencies	2025-08-25T17:38:18.7651001Z Setting up xorg-sgml-doctools (1:1.11-1.1) ...
build	Install Linux dependencies	2025-08-25T17:38:18.7680424Z Setting up libopengl-dev:amd64 (1.7.0-1build1) ...
build	Install Linux dependencies	2025-08-25T17:38:18.7708128Z Setting up libjpeg8-dev:amd64 (8c-2ubuntu11) ...
build	Install Linux dependencies	2025-08-25T17:38:18.7734603Z Setting up gir1.2-rsvg-2.0:amd64 (2.58.0+dfsg-1build1) ...
build	Install Linux dependencies	2025-08-25T17:38:18.7757967Z Setting up libsharpyuv-dev:amd64 (1.3.2-0.4build3) ...
build	Install Linux dependencies	2025-08-25T17:38:18.7780595Z Setting up libayatana-indicator3-7:amd64 (0.9.4-1build1) ...
build	Install Linux dependencies	2025-08-25T17:38:18.7806805Z Setting up libtiffxx6:amd64 (4.5.1+git230720-4ubuntu2.3) ...
build	Install Linux dependencies	2025-08-25T17:38:18.7834697Z Setting up libdeflate-dev:amd64 (1.19-1build1.1) ...
build	Install Linux dependencies	2025-08-25T17:38:18.7869890Z Setting up libbrotli-dev:amd64 (1.1.0-2build2) ...
build	Install Linux dependencies	2025-08-25T17:38:18.7894626Z Setting up python3-mako (1.3.2-1) ...
build	Install Linux dependencies	2025-08-25T17:38:18.9316451Z Setting up libbz2-dev:amd64 (1.0.8-5.1build0.1) ...
build	Install Linux dependencies	2025-08-25T17:38:18.9338702Z Setting up libblkid-dev:amd64 (2.39.3-9ubuntu6.3) ...
build	Install Linux dependencies	2025-08-25T17:38:18.9361481Z Setting up libselinux1-dev:amd64 (3.5-2ubuntu2.1) ...
build	Install Linux dependencies	2025-08-25T17:38:18.9384422Z Setting up gobject-introspection-bin (1.80.1-1) ...
build	Install Linux dependencies	2025-08-25T17:38:19.1151715Z Setting up gir1.2-gtk-3.0:amd64 (3.24.41-4ubuntu1.3) ...
build	Install Linux dependencies	2025-08-25T17:38:19.1176242Z Setting up libjpeg-dev:amd64 (8c-2ubuntu11) ...
build	Install Linux dependencies	2025-08-25T17:38:19.1203836Z Setting up gir1.2-girepository-2.0-dev:amd64 (1.80.1-1) ...
build	Install Linux dependencies	2025-08-25T17:38:19.1230865Z Setting up libwayland-dev:amd64 (1.22.0-2.1build1) ...
build	Install Linux dependencies	2025-08-25T17:38:19.1254274Z Setting up libfreetype-dev:amd64 (2.13.2+dfsg-1build3) ...
build	Install Linux dependencies	2025-08-25T17:38:19.1279482Z Setting up libwebp-dev:amd64 (1.3.2-0.4build3) ...
build	Install Linux dependencies	2025-08-25T17:38:19.1306307Z Setting up libtiff-dev:amd64 (4.5.1+git230720-4ubuntu2.3) ...
build	Install Linux dependencies	2025-08-25T17:38:19.1331001Z Setting up libayatana-appindicator3-1 (0.5.93-1build3) ...
build	Install Linux dependencies	2025-08-25T17:38:19.1361851Z Setting up gir1.2-freedesktop-dev:amd64 (1.80.1-1) ...
build	Install Linux dependencies	2025-08-25T17:38:19.1384583Z Setting up libthai-dev:amd64 (0.1.29-2build1) ...
build	Install Linux dependencies	2025-08-25T17:38:19.1409809Z Setting up gir1.2-ayatanaappindicator3-0.1 (0.5.93-1build3) ...
build	Install Linux dependencies	2025-08-25T17:38:19.1437471Z Setting up libmount-dev:amd64 (2.39.3-9ubuntu6.3) ...
build	Install Linux dependencies	2025-08-25T17:38:19.1464033Z Setting up libfontconfig-dev:amd64 (2.15.0-1.1ubuntu2) ...
build	Install Linux dependencies	2025-08-25T17:38:19.1492083Z Setting up libglib2.0-dev:amd64 (2.80.0-6ubuntu3.4) ...
build	Install Linux dependencies	2025-08-25T17:38:19.2006837Z Processing triggers for libc-bin (2.39-0ubuntu8.5) ...
build	Install Linux dependencies	2025-08-25T17:38:20.8069638Z Processing triggers for man-db (2.12.0-4build2) ...
build	Install Linux dependencies	2025-08-25T17:39:16.2139077Z Processing triggers for libglib2.0-0t64:amd64 (2.80.0-6ubuntu3.4) ...
build	Install Linux dependencies	2025-08-25T17:39:16.2361580Z Processing triggers for libgdk-pixbuf-2.0-0:amd64 (2.42.10+dfsg-3ubuntu3.2) ...
build	Install Linux dependencies	2025-08-25T17:39:16.3078103Z Processing triggers for sgml-base (1.31) ...
build	Install Linux dependencies	2025-08-25T17:39:16.3351106Z Processing triggers for install-info (7.1-3build2) ...
build	Install Linux dependencies	2025-08-25T17:39:16.4245351Z Setting up libatk1.0-dev:amd64 (2.52.0-1build1) ...
build	Install Linux dependencies	2025-08-25T17:39:16.4284710Z Setting up x11proto-dev (2023.2-1) ...
build	Install Linux dependencies	2025-08-25T17:39:16.4316115Z Setting up libgdk-pixbuf-2.0-dev:amd64 (2.42.10+dfsg-3ubuntu3.2) ...
build	Install Linux dependencies	2025-08-25T17:39:16.4365388Z Setting up libharfbuzz-dev:amd64 (8.3.0-2build2) ...
build	Install Linux dependencies	2025-08-25T17:39:16.4408118Z Setting up libxau-dev:amd64 (1:1.0.9-1build6) ...
build	Install Linux dependencies	2025-08-25T17:39:16.4436705Z Setting up libice-dev:amd64 (2:1.0.10-1build3) ...
build	Install Linux dependencies	2025-08-25T17:39:16.4471535Z Setting up libsm-dev:amd64 (2:1.2.3-1build3) ...
build	Install Linux dependencies	2025-08-25T17:39:16.4534795Z Setting up gobject-introspection:amd64 (1.80.1-1) ...
build	Install Linux dependencies	2025-08-25T17:39:16.4577484Z Setting up libxdmcp-dev:amd64 (1:1.1.3-0ubuntu6) ...
build	Install Linux dependencies	2025-08-25T17:39:16.4641926Z Setting up libgirepository-1.0-dev:amd64 (1.80.1-1) ...
build	Install Linux dependencies	2025-08-25T17:39:16.4739800Z Setting up libxcb1-dev:amd64 (1.15-1ubuntu2) ...
build	Install Linux dependencies	2025-08-25T17:39:16.4787962Z Setting up libx11-dev:amd64 (2:1.8.7-1build1) ...
build	Install Linux dependencies	2025-08-25T17:39:16.4825322Z Setting up libxfixes-dev:amd64 (1:6.0.0-2build1) ...
build	Install Linux dependencies	2025-08-25T17:39:16.4855973Z Setting up libxcb-shm0-dev:amd64 (1.15-1ubuntu2) ...
build	Install Linux dependencies	2025-08-25T17:39:16.4903683Z Setting up libgirepository1.0-dev (1.80.1-1) ...
build	Install Linux dependencies	2025-08-25T17:39:16.4945358Z Setting up libxcb-render0-dev:amd64 (1.15-1ubuntu2) ...
build	Install Linux dependencies	2025-08-25T17:39:16.4978582Z Setting up libxext-dev:amd64 (2:1.3.4-1build2) ...
build	Install Linux dependencies	2025-08-25T17:39:16.5021156Z Setting up libglx-dev:amd64 (1.7.0-1build1) ...
build	Install Linux dependencies	2025-08-25T17:39:16.5059717Z Setting up libxi-dev:amd64 (2:1.8.1-1build1) ...
build	Install Linux dependencies	2025-08-25T17:39:16.5093228Z Setting up libxrender-dev:amd64 (1:0.9.10-1.1build1) ...
build	Install Linux dependencies	2025-08-25T17:39:16.5125063Z Setting up libgl-dev:amd64 (1.7.0-1build1) ...
build	Install Linux dependencies	2025-08-25T17:39:16.5151098Z Setting up libxft-dev:amd64 (2.3.6-1build1) ...
build	Install Linux dependencies	2025-08-25T17:39:16.5182762Z Setting up libxtst-dev:amd64 (2:1.2.3-1.1build1) ...
build	Install Linux dependencies	2025-08-25T17:39:16.5217005Z Setting up libxdamage-dev:amd64 (1:1.1.6-1build1) ...
build	Install Linux dependencies	2025-08-25T17:39:16.5242844Z Setting up libatspi2.0-dev:amd64 (2.52.0-1build1) ...
build	Install Linux dependencies	2025-08-25T17:39:16.5291016Z Setting up libegl-dev:amd64 (1.7.0-1build1) ...
build	Install Linux dependencies	2025-08-25T17:39:16.5313614Z Setting up libxcomposite-dev:amd64 (1:0.4.5-1build3) ...
build	Install Linux dependencies	2025-08-25T17:39:16.5347073Z Setting up libxcursor-dev:amd64 (1:1.2.1-1build1) ...
build	Install Linux dependencies	2025-08-25T17:39:16.5383848Z Setting up libepoxy-dev:amd64 (1.5.10-1build1) ...
build	Install Linux dependencies	2025-08-25T17:39:16.5419653Z Setting up libatk-bridge2.0-dev:amd64 (2.52.0-1build1) ...
build	Install Linux dependencies	2025-08-25T17:39:16.5465639Z Setting up libxrandr-dev:amd64 (2:1.5.2-2build1) ...
build	Install Linux dependencies	2025-08-25T17:39:16.5501059Z Setting up libxinerama-dev:amd64 (2:1.1.4-3build1) ...
build	Install Linux dependencies	2025-08-25T17:39:16.5552976Z Setting up libcairo2-dev:amd64 (1.18.0-3build1) ...
build	Install Linux dependencies	2025-08-25T17:39:16.5581046Z Setting up libgles-dev:amd64 (1.7.0-1build1) ...
build	Install Linux dependencies	2025-08-25T17:39:16.5649208Z Setting up libglvnd-dev:amd64 (1.7.0-1build1) ...
build	Install Linux dependencies	2025-08-25T17:39:16.5692267Z Setting up libpango1.0-dev:amd64 (1.52.1+ds-1build1) ...
build	Install Linux dependencies	2025-08-25T17:39:16.5722180Z Setting up librsvg2-dev:amd64 (2.58.0+dfsg-1build1) ...
build	Install Linux dependencies	2025-08-25T17:39:16.5748230Z Setting up libegl1-mesa-dev:amd64 (25.0.7-0ubuntu0.24.04.1) ...
build	Install Linux dependencies	2025-08-25T17:39:16.5779300Z Setting up libgtk-3-dev:amd64 (3.24.41-4ubuntu1.3) ...
build	Install Linux dependencies	2025-08-25T17:39:16.5826242Z Setting up libayatana-ido3-dev (0.10.1-1build2) ...
build	Install Linux dependencies	2025-08-25T17:39:16.5861005Z Setting up libayatana-indicator3-dev (0.9.4-1build1) ...
build	Install Linux dependencies	2025-08-25T17:39:16.5894950Z Setting up libayatana-appindicator3-dev (0.5.93-1build3) ...
build	Install Linux dependencies	2025-08-25T17:39:17.1783802Z 
build	Install Linux dependencies	2025-08-25T17:39:17.1784351Z Running kernel seems to be up-to-date.
build	Install Linux dependencies	2025-08-25T17:39:17.1784616Z 
build	Install Linux dependencies	2025-08-25T17:39:17.1784736Z Restarting services...
build	Install Linux dependencies	2025-08-25T17:39:17.1915172Z  systemctl restart php8.3-fpm.service
build	Install Linux dependencies	2025-08-25T17:39:17.2978058Z 
build	Install Linux dependencies	2025-08-25T17:39:17.2983878Z Service restarts being deferred:
build	Install Linux dependencies	2025-08-25T17:39:17.2984467Z  systemctl restart hosted-compute-agent.service
build	Install Linux dependencies	2025-08-25T17:39:17.2984692Z 
build	Install Linux dependencies	2025-08-25T17:39:17.2984840Z No containers need to be restarted.
build	Install Linux dependencies	2025-08-25T17:39:17.2985014Z 
build	Install Linux dependencies	2025-08-25T17:39:17.2985184Z No user sessions are running outdated binaries.
build	Install Linux dependencies	2025-08-25T17:39:17.2985376Z 
build	Install Linux dependencies	2025-08-25T17:39:17.2985639Z No VM guests are running outdated hypervisor (qemu) binaries on this host.
build	Install Linux dependencies	2025-08-25T17:39:18.0888070Z + sudo apt-get install -y libwebkit2gtk-4.1-dev
build	Install Linux dependencies	2025-08-25T17:39:18.1100328Z Reading package lists...
build	Install Linux dependencies	2025-08-25T17:39:18.2528740Z Building dependency tree...
build	Install Linux dependencies	2025-08-25T17:39:18.2536988Z Reading state information...
build	Install Linux dependencies	2025-08-25T17:39:18.4033426Z The following additional packages will be installed:
build	Install Linux dependencies	2025-08-25T17:39:18.4034350Z   bubblewrap gir1.2-javascriptcoregtk-4.1 gir1.2-soup-3.0 gir1.2-webkit2-4.1
build	Install Linux dependencies	2025-08-25T17:39:18.4035406Z   glib-networking glib-networking-common glib-networking-services
build	Install Linux dependencies	2025-08-25T17:39:18.4036437Z   gsettings-desktop-schemas gstreamer1.0-gl gstreamer1.0-plugins-base
build	Install Linux dependencies	2025-08-25T17:39:18.4037433Z   gstreamer1.0-plugins-good gstreamer1.0-x libaa1 libasyncns0 libavc1394-0
build	Install Linux dependencies	2025-08-25T17:39:18.4038058Z   libcaca0 libcdparanoia0 libdv4t64 libflac12t64 libgraphene-1.0-0
build	Install Linux dependencies	2025-08-25T17:39:18.4038799Z   libgstreamer-gl1.0-0 libgstreamer-plugins-base1.0-0
build	Install Linux dependencies	2025-08-25T17:39:18.4039606Z   libgstreamer-plugins-good1.0-0 libhyphen0 libiec61883-0
build	Install Linux dependencies	2025-08-25T17:39:18.4040377Z   libjavascriptcoregtk-4.1-0 libjavascriptcoregtk-4.1-dev libmanette-0.2-0
build	Install Linux dependencies	2025-08-25T17:39:18.4041014Z   libmp3lame0 libmpg123-0t64 libnghttp2-dev libopus0 liborc-0.4-0t64
build	Install Linux dependencies	2025-08-25T17:39:18.4042030Z   libpipewire-0.3-0t64 libpipewire-0.3-common libproxy1v5 libpsl-dev libpulse0
build	Install Linux dependencies	2025-08-25T17:39:18.4042903Z   libraw1394-11 libsecret-1-0 libsecret-common libshout3 libsndfile1
build	Install Linux dependencies	2025-08-25T17:39:18.4043429Z   libsoup-3.0-0 libsoup-3.0-common libsoup-3.0-dev libspa-0.2-modules
build	Install Linux dependencies	2025-08-25T17:39:18.4044267Z   libspeex1 libsysprof-capture-4-dev libtag1v5 libtag1v5-vanilla libtheora0
build	Install Linux dependencies	2025-08-25T17:39:18.4044884Z   libtwolame0 libv4l-0t64 libv4lconvert0t64 libvisual-0.4-0 libvorbisenc2
build	Install Linux dependencies	2025-08-25T17:39:18.4045410Z   libvpx9 libwavpack1 libwebkit2gtk-4.1-0 libwebrtc-audio-processing1 libwoff1
build	Install Linux dependencies	2025-08-25T17:39:18.4045894Z   libxv1 session-migration xdg-dbus-proxy xdg-desktop-portal
build	Install Linux dependencies	2025-08-25T17:39:18.4046214Z   xdg-desktop-portal-gtk
build	Install Linux dependencies	2025-08-25T17:39:18.4051411Z Suggested packages:
build	Install Linux dependencies	2025-08-25T17:39:18.4051940Z   gvfs libdv-bin oss-compat libvisual-0.4-plugins libnghttp2-doc opus-tools
build	Install Linux dependencies	2025-08-25T17:39:18.4053062Z   pipewire pulseaudio libraw1394-doc libsoup-3.0-doc speex gstreamer1.0-libav
build	Install Linux dependencies	2025-08-25T17:39:18.4053568Z   gstreamer1.0-plugins-bad gstreamer1.0-alsa accountsservice evince
build	Install Linux dependencies	2025-08-25T17:39:18.4053913Z   xdg-desktop-portal-gnome
build	Install Linux dependencies	2025-08-25T17:39:18.4445056Z The following NEW packages will be installed:
build	Install Linux dependencies	2025-08-25T17:39:18.4446043Z   bubblewrap gir1.2-javascriptcoregtk-4.1 gir1.2-soup-3.0 gir1.2-webkit2-4.1
build	Install Linux dependencies	2025-08-25T17:39:18.4447125Z   glib-networking glib-networking-common glib-networking-services
build	Install Linux dependencies	2025-08-25T17:39:18.4448127Z   gsettings-desktop-schemas gstreamer1.0-gl gstreamer1.0-plugins-base
build	Install Linux dependencies	2025-08-25T17:39:18.4449174Z   gstreamer1.0-plugins-good gstreamer1.0-x libaa1 libasyncns0 libavc1394-0
build	Install Linux dependencies	2025-08-25T17:39:18.4450283Z   libcaca0 libcdparanoia0 libdv4t64 libflac12t64 libgraphene-1.0-0
build	Install Linux dependencies	2025-08-25T17:39:18.4451042Z   libgstreamer-gl1.0-0 libgstreamer-plugins-base1.0-0
build	Install Linux dependencies	2025-08-25T17:39:18.4451569Z   libgstreamer-plugins-good1.0-0 libhyphen0 libiec61883-0
build	Install Linux dependencies	2025-08-25T17:39:18.4452262Z   libjavascriptcoregtk-4.1-0 libjavascriptcoregtk-4.1-dev libmanette-0.2-0
build	Install Linux dependencies	2025-08-25T17:39:18.4453516Z   libmp3lame0 libmpg123-0t64 libnghttp2-dev libopus0 liborc-0.4-0t64
build	Install Linux dependencies	2025-08-25T17:39:18.4454240Z   libpipewire-0.3-0t64 libpipewire-0.3-common libproxy1v5 libpsl-dev libpulse0
build	Install Linux dependencies	2025-08-25T17:39:18.4454757Z   libraw1394-11 libsecret-1-0 libsecret-common libshout3 libsndfile1
build	Install Linux dependencies	2025-08-25T17:39:18.4455219Z   libsoup-3.0-0 libsoup-3.0-common libsoup-3.0-dev libspa-0.2-modules
build	Install Linux dependencies	2025-08-25T17:39:18.4456032Z   libspeex1 libsysprof-capture-4-dev libtag1v5 libtag1v5-vanilla libtheora0
build	Install Linux dependencies	2025-08-25T17:39:18.4456551Z   libtwolame0 libv4l-0t64 libv4lconvert0t64 libvisual-0.4-0 libvorbisenc2
build	Install Linux dependencies	2025-08-25T17:39:18.4457014Z   libvpx9 libwavpack1 libwebkit2gtk-4.1-0 libwebkit2gtk-4.1-dev
build	Install Linux dependencies	2025-08-25T17:39:18.4457523Z   libwebrtc-audio-processing1 libwoff1 libxv1 session-migration xdg-dbus-proxy
build	Install Linux dependencies	2025-08-25T17:39:18.4457968Z   xdg-desktop-portal xdg-desktop-portal-gtk
build	Install Linux dependencies	2025-08-25T17:39:18.4639789Z 0 upgraded, 68 newly installed, 0 to remove and 26 not upgraded.
build	Install Linux dependencies	2025-08-25T17:39:18.4640467Z Need to get 47.4 MB of archives.
build	Install Linux dependencies	2025-08-25T17:39:18.4641150Z After this operation, 167 MB of additional disk space will be used.
build	Install Linux dependencies	2025-08-25T17:39:18.4641926Z Get:1 file:/etc/apt/apt-mirrors.txt Mirrorlist [144 B]
build	Install Linux dependencies	2025-08-25T17:39:18.5740181Z Get:2 http://azure.archive.ubuntu.com/ubuntu noble-updates/main amd64 bubblewrap amd64 0.9.0-1ubuntu0.1 [50.2 kB]
build	Install Linux dependencies	2025-08-25T17:39:18.6570883Z Get:3 http://azure.archive.ubuntu.com/ubuntu noble-updates/main amd64 libjavascriptcoregtk-4.1-0 amd64 2.48.5-0ubuntu0.24.04.1 [8956 kB]
build	Install Linux dependencies	2025-08-25T17:39:19.2278763Z Get:4 http://azure.archive.ubuntu.com/ubuntu noble-updates/main amd64 gir1.2-javascriptcoregtk-4.1 amd64 2.48.5-0ubuntu0.24.04.1 [38.4 kB]
build	Install Linux dependencies	2025-08-25T17:39:19.3105010Z Get:5 http://azure.archive.ubuntu.com/ubuntu noble/main amd64 libproxy1v5 amd64 0.5.4-4build1 [26.5 kB]
build	Install Linux dependencies	2025-08-25T17:39:19.3936784Z Get:6 http://azure.archive.ubuntu.com/ubuntu noble/main amd64 glib-networking-common all 2.80.0-1build1 [6702 B]
build	Install Linux dependencies	2025-08-25T17:39:19.4761118Z Get:7 http://azure.archive.ubuntu.com/ubuntu noble/main amd64 glib-networking-services amd64 2.80.0-1build1 [12.8 kB]
build	Install Linux dependencies	2025-08-25T17:39:19.5606560Z Get:8 http://azure.archive.ubuntu.com/ubuntu noble/main amd64 session-migration amd64 0.3.9build1 [9034 B]
build	Install Linux dependencies	2025-08-25T17:39:19.6416689Z Get:9 http://azure.archive.ubuntu.com/ubuntu noble-updates/main amd64 gsettings-desktop-schemas all 46.1-0ubuntu1 [35.6 kB]
build	Install Linux dependencies	2025-08-25T17:39:19.7232051Z Get:10 http://azure.archive.ubuntu.com/ubuntu noble/main amd64 glib-networking amd64 2.80.0-1build1 [64.1 kB]
build	Install Linux dependencies	2025-08-25T17:39:19.8055899Z Get:11 http://azure.archive.ubuntu.com/ubuntu noble-updates/main amd64 libsoup-3.0-common all 3.4.4-5ubuntu0.5 [11.3 kB]
build	Install Linux dependencies	2025-08-25T17:39:19.8857984Z Get:12 http://azure.archive.ubuntu.com/ubuntu noble-updates/main amd64 libsoup-3.0-0 amd64 3.4.4-5ubuntu0.5 [291 kB]
build	Install Linux dependencies	2025-08-25T17:39:19.9721616Z Get:13 http://azure.archive.ubuntu.com/ubuntu noble-updates/main amd64 gir1.2-soup-3.0 amd64 3.4.4-5ubuntu0.5 [22.5 kB]
build	Install Linux dependencies	2025-08-25T17:39:20.0526926Z Get:14 http://azure.archive.ubuntu.com/ubuntu noble/main amd64 libcdparanoia0 amd64 3.10.2+debian-14build3 [48.5 kB]
build	Install Linux dependencies	2025-08-25T17:39:20.1380252Z Get:15 http://azure.archive.ubuntu.com/ubuntu noble-updates/main amd64 liborc-0.4-0t64 amd64 1:0.4.38-1ubuntu0.1 [207 kB]
build	Install Linux dependencies	2025-08-25T17:39:20.2215605Z Get:16 http://azure.archive.ubuntu.com/ubuntu noble-updates/main amd64 libgstreamer-plugins-base1.0-0 amd64 1.24.2-1ubuntu0.2 [862 kB]
build	Install Linux dependencies	2025-08-25T17:39:20.3911666Z Get:17 http://azure.archive.ubuntu.com/ubuntu noble/main amd64 libopus0 amd64 1.4-1build1 [208 kB]
build	Install Linux dependencies	2025-08-25T17:39:20.4766273Z Get:18 http://azure.archive.ubuntu.com/ubuntu noble/main amd64 libtheora0 amd64 1.1.1+dfsg.1-16.1build3 [211 kB]
build	Install Linux dependencies	2025-08-25T17:39:20.5601171Z Get:19 http://azure.archive.ubuntu.com/ubuntu noble/main amd64 libvisual-0.4-0 amd64 0.4.2-2build1 [115 kB]
build	Install Linux dependencies	2025-08-25T17:39:20.6426380Z Get:20 http://azure.archive.ubuntu.com/ubuntu noble/main amd64 libvorbisenc2 amd64 1.3.7-1build3 [80.8 kB]
build	Install Linux dependencies	2025-08-25T17:39:20.7257217Z Get:21 http://azure.archive.ubuntu.com/ubuntu noble-updates/main amd64 gstreamer1.0-plugins-base amd64 1.24.2-1ubuntu0.2 [721 kB]
build	Install Linux dependencies	2025-08-25T17:39:20.8879019Z Get:22 http://azure.archive.ubuntu.com/ubuntu noble/main amd64 libaa1 amd64 1.4p5-51.1 [49.9 kB]
build	Install Linux dependencies	2025-08-25T17:39:20.9689433Z Get:23 http://azure.archive.ubuntu.com/ubuntu noble/main amd64 libraw1394-11 amd64 2.1.2-2build3 [26.2 kB]
build	Install Linux dependencies	2025-08-25T17:39:21.0497804Z Get:24 http://azure.archive.ubuntu.com/ubuntu noble/main amd64 libavc1394-0 amd64 0.5.4-5build3 [15.4 kB]
build	Install Linux dependencies	2025-08-25T17:39:21.1319555Z Get:25 http://azure.archive.ubuntu.com/ubuntu noble/main amd64 libcaca0 amd64 0.99.beta20-4build2 [208 kB]
build	Install Linux dependencies	2025-08-25T17:39:21.2171724Z Get:26 http://azure.archive.ubuntu.com/ubuntu noble/main amd64 libdv4t64 amd64 1.0.0-17.1build1 [63.2 kB]
build	Install Linux dependencies	2025-08-25T17:39:21.2989678Z Get:27 http://azure.archive.ubuntu.com/ubuntu noble/main amd64 libflac12t64 amd64 1.4.3+ds-2.1ubuntu2 [197 kB]
build	Install Linux dependencies	2025-08-25T17:39:21.4036806Z Get:28 http://azure.archive.ubuntu.com/ubuntu noble-updates/main amd64 libgstreamer-plugins-good1.0-0 amd64 1.24.2-1ubuntu1.1 [32.9 kB]
build	Install Linux dependencies	2025-08-25T17:39:21.4844544Z Get:29 http://azure.archive.ubuntu.com/ubuntu noble/main amd64 libiec61883-0 amd64 1.2.0-6build1 [24.5 kB]
build	Install Linux dependencies	2025-08-25T17:39:21.5657750Z Get:30 http://azure.archive.ubuntu.com/ubuntu noble/main amd64 libmp3lame0 amd64 3.100-6build1 [142 kB]
build	Install Linux dependencies	2025-08-25T17:39:21.6476675Z Get:31 http://azure.archive.ubuntu.com/ubuntu noble-updates/main amd64 libmpg123-0t64 amd64 1.32.5-1ubuntu1.1 [169 kB]
build	Install Linux dependencies	2025-08-25T17:39:21.7295836Z Get:32 http://azure.archive.ubuntu.com/ubuntu noble/main amd64 libasyncns0 amd64 0.8-6build4 [11.3 kB]
build	Install Linux dependencies	2025-08-25T17:39:21.8098475Z Get:33 http://azure.archive.ubuntu.com/ubuntu noble-updates/main amd64 libsndfile1 amd64 1.2.2-1ubuntu5.24.04.1 [209 kB]
build	Install Linux dependencies	2025-08-25T17:39:21.8924187Z Get:34 http://azure.archive.ubuntu.com/ubuntu noble-updates/main amd64 libpulse0 amd64 1:16.1+dfsg1-2ubuntu10.1 [292 kB]
build	Install Linux dependencies	2025-08-25T17:39:21.9760773Z Get:35 http://azure.archive.ubuntu.com/ubuntu noble-updates/main amd64 libspeex1 amd64 1.2.1-2ubuntu2.24.04.1 [59.6 kB]
build	Install Linux dependencies	2025-08-25T17:39:22.0573678Z Get:36 http://azure.archive.ubuntu.com/ubuntu noble/main amd64 libshout3 amd64 2.4.6-1build2 [50.3 kB]
build	Install Linux dependencies	2025-08-25T17:39:22.1403284Z Get:37 http://azure.archive.ubuntu.com/ubuntu noble/main amd64 libtag1v5-vanilla amd64 1.13.1-1build1 [326 kB]
build	Install Linux dependencies	2025-08-25T17:39:22.2250394Z Get:38 http://azure.archive.ubuntu.com/ubuntu noble/main amd64 libtag1v5 amd64 1.13.1-1build1 [11.7 kB]
build	Install Linux dependencies	2025-08-25T17:39:22.3053364Z Get:39 http://azure.archive.ubuntu.com/ubuntu noble/main amd64 libtwolame0 amd64 0.4.0-2build3 [52.3 kB]
build	Install Linux dependencies	2025-08-25T17:39:22.3860551Z Get:40 http://azure.archive.ubuntu.com/ubuntu noble/main amd64 libv4lconvert0t64 amd64 1.26.1-4build3 [87.6 kB]
build	Install Linux dependencies	2025-08-25T17:39:22.4673613Z Get:41 http://azure.archive.ubuntu.com/ubuntu noble/main amd64 libv4l-0t64 amd64 1.26.1-4build3 [46.9 kB]
build	Install Linux dependencies	2025-08-25T17:39:22.5483556Z Get:42 http://azure.archive.ubuntu.com/ubuntu noble-updates/main amd64 libvpx9 amd64 1.14.0-1ubuntu2.2 [1143 kB]
build	Install Linux dependencies	2025-08-25T17:39:22.7866723Z Get:43 http://azure.archive.ubuntu.com/ubuntu noble/main amd64 libwavpack1 amd64 5.6.0-1build1 [84.6 kB]
build	Install Linux dependencies	2025-08-25T17:39:22.8679633Z Get:44 http://azure.archive.ubuntu.com/ubuntu noble-updates/main amd64 gstreamer1.0-plugins-good amd64 1.24.2-1ubuntu1.1 [2238 kB]
build	Install Linux dependencies	2025-08-25T17:39:23.2074599Z Get:45 http://azure.archive.ubuntu.com/ubuntu noble/main amd64 xdg-dbus-proxy amd64 0.1.5-1build2 [25.9 kB]
build	Install Linux dependencies	2025-08-25T17:39:23.2874200Z Get:46 http://azure.archive.ubuntu.com/ubuntu noble-updates/main amd64 libgstreamer-gl1.0-0 amd64 1.24.2-1ubuntu0.2 [214 kB]
build	Install Linux dependencies	2025-08-25T17:39:23.3747125Z Get:47 http://azure.archive.ubuntu.com/ubuntu noble/main amd64 libhyphen0 amd64 2.8.8-7build3 [26.5 kB]
build	Install Linux dependencies	2025-08-25T17:39:23.4560586Z Get:48 http://azure.archive.ubuntu.com/ubuntu noble/main amd64 libmanette-0.2-0 amd64 0.2.7-1build2 [30.6 kB]
build	Install Linux dependencies	2025-08-25T17:39:23.5476575Z Get:49 http://azure.archive.ubuntu.com/ubuntu noble/main amd64 libsecret-common all 0.21.4-1build3 [4962 B]
build	Install Linux dependencies	2025-08-25T17:39:23.6297837Z Get:50 http://azure.archive.ubuntu.com/ubuntu noble/main amd64 libsecret-1-0 amd64 0.21.4-1build3 [116 kB]
build	Install Linux dependencies	2025-08-25T17:39:23.7116930Z Get:51 http://azure.archive.ubuntu.com/ubuntu noble/main amd64 libwoff1 amd64 1.0.2-2build1 [45.3 kB]
build	Install Linux dependencies	2025-08-25T17:39:23.7935953Z Get:52 http://azure.archive.ubuntu.com/ubuntu noble-updates/main amd64 libwebkit2gtk-4.1-0 amd64 2.48.5-0ubuntu0.24.04.1 [26.8 MB]
build	Install Linux dependencies	2025-08-25T17:39:24.8400428Z Get:53 http://azure.archive.ubuntu.com/ubuntu noble-updates/main amd64 gir1.2-webkit2-4.1 amd64 2.48.5-0ubuntu0.24.04.1 [105 kB]
build	Install Linux dependencies	2025-08-25T17:39:24.9237440Z Get:54 http://azure.archive.ubuntu.com/ubuntu noble/main amd64 libgraphene-1.0-0 amd64 1.10.8-3build2 [46.2 kB]
build	Install Linux dependencies	2025-08-25T17:39:25.0048736Z Get:55 http://azure.archive.ubuntu.com/ubuntu noble-updates/main amd64 gstreamer1.0-gl amd64 1.24.2-1ubuntu0.2 [116 kB]
build	Install Linux dependencies	2025-08-25T17:39:25.0877772Z Get:56 http://azure.archive.ubuntu.com/ubuntu noble/main amd64 libxv1 amd64 2:1.0.11-1.1build1 [10.7 kB]
build	Install Linux dependencies	2025-08-25T17:39:25.1690193Z Get:57 http://azure.archive.ubuntu.com/ubuntu noble-updates/main amd64 gstreamer1.0-x amd64 1.24.2-1ubuntu0.2 [85.0 kB]
build	Install Linux dependencies	2025-08-25T17:39:25.2508610Z Get:58 http://azure.archive.ubuntu.com/ubuntu noble-updates/universe amd64 libjavascriptcoregtk-4.1-dev amd64 2.48.5-0ubuntu0.24.04.1 [69.6 kB]
build	Install Linux dependencies	2025-08-25T17:39:25.3329439Z Get:59 http://azure.archive.ubuntu.com/ubuntu noble-updates/main amd64 libnghttp2-dev amd64 1.59.0-1ubuntu0.2 [116 kB]
build	Install Linux dependencies	2025-08-25T17:39:25.4154213Z Get:60 http://azure.archive.ubuntu.com/ubuntu noble/main amd64 libwebrtc-audio-processing1 amd64 0.3.1-0ubuntu6 [290 kB]
build	Install Linux dependencies	2025-08-25T17:39:25.5753778Z Get:61 http://azure.archive.ubuntu.com/ubuntu noble-updates/main amd64 libspa-0.2-modules amd64 1.0.5-1ubuntu3.1 [626 kB]
build	Install Linux dependencies	2025-08-25T17:39:25.7410933Z Get:62 http://azure.archive.ubuntu.com/ubuntu noble-updates/main amd64 libpipewire-0.3-0t64 amd64 1.0.5-1ubuntu3.1 [252 kB]
build	Install Linux dependencies	2025-08-25T17:39:25.8275061Z Get:63 http://azure.archive.ubuntu.com/ubuntu noble-updates/main amd64 libpipewire-0.3-common all 1.0.5-1ubuntu3.1 [18.9 kB]
build	Install Linux dependencies	2025-08-25T17:39:25.9081397Z Get:64 http://azure.archive.ubuntu.com/ubuntu noble/main amd64 libpsl-dev amd64 0.21.2-1.1build1 [76.4 kB]
build	Install Linux dependencies	2025-08-25T17:39:25.9894747Z Get:65 http://azure.archive.ubuntu.com/ubuntu noble/universe amd64 libsysprof-capture-4-dev amd64 46.0-1build1 [51.0 kB]
build	Install Linux dependencies	2025-08-25T17:39:26.0702878Z Get:66 http://azure.archive.ubuntu.com/ubuntu noble-updates/universe amd64 libsoup-3.0-dev amd64 3.4.4-5ubuntu0.5 [105 kB]
build	Install Linux dependencies	2025-08-25T17:39:26.1534973Z Get:67 http://azure.archive.ubuntu.com/ubuntu noble-updates/universe amd64 libwebkit2gtk-4.1-dev amd64 2.48.5-0ubuntu0.24.04.1 [289 kB]
build	Install Linux dependencies	2025-08-25T17:39:26.2386428Z Get:68 http://azure.archive.ubuntu.com/ubuntu noble-updates/main amd64 xdg-desktop-portal amd64 1.18.4-1ubuntu2.24.04.1 [298 kB]
build	Install Linux dependencies	2025-08-25T17:39:26.3251827Z Get:69 http://azure.archive.ubuntu.com/ubuntu noble/main amd64 xdg-desktop-portal-gtk amd64 1.15.1-1build2 [80.3 kB]
build	Install Linux dependencies	2025-08-25T17:39:26.6387152Z Fetched 47.4 MB in 8s (6027 kB/s)
build	Install Linux dependencies	2025-08-25T17:39:26.6591177Z Selecting previously unselected package bubblewrap.
build	Install Linux dependencies	2025-08-25T17:39:26.6653132Z (Reading database ... 
build	Install Linux dependencies	2025-08-25T17:39:26.6653573Z (Reading database ... 5%
build	Install Linux dependencies	2025-08-25T17:39:26.6653961Z (Reading database ... 10%
build	Install Linux dependencies	2025-08-25T17:39:26.6654358Z (Reading database ... 15%
build	Install Linux dependencies	2025-08-25T17:39:26.6654736Z (Reading database ... 20%
build	Install Linux dependencies	2025-08-25T17:39:26.6655106Z (Reading database ... 25%
build	Install Linux dependencies	2025-08-25T17:39:26.6655480Z (Reading database ... 30%
build	Install Linux dependencies	2025-08-25T17:39:26.6655853Z (Reading database ... 35%
build	Install Linux dependencies	2025-08-25T17:39:26.6656260Z (Reading database ... 40%
build	Install Linux dependencies	2025-08-25T17:39:26.6656631Z (Reading database ... 45%
build	Install Linux dependencies	2025-08-25T17:39:26.6657001Z (Reading database ... 50%
build	Install Linux dependencies	2025-08-25T17:39:26.6767776Z (Reading database ... 55%
build	Install Linux dependencies	2025-08-25T17:39:26.6790370Z (Reading database ... 60%
build	Install Linux dependencies	2025-08-25T17:39:26.6813981Z (Reading database ... 65%
build	Install Linux dependencies	2025-08-25T17:39:26.6857852Z (Reading database ... 70%
build	Install Linux dependencies	2025-08-25T17:39:26.6882086Z (Reading database ... 75%
build	Install Linux dependencies	2025-08-25T17:39:26.6912998Z (Reading database ... 80%
build	Install Linux dependencies	2025-08-25T17:39:26.6932729Z (Reading database ... 85%
build	Install Linux dependencies	2025-08-25T17:39:26.7139787Z (Reading database ... 90%
build	Install Linux dependencies	2025-08-25T17:39:26.7388879Z (Reading database ... 95%
build	Install Linux dependencies	2025-08-25T17:39:26.7389316Z (Reading database ... 100%
build	Install Linux dependencies	2025-08-25T17:39:26.7389987Z (Reading database ... 223370 files and directories currently installed.)
build	Install Linux dependencies	2025-08-25T17:39:26.7429114Z Preparing to unpack .../00-bubblewrap_0.9.0-1ubuntu0.1_amd64.deb ...
build	Install Linux dependencies	2025-08-25T17:39:26.7439203Z Unpacking bubblewrap (0.9.0-1ubuntu0.1) ...
build	Install Linux dependencies	2025-08-25T17:39:26.7683711Z Selecting previously unselected package libjavascriptcoregtk-4.1-0:amd64.
build	Install Linux dependencies	2025-08-25T17:39:26.7817292Z Preparing to unpack .../01-libjavascriptcoregtk-4.1-0_2.48.5-0ubuntu0.24.04.1_amd64.deb ...
build	Install Linux dependencies	2025-08-25T17:39:26.7831945Z Unpacking libjavascriptcoregtk-4.1-0:amd64 (2.48.5-0ubuntu0.24.04.1) ...
build	Install Linux dependencies	2025-08-25T17:39:26.9205627Z Selecting previously unselected package gir1.2-javascriptcoregtk-4.1:amd64.
build	Install Linux dependencies	2025-08-25T17:39:26.9342186Z Preparing to unpack .../02-gir1.2-javascriptcoregtk-4.1_2.48.5-0ubuntu0.24.04.1_amd64.deb ...
build	Install Linux dependencies	2025-08-25T17:39:26.9349938Z Unpacking gir1.2-javascriptcoregtk-4.1:amd64 (2.48.5-0ubuntu0.24.04.1) ...
build	Install Linux dependencies	2025-08-25T17:39:26.9571541Z Selecting previously unselected package libproxy1v5:amd64.
build	Install Linux dependencies	2025-08-25T17:39:26.9707501Z Preparing to unpack .../03-libproxy1v5_0.5.4-4build1_amd64.deb ...
build	Install Linux dependencies	2025-08-25T17:39:26.9715648Z Unpacking libproxy1v5:amd64 (0.5.4-4build1) ...
build	Install Linux dependencies	2025-08-25T17:39:26.9951930Z Selecting previously unselected package glib-networking-common.
build	Install Linux dependencies	2025-08-25T17:39:27.0086690Z Preparing to unpack .../04-glib-networking-common_2.80.0-1build1_all.deb ...
build	Install Linux dependencies	2025-08-25T17:39:27.0095017Z Unpacking glib-networking-common (2.80.0-1build1) ...
build	Install Linux dependencies	2025-08-25T17:39:27.0283480Z Selecting previously unselected package glib-networking-services.
build	Install Linux dependencies	2025-08-25T17:39:27.0419214Z Preparing to unpack .../05-glib-networking-services_2.80.0-1build1_amd64.deb ...
build	Install Linux dependencies	2025-08-25T17:39:27.0426897Z Unpacking glib-networking-services (2.80.0-1build1) ...
build	Install Linux dependencies	2025-08-25T17:39:27.0630242Z Selecting previously unselected package session-migration.
build	Install Linux dependencies	2025-08-25T17:39:27.0766559Z Preparing to unpack .../06-session-migration_0.3.9build1_amd64.deb ...
build	Install Linux dependencies	2025-08-25T17:39:27.0774001Z Unpacking session-migration (0.3.9build1) ...
build	Install Linux dependencies	2025-08-25T17:39:27.1003644Z Selecting previously unselected package gsettings-desktop-schemas.
build	Install Linux dependencies	2025-08-25T17:39:27.1138745Z Preparing to unpack .../07-gsettings-desktop-schemas_46.1-0ubuntu1_all.deb ...
build	Install Linux dependencies	2025-08-25T17:39:27.1146955Z Unpacking gsettings-desktop-schemas (46.1-0ubuntu1) ...
build	Install Linux dependencies	2025-08-25T17:39:27.1414354Z Selecting previously unselected package glib-networking:amd64.
build	Install Linux dependencies	2025-08-25T17:39:27.1549395Z Preparing to unpack .../08-glib-networking_2.80.0-1build1_amd64.deb ...
build	Install Linux dependencies	2025-08-25T17:39:27.1556745Z Unpacking glib-networking:amd64 (2.80.0-1build1) ...
build	Install Linux dependencies	2025-08-25T17:39:27.1765021Z Selecting previously unselected package libsoup-3.0-common.
build	Install Linux dependencies	2025-08-25T17:39:27.1899204Z Preparing to unpack .../09-libsoup-3.0-common_3.4.4-5ubuntu0.5_all.deb ...
build	Install Linux dependencies	2025-08-25T17:39:27.1906966Z Unpacking libsoup-3.0-common (3.4.4-5ubuntu0.5) ...
build	Install Linux dependencies	2025-08-25T17:39:27.2106530Z Selecting previously unselected package libsoup-3.0-0:amd64.
build	Install Linux dependencies	2025-08-25T17:39:27.2239079Z Preparing to unpack .../10-libsoup-3.0-0_3.4.4-5ubuntu0.5_amd64.deb ...
build	Install Linux dependencies	2025-08-25T17:39:27.2248061Z Unpacking libsoup-3.0-0:amd64 (3.4.4-5ubuntu0.5) ...
build	Install Linux dependencies	2025-08-25T17:39:27.2485121Z Selecting previously unselected package gir1.2-soup-3.0:amd64.
build	Install Linux dependencies	2025-08-25T17:39:27.2621085Z Preparing to unpack .../11-gir1.2-soup-3.0_3.4.4-5ubuntu0.5_amd64.deb ...
build	Install Linux dependencies	2025-08-25T17:39:27.2630371Z Unpacking gir1.2-soup-3.0:amd64 (3.4.4-5ubuntu0.5) ...
build	Install Linux dependencies	2025-08-25T17:39:27.2854255Z Selecting previously unselected package libcdparanoia0:amd64.
build	Install Linux dependencies	2025-08-25T17:39:27.2991398Z Preparing to unpack .../12-libcdparanoia0_3.10.2+debian-14build3_amd64.deb ...
build	Install Linux dependencies	2025-08-25T17:39:27.3014662Z Unpacking libcdparanoia0:amd64 (3.10.2+debian-14build3) ...
build	Install Linux dependencies	2025-08-25T17:39:27.3239721Z Selecting previously unselected package liborc-0.4-0t64:amd64.
build	Install Linux dependencies	2025-08-25T17:39:27.3375097Z Preparing to unpack .../13-liborc-0.4-0t64_1%3a0.4.38-1ubuntu0.1_amd64.deb ...
build	Install Linux dependencies	2025-08-25T17:39:27.3384263Z Unpacking liborc-0.4-0t64:amd64 (1:0.4.38-1ubuntu0.1) ...
build	Install Linux dependencies	2025-08-25T17:39:27.3655311Z Selecting previously unselected package libgstreamer-plugins-base1.0-0:amd64.
build	Install Linux dependencies	2025-08-25T17:39:27.3787535Z Preparing to unpack .../14-libgstreamer-plugins-base1.0-0_1.24.2-1ubuntu0.2_amd64.deb ...
build	Install Linux dependencies	2025-08-25T17:39:27.3799985Z Unpacking libgstreamer-plugins-base1.0-0:amd64 (1.24.2-1ubuntu0.2) ...
build	Install Linux dependencies	2025-08-25T17:39:27.4141833Z Selecting previously unselected package libopus0:amd64.
build	Install Linux dependencies	2025-08-25T17:39:27.4275758Z Preparing to unpack .../15-libopus0_1.4-1build1_amd64.deb ...
build	Install Linux dependencies	2025-08-25T17:39:27.4284154Z Unpacking libopus0:amd64 (1.4-1build1) ...
build	Install Linux dependencies	2025-08-25T17:39:27.4543219Z Selecting previously unselected package libtheora0:amd64.
build	Install Linux dependencies	2025-08-25T17:39:27.4682097Z Preparing to unpack .../16-libtheora0_1.1.1+dfsg.1-16.1build3_amd64.deb ...
build	Install Linux dependencies	2025-08-25T17:39:27.4692161Z Unpacking libtheora0:amd64 (1.1.1+dfsg.1-16.1build3) ...
build	Install Linux dependencies	2025-08-25T17:39:27.4937375Z Selecting previously unselected package libvisual-0.4-0:amd64.
build	Install Linux dependencies	2025-08-25T17:39:27.5071459Z Preparing to unpack .../17-libvisual-0.4-0_0.4.2-2build1_amd64.deb ...
build	Install Linux dependencies	2025-08-25T17:39:27.5079717Z Unpacking libvisual-0.4-0:amd64 (0.4.2-2build1) ...
build	Install Linux dependencies	2025-08-25T17:39:27.5315308Z Selecting previously unselected package libvorbisenc2:amd64.
build	Install Linux dependencies	2025-08-25T17:39:27.5451561Z Preparing to unpack .../18-libvorbisenc2_1.3.7-1build3_amd64.deb ...
build	Install Linux dependencies	2025-08-25T17:39:27.5460995Z Unpacking libvorbisenc2:amd64 (1.3.7-1build3) ...
build	Install Linux dependencies	2025-08-25T17:39:27.5704377Z Selecting previously unselected package gstreamer1.0-plugins-base:amd64.
build	Install Linux dependencies	2025-08-25T17:39:27.5839173Z Preparing to unpack .../19-gstreamer1.0-plugins-base_1.24.2-1ubuntu0.2_amd64.deb ...
build	Install Linux dependencies	2025-08-25T17:39:27.5846913Z Unpacking gstreamer1.0-plugins-base:amd64 (1.24.2-1ubuntu0.2) ...
build	Install Linux dependencies	2025-08-25T17:39:27.6180640Z Selecting previously unselected package libaa1:amd64.
build	Install Linux dependencies	2025-08-25T17:39:27.6314785Z Preparing to unpack .../20-libaa1_1.4p5-51.1_amd64.deb ...
build	Install Linux dependencies	2025-08-25T17:39:27.6323500Z Unpacking libaa1:amd64 (1.4p5-51.1) ...
build	Install Linux dependencies	2025-08-25T17:39:27.6548336Z Selecting previously unselected package libraw1394-11:amd64.
build	Install Linux dependencies	2025-08-25T17:39:27.6684773Z Preparing to unpack .../21-libraw1394-11_2.1.2-2build3_amd64.deb ...
build	Install Linux dependencies	2025-08-25T17:39:27.6692984Z Unpacking libraw1394-11:amd64 (2.1.2-2build3) ...
build	Install Linux dependencies	2025-08-25T17:39:27.6919176Z Selecting previously unselected package libavc1394-0:amd64.
build	Install Linux dependencies	2025-08-25T17:39:27.7055875Z Preparing to unpack .../22-libavc1394-0_0.5.4-5build3_amd64.deb ...
build	Install Linux dependencies	2025-08-25T17:39:27.7065268Z Unpacking libavc1394-0:amd64 (0.5.4-5build3) ...
build	Install Linux dependencies	2025-08-25T17:39:27.7284868Z Selecting previously unselected package libcaca0:amd64.
build	Install Linux dependencies	2025-08-25T17:39:27.7420467Z Preparing to unpack .../23-libcaca0_0.99.beta20-4build2_amd64.deb ...
build	Install Linux dependencies	2025-08-25T17:39:27.7429180Z Unpacking libcaca0:amd64 (0.99.beta20-4build2) ...
build	Install Linux dependencies	2025-08-25T17:39:27.7700283Z Selecting previously unselected package libdv4t64:amd64.
build	Install Linux dependencies	2025-08-25T17:39:27.7837899Z Preparing to unpack .../24-libdv4t64_1.0.0-17.1build1_amd64.deb ...
build	Install Linux dependencies	2025-08-25T17:39:27.7848059Z Unpacking libdv4t64:amd64 (1.0.0-17.1build1) ...
build	Install Linux dependencies	2025-08-25T17:39:27.8090195Z Selecting previously unselected package libflac12t64:amd64.
build	Install Linux dependencies	2025-08-25T17:39:27.8226227Z Preparing to unpack .../25-libflac12t64_1.4.3+ds-2.1ubuntu2_amd64.deb ...
build	Install Linux dependencies	2025-08-25T17:39:27.8234443Z Unpacking libflac12t64:amd64 (1.4.3+ds-2.1ubuntu2) ...
build	Install Linux dependencies	2025-08-25T17:39:27.8466257Z Selecting previously unselected package libgstreamer-plugins-good1.0-0:amd64.
build	Install Linux dependencies	2025-08-25T17:39:27.8601091Z Preparing to unpack .../26-libgstreamer-plugins-good1.0-0_1.24.2-1ubuntu1.1_amd64.deb ...
build	Install Linux dependencies	2025-08-25T17:39:27.8609113Z Unpacking libgstreamer-plugins-good1.0-0:amd64 (1.24.2-1ubuntu1.1) ...
build	Install Linux dependencies	2025-08-25T17:39:27.8847937Z Selecting previously unselected package libiec61883-0:amd64.
build	Install Linux dependencies	2025-08-25T17:39:27.8983436Z Preparing to unpack .../27-libiec61883-0_1.2.0-6build1_amd64.deb ...
build	Install Linux dependencies	2025-08-25T17:39:27.8991998Z Unpacking libiec61883-0:amd64 (1.2.0-6build1) ...
build	Install Linux dependencies	2025-08-25T17:39:27.9216448Z Selecting previously unselected package libmp3lame0:amd64.
build	Install Linux dependencies	2025-08-25T17:39:27.9350742Z Preparing to unpack .../28-libmp3lame0_3.100-6build1_amd64.deb ...
build	Install Linux dependencies	2025-08-25T17:39:27.9359498Z Unpacking libmp3lame0:amd64 (3.100-6build1) ...
build	Install Linux dependencies	2025-08-25T17:39:27.9595353Z Selecting previously unselected package libmpg123-0t64:amd64.
build	Install Linux dependencies	2025-08-25T17:39:27.9725845Z Preparing to unpack .../29-libmpg123-0t64_1.32.5-1ubuntu1.1_amd64.deb ...
build	Install Linux dependencies	2025-08-25T17:39:27.9735069Z Unpacking libmpg123-0t64:amd64 (1.32.5-1ubuntu1.1) ...
build	Install Linux dependencies	2025-08-25T17:39:27.9970286Z Selecting previously unselected package libasyncns0:amd64.
build	Install Linux dependencies	2025-08-25T17:39:28.0099392Z Preparing to unpack .../30-libasyncns0_0.8-6build4_amd64.deb ...
build	Install Linux dependencies	2025-08-25T17:39:28.0110415Z Unpacking libasyncns0:amd64 (0.8-6build4) ...
build	Install Linux dependencies	2025-08-25T17:39:28.0323019Z Selecting previously unselected package libsndfile1:amd64.
build	Install Linux dependencies	2025-08-25T17:39:28.0451703Z Preparing to unpack .../31-libsndfile1_1.2.2-1ubuntu5.24.04.1_amd64.deb ...
build	Install Linux dependencies	2025-08-25T17:39:28.0462315Z Unpacking libsndfile1:amd64 (1.2.2-1ubuntu5.24.04.1) ...
build	Install Linux dependencies	2025-08-25T17:39:28.0727504Z Selecting previously unselected package libpulse0:amd64.
build	Install Linux dependencies	2025-08-25T17:39:28.0856922Z Preparing to unpack .../32-libpulse0_1%3a16.1+dfsg1-2ubuntu10.1_amd64.deb ...
build	Install Linux dependencies	2025-08-25T17:39:28.0921911Z Unpacking libpulse0:amd64 (1:16.1+dfsg1-2ubuntu10.1) ...
build	Install Linux dependencies	2025-08-25T17:39:28.1185299Z Selecting previously unselected package libspeex1:amd64.
build	Install Linux dependencies	2025-08-25T17:39:28.1315209Z Preparing to unpack .../33-libspeex1_1.2.1-2ubuntu2.24.04.1_amd64.deb ...
build	Install Linux dependencies	2025-08-25T17:39:28.1323767Z Unpacking libspeex1:amd64 (1.2.1-2ubuntu2.24.04.1) ...
build	Install Linux dependencies	2025-08-25T17:39:28.1549662Z Selecting previously unselected package libshout3:amd64.
build	Install Linux dependencies	2025-08-25T17:39:28.1678593Z Preparing to unpack .../34-libshout3_2.4.6-1build2_amd64.deb ...
build	Install Linux dependencies	2025-08-25T17:39:28.1687508Z Unpacking libshout3:amd64 (2.4.6-1build2) ...
build	Install Linux dependencies	2025-08-25T17:39:28.1921140Z Selecting previously unselected package libtag1v5-vanilla:amd64.
build	Install Linux dependencies	2025-08-25T17:39:28.2050824Z Preparing to unpack .../35-libtag1v5-vanilla_1.13.1-1build1_amd64.deb ...
build	Install Linux dependencies	2025-08-25T17:39:28.2059411Z Unpacking libtag1v5-vanilla:amd64 (1.13.1-1build1) ...
build	Install Linux dependencies	2025-08-25T17:39:28.2305710Z Selecting previously unselected package libtag1v5:amd64.
build	Install Linux dependencies	2025-08-25T17:39:28.2435667Z Preparing to unpack .../36-libtag1v5_1.13.1-1build1_amd64.deb ...
build	Install Linux dependencies	2025-08-25T17:39:28.2448879Z Unpacking libtag1v5:amd64 (1.13.1-1build1) ...
build	Install Linux dependencies	2025-08-25T17:39:28.2656035Z Selecting previously unselected package libtwolame0:amd64.
build	Install Linux dependencies	2025-08-25T17:39:28.2784126Z Preparing to unpack .../37-libtwolame0_0.4.0-2build3_amd64.deb ...
build	Install Linux dependencies	2025-08-25T17:39:28.2794528Z Unpacking libtwolame0:amd64 (0.4.0-2build3) ...
build	Install Linux dependencies	2025-08-25T17:39:28.3041677Z Selecting previously unselected package libv4lconvert0t64:amd64.
build	Install Linux dependencies	2025-08-25T17:39:28.3170470Z Preparing to unpack .../38-libv4lconvert0t64_1.26.1-4build3_amd64.deb ...
build	Install Linux dependencies	2025-08-25T17:39:28.3180415Z Unpacking libv4lconvert0t64:amd64 (1.26.1-4build3) ...
build	Install Linux dependencies	2025-08-25T17:39:28.3436255Z Selecting previously unselected package libv4l-0t64:amd64.
build	Install Linux dependencies	2025-08-25T17:39:28.3563143Z Preparing to unpack .../39-libv4l-0t64_1.26.1-4build3_amd64.deb ...
build	Install Linux dependencies	2025-08-25T17:39:28.3575269Z Unpacking libv4l-0t64:amd64 (1.26.1-4build3) ...
build	Install Linux dependencies	2025-08-25T17:39:28.3815493Z Selecting previously unselected package libvpx9:amd64.
build	Install Linux dependencies	2025-08-25T17:39:28.3941807Z Preparing to unpack .../40-libvpx9_1.14.0-1ubuntu2.2_amd64.deb ...
build	Install Linux dependencies	2025-08-25T17:39:28.3953867Z Unpacking libvpx9:amd64 (1.14.0-1ubuntu2.2) ...
build	Install Linux dependencies	2025-08-25T17:39:28.4301733Z Selecting previously unselected package libwavpack1:amd64.
build	Install Linux dependencies	2025-08-25T17:39:28.4434604Z Preparing to unpack .../41-libwavpack1_5.6.0-1build1_amd64.deb ...
build	Install Linux dependencies	2025-08-25T17:39:28.4442789Z Unpacking libwavpack1:amd64 (5.6.0-1build1) ...
build	Install Linux dependencies	2025-08-25T17:39:28.4669449Z Selecting previously unselected package gstreamer1.0-plugins-good:amd64.
build	Install Linux dependencies	2025-08-25T17:39:28.4800289Z Preparing to unpack .../42-gstreamer1.0-plugins-good_1.24.2-1ubuntu1.1_amd64.deb ...
build	Install Linux dependencies	2025-08-25T17:39:28.4813803Z Unpacking gstreamer1.0-plugins-good:amd64 (1.24.2-1ubuntu1.1) ...
build	Install Linux dependencies	2025-08-25T17:39:28.5412976Z Selecting previously unselected package xdg-dbus-proxy.
build	Install Linux dependencies	2025-08-25T17:39:28.5547880Z Preparing to unpack .../43-xdg-dbus-proxy_0.1.5-1build2_amd64.deb ...
build	Install Linux dependencies	2025-08-25T17:39:28.5559886Z Unpacking xdg-dbus-proxy (0.1.5-1build2) ...
build	Install Linux dependencies	2025-08-25T17:39:28.5783068Z Selecting previously unselected package libgstreamer-gl1.0-0:amd64.
build	Install Linux dependencies	2025-08-25T17:39:28.5919041Z Preparing to unpack .../44-libgstreamer-gl1.0-0_1.24.2-1ubuntu0.2_amd64.deb ...
build	Install Linux dependencies	2025-08-25T17:39:28.5928135Z Unpacking libgstreamer-gl1.0-0:amd64 (1.24.2-1ubuntu0.2) ...
build	Install Linux dependencies	2025-08-25T17:39:28.6181106Z Selecting previously unselected package libhyphen0:amd64.
build	Install Linux dependencies	2025-08-25T17:39:28.6316515Z Preparing to unpack .../45-libhyphen0_2.8.8-7build3_amd64.deb ...
build	Install Linux dependencies	2025-08-25T17:39:28.6326986Z Unpacking libhyphen0:amd64 (2.8.8-7build3) ...
build	Install Linux dependencies	2025-08-25T17:39:28.6568873Z Selecting previously unselected package libmanette-0.2-0:amd64.
build	Install Linux dependencies	2025-08-25T17:39:28.6703122Z Preparing to unpack .../46-libmanette-0.2-0_0.2.7-1build2_amd64.deb ...
build	Install Linux dependencies	2025-08-25T17:39:28.6715077Z Unpacking libmanette-0.2-0:amd64 (0.2.7-1build2) ...
build	Install Linux dependencies	2025-08-25T17:39:28.6927172Z Selecting previously unselected package libsecret-common.
build	Install Linux dependencies	2025-08-25T17:39:28.7061505Z Preparing to unpack .../47-libsecret-common_0.21.4-1build3_all.deb ...
build	Install Linux dependencies	2025-08-25T17:39:28.7073578Z Unpacking libsecret-common (0.21.4-1build3) ...
build	Install Linux dependencies	2025-08-25T17:39:28.7285432Z Selecting previously unselected package libsecret-1-0:amd64.
build	Install Linux dependencies	2025-08-25T17:39:28.7413679Z Preparing to unpack .../48-libsecret-1-0_0.21.4-1build3_amd64.deb ...
build	Install Linux dependencies	2025-08-25T17:39:28.7422736Z Unpacking libsecret-1-0:amd64 (0.21.4-1build3) ...
build	Install Linux dependencies	2025-08-25T17:39:28.7639643Z Selecting previously unselected package libwoff1:amd64.
build	Install Linux dependencies	2025-08-25T17:39:28.7768461Z Preparing to unpack .../49-libwoff1_1.0.2-2build1_amd64.deb ...
build	Install Linux dependencies	2025-08-25T17:39:28.7776340Z Unpacking libwoff1:amd64 (1.0.2-2build1) ...
build	Install Linux dependencies	2025-08-25T17:39:28.8018799Z Selecting previously unselected package libwebkit2gtk-4.1-0:amd64.
build	Install Linux dependencies	2025-08-25T17:39:28.8150051Z Preparing to unpack .../50-libwebkit2gtk-4.1-0_2.48.5-0ubuntu0.24.04.1_amd64.deb ...
build	Install Linux dependencies	2025-08-25T17:39:28.8158394Z Unpacking libwebkit2gtk-4.1-0:amd64 (2.48.5-0ubuntu0.24.04.1) ...
build	Install Linux dependencies	2025-08-25T17:39:29.1515963Z Selecting previously unselected package gir1.2-webkit2-4.1:amd64.
build	Install Linux dependencies	2025-08-25T17:39:29.1651724Z Preparing to unpack .../51-gir1.2-webkit2-4.1_2.48.5-0ubuntu0.24.04.1_amd64.deb ...
build	Install Linux dependencies	2025-08-25T17:39:29.1662735Z Unpacking gir1.2-webkit2-4.1:amd64 (2.48.5-0ubuntu0.24.04.1) ...
build	Install Linux dependencies	2025-08-25T17:39:29.1906356Z Selecting previously unselected package libgraphene-1.0-0:amd64.
build	Install Linux dependencies	2025-08-25T17:39:29.2041331Z Preparing to unpack .../52-libgraphene-1.0-0_1.10.8-3build2_amd64.deb ...
build	Install Linux dependencies	2025-08-25T17:39:29.2049337Z Unpacking libgraphene-1.0-0:amd64 (1.10.8-3build2) ...
build	Install Linux dependencies	2025-08-25T17:39:29.2256142Z Selecting previously unselected package gstreamer1.0-gl:amd64.
build	Install Linux dependencies	2025-08-25T17:39:29.2391704Z Preparing to unpack .../53-gstreamer1.0-gl_1.24.2-1ubuntu0.2_amd64.deb ...
build	Install Linux dependencies	2025-08-25T17:39:29.2400020Z Unpacking gstreamer1.0-gl:amd64 (1.24.2-1ubuntu0.2) ...
build	Install Linux dependencies	2025-08-25T17:39:29.2635410Z Selecting previously unselected package libxv1:amd64.
build	Install Linux dependencies	2025-08-25T17:39:29.2770208Z Preparing to unpack .../54-libxv1_2%3a1.0.11-1.1build1_amd64.deb ...
build	Install Linux dependencies	2025-08-25T17:39:29.2779416Z Unpacking libxv1:amd64 (2:1.0.11-1.1build1) ...
build	Install Linux dependencies	2025-08-25T17:39:29.2999205Z Selecting previously unselected package gstreamer1.0-x:amd64.
build	Install Linux dependencies	2025-08-25T17:39:29.3133352Z Preparing to unpack .../55-gstreamer1.0-x_1.24.2-1ubuntu0.2_amd64.deb ...
build	Install Linux dependencies	2025-08-25T17:39:29.3141850Z Unpacking gstreamer1.0-x:amd64 (1.24.2-1ubuntu0.2) ...
build	Install Linux dependencies	2025-08-25T17:39:29.3356576Z Selecting previously unselected package libjavascriptcoregtk-4.1-dev:amd64.
build	Install Linux dependencies	2025-08-25T17:39:29.3489557Z Preparing to unpack .../56-libjavascriptcoregtk-4.1-dev_2.48.5-0ubuntu0.24.04.1_amd64.deb ...
build	Install Linux dependencies	2025-08-25T17:39:29.3503098Z Unpacking libjavascriptcoregtk-4.1-dev:amd64 (2.48.5-0ubuntu0.24.04.1) ...
build	Install Linux dependencies	2025-08-25T17:39:29.3756000Z Selecting previously unselected package libnghttp2-dev:amd64.
build	Install Linux dependencies	2025-08-25T17:39:29.3887451Z Preparing to unpack .../57-libnghttp2-dev_1.59.0-1ubuntu0.2_amd64.deb ...
build	Install Linux dependencies	2025-08-25T17:39:29.3897928Z Unpacking libnghttp2-dev:amd64 (1.59.0-1ubuntu0.2) ...
build	Install Linux dependencies	2025-08-25T17:39:29.4160354Z Selecting previously unselected package libwebrtc-audio-processing1:amd64.
build	Install Linux dependencies	2025-08-25T17:39:29.4287068Z Preparing to unpack .../58-libwebrtc-audio-processing1_0.3.1-0ubuntu6_amd64.deb ...
build	Install Linux dependencies	2025-08-25T17:39:29.4297905Z Unpacking libwebrtc-audio-processing1:amd64 (0.3.1-0ubuntu6) ...
build	Install Linux dependencies	2025-08-25T17:39:29.4556526Z Selecting previously unselected package libspa-0.2-modules:amd64.
build	Install Linux dependencies	2025-08-25T17:39:29.4688544Z Preparing to unpack .../59-libspa-0.2-modules_1.0.5-1ubuntu3.1_amd64.deb ...
build	Install Linux dependencies	2025-08-25T17:39:29.4700691Z Unpacking libspa-0.2-modules:amd64 (1.0.5-1ubuntu3.1) ...
build	Install Linux dependencies	2025-08-25T17:39:29.5077209Z Selecting previously unselected package libpipewire-0.3-0t64:amd64.
build	Install Linux dependencies	2025-08-25T17:39:29.5212070Z Preparing to unpack .../60-libpipewire-0.3-0t64_1.0.5-1ubuntu3.1_amd64.deb ...
build	Install Linux dependencies	2025-08-25T17:39:29.5227256Z Unpacking libpipewire-0.3-0t64:amd64 (1.0.5-1ubuntu3.1) ...
build	Install Linux dependencies	2025-08-25T17:39:29.5476958Z Selecting previously unselected package libpipewire-0.3-common.
build	Install Linux dependencies	2025-08-25T17:39:29.5613706Z Preparing to unpack .../61-libpipewire-0.3-common_1.0.5-1ubuntu3.1_all.deb ...
build	Install Linux dependencies	2025-08-25T17:39:29.5625137Z Unpacking libpipewire-0.3-common (1.0.5-1ubuntu3.1) ...
build	Install Linux dependencies	2025-08-25T17:39:29.5826608Z Selecting previously unselected package libpsl-dev:amd64.
build	Install Linux dependencies	2025-08-25T17:39:29.5960449Z Preparing to unpack .../62-libpsl-dev_0.21.2-1.1build1_amd64.deb ...
build	Install Linux dependencies	2025-08-25T17:39:29.5969527Z Unpacking libpsl-dev:amd64 (0.21.2-1.1build1) ...
build	Install Linux dependencies	2025-08-25T17:39:29.6223217Z Selecting previously unselected package libsysprof-capture-4-dev:amd64.
build	Install Linux dependencies	2025-08-25T17:39:29.6353574Z Preparing to unpack .../63-libsysprof-capture-4-dev_46.0-1build1_amd64.deb ...
build	Install Linux dependencies	2025-08-25T17:39:29.6387237Z Unpacking libsysprof-capture-4-dev:amd64 (46.0-1build1) ...
build	Install Linux dependencies	2025-08-25T17:39:29.6616134Z Selecting previously unselected package libsoup-3.0-dev:amd64.
build	Install Linux dependencies	2025-08-25T17:39:29.6747394Z Preparing to unpack .../64-libsoup-3.0-dev_3.4.4-5ubuntu0.5_amd64.deb ...
build	Install Linux dependencies	2025-08-25T17:39:29.6756487Z Unpacking libsoup-3.0-dev:amd64 (3.4.4-5ubuntu0.5) ...
build	Install Linux dependencies	2025-08-25T17:39:29.7066172Z Selecting previously unselected package libwebkit2gtk-4.1-dev.
build	Install Linux dependencies	2025-08-25T17:39:29.7197986Z Preparing to unpack .../65-libwebkit2gtk-4.1-dev_2.48.5-0ubuntu0.24.04.1_amd64.deb ...
build	Install Linux dependencies	2025-08-25T17:39:29.7206968Z Unpacking libwebkit2gtk-4.1-dev (2.48.5-0ubuntu0.24.04.1) ...
build	Install Linux dependencies	2025-08-25T17:39:29.7845371Z Selecting previously unselected package xdg-desktop-portal.
build	Install Linux dependencies	2025-08-25T17:39:29.7981463Z Preparing to unpack .../66-xdg-desktop-portal_1.18.4-1ubuntu2.24.04.1_amd64.deb ...
build	Install Linux dependencies	2025-08-25T17:39:29.7989385Z Unpacking xdg-desktop-portal (1.18.4-1ubuntu2.24.04.1) ...
build	Install Linux dependencies	2025-08-25T17:39:29.8260475Z Selecting previously unselected package xdg-desktop-portal-gtk.
build	Install Linux dependencies	2025-08-25T17:39:29.8392893Z Preparing to unpack .../67-xdg-desktop-portal-gtk_1.15.1-1build2_amd64.deb ...
build	Install Linux dependencies	2025-08-25T17:39:29.8402208Z Unpacking xdg-desktop-portal-gtk (1.15.1-1build2) ...
build	Install Linux dependencies	2025-08-25T17:39:29.8876551Z Setting up libpipewire-0.3-common (1.0.5-1ubuntu3.1) ...
build	Install Linux dependencies	2025-08-25T17:39:29.8904452Z Setting up bubblewrap (0.9.0-1ubuntu0.1) ...
build	Install Linux dependencies	2025-08-25T17:39:29.8952115Z Setting up libcdparanoia0:amd64 (3.10.2+debian-14build3) ...
build	Install Linux dependencies	2025-08-25T17:39:29.8980661Z Setting up libnghttp2-dev:amd64 (1.59.0-1ubuntu0.2) ...
build	Install Linux dependencies	2025-08-25T17:39:29.9001629Z Setting up session-migration (0.3.9build1) ...
build	Install Linux dependencies	2025-08-25T17:39:30.0130965Z Created symlink /etc/systemd/user/graphical-session-pre.target.wants/session-migration.service â /usr/lib/systemd/user/session-migration.service.
build	Install Linux dependencies	2025-08-25T17:39:30.0131600Z 
build	Install Linux dependencies	2025-08-25T17:39:30.0158983Z Setting up libraw1394-11:amd64 (2.1.2-2build3) ...
build	Install Linux dependencies	2025-08-25T17:39:30.0183803Z Setting up libproxy1v5:amd64 (0.5.4-4build1) ...
build	Install Linux dependencies	2025-08-25T17:39:30.0210314Z Setting up libtag1v5-vanilla:amd64 (1.13.1-1build1) ...
build	Install Linux dependencies	2025-08-25T17:39:30.0233124Z Setting up libspeex1:amd64 (1.2.1-2ubuntu2.24.04.1) ...
build	Install Linux dependencies	2025-08-25T17:39:30.0258302Z Setting up libcaca0:amd64 (0.99.beta20-4build2) ...
build	Install Linux dependencies	2025-08-25T17:39:30.0284948Z Setting up libv4lconvert0t64:amd64 (1.26.1-4build3) ...
build	Install Linux dependencies	2025-08-25T17:39:30.0311237Z Setting up libtwolame0:amd64 (0.4.0-2build3) ...
build	Install Linux dependencies	2025-08-25T17:39:30.0336212Z Setting up libwoff1:amd64 (1.0.2-2build1) ...
build	Install Linux dependencies	2025-08-25T17:39:30.0367915Z Setting up libhyphen0:amd64 (2.8.8-7build3) ...
build	Install Linux dependencies	2025-08-25T17:39:30.0402741Z Setting up libvisual-0.4-0:amd64 (0.4.2-2build1) ...
build	Install Linux dependencies	2025-08-25T17:39:30.0427014Z Setting up libmanette-0.2-0:amd64 (0.2.7-1build2) ...
build	Install Linux dependencies	2025-08-25T17:39:30.0449013Z Setting up libwebrtc-audio-processing1:amd64 (0.3.1-0ubuntu6) ...
build	Install Linux dependencies	2025-08-25T17:39:30.0474903Z Setting up libsoup-3.0-common (3.4.4-5ubuntu0.5) ...
build	Install Linux dependencies	2025-08-25T17:39:30.0499264Z Setting up libmpg123-0t64:amd64 (1.32.5-1ubuntu1.1) ...
build	Install Linux dependencies	2025-08-25T17:39:30.0521096Z Setting up libpsl-dev:amd64 (0.21.2-1.1build1) ...
build	Install Linux dependencies	2025-08-25T17:39:30.0553547Z Setting up liborc-0.4-0t64:amd64 (1:0.4.38-1ubuntu0.1) ...
build	Install Linux dependencies	2025-08-25T17:39:30.0575821Z Setting up libsysprof-capture-4-dev:amd64 (46.0-1build1) ...
build	Install Linux dependencies	2025-08-25T17:39:30.0599151Z Setting up libjavascriptcoregtk-4.1-0:amd64 (2.48.5-0ubuntu0.24.04.1) ...
build	Install Linux dependencies	2025-08-25T17:39:30.0627145Z Setting up libspa-0.2-modules:amd64 (1.0.5-1ubuntu3.1) ...
build	Install Linux dependencies	2025-08-25T17:39:30.0654736Z Setting up libopus0:amd64 (1.4-1build1) ...
build	Install Linux dependencies	2025-08-25T17:39:30.0683237Z Setting up libxv1:amd64 (2:1.0.11-1.1build1) ...
build	Install Linux dependencies	2025-08-25T17:39:30.0707941Z Setting up libdv4t64:amd64 (1.0.0-17.1build1) ...
build	Install Linux dependencies	2025-08-25T17:39:30.0731641Z Setting up libv4l-0t64:amd64 (1.26.1-4build3) ...
build	Install Linux dependencies	2025-08-25T17:39:30.0758481Z Setting up xdg-dbus-proxy (0.1.5-1build2) ...
build	Install Linux dependencies	2025-08-25T17:39:30.0792335Z Setting up libvpx9:amd64 (1.14.0-1ubuntu2.2) ...
build	Install Linux dependencies	2025-08-25T17:39:30.0812112Z Setting up libtag1v5:amd64 (1.13.1-1build1) ...
build	Install Linux dependencies	2025-08-25T17:39:30.0854065Z Setting up libasyncns0:amd64 (0.8-6build4) ...
build	Install Linux dependencies	2025-08-25T17:39:30.0882397Z Setting up libwavpack1:amd64 (5.6.0-1build1) ...
build	Install Linux dependencies	2025-08-25T17:39:30.0907565Z Setting up libtheora0:amd64 (1.1.1+dfsg.1-16.1build3) ...
build	Install Linux dependencies	2025-08-25T17:39:30.0937328Z Setting up libflac12t64:amd64 (1.4.3+ds-2.1ubuntu2) ...
build	Install Linux dependencies	2025-08-25T17:39:30.0967731Z Setting up glib-networking-common (2.80.0-1build1) ...
build	Install Linux dependencies	2025-08-25T17:39:30.0995501Z Setting up libpipewire-0.3-0t64:amd64 (1.0.5-1ubuntu3.1) ...
build	Install Linux dependencies	2025-08-25T17:39:30.1023763Z Setting up libsecret-common (0.21.4-1build3) ...
build	Install Linux dependencies	2025-08-25T17:39:30.1071731Z Setting up libmp3lame0:amd64 (3.100-6build1) ...
build	Install Linux dependencies	2025-08-25T17:39:30.1099237Z Setting up libgraphene-1.0-0:amd64 (1.10.8-3build2) ...
build	Install Linux dependencies	2025-08-25T17:39:30.1127826Z Setting up libvorbisenc2:amd64 (1.3.7-1build3) ...
build	Install Linux dependencies	2025-08-25T17:39:30.1151678Z Setting up libaa1:amd64 (1.4p5-51.1) ...
build	Install Linux dependencies	2025-08-25T17:39:30.1182832Z Setting up libiec61883-0:amd64 (1.2.0-6build1) ...
build	Install Linux dependencies	2025-08-25T17:39:30.1204824Z Setting up libavc1394-0:amd64 (0.5.4-5build3) ...
build	Install Linux dependencies	2025-08-25T17:39:30.1230803Z Setting up gsettings-desktop-schemas (46.1-0ubuntu1) ...
build	Install Linux dependencies	2025-08-25T17:39:30.1255135Z Setting up glib-networking-services (2.80.0-1build1) ...
build	Install Linux dependencies	2025-08-25T17:39:30.1280540Z Setting up xdg-desktop-portal (1.18.4-1ubuntu2.24.04.1) ...
build	Install Linux dependencies	2025-08-25T17:39:30.2302071Z Created symlink /etc/systemd/user/graphical-session-pre.target.wants/xdg-desktop-portal-rewrite-launchers.service â /usr/lib/systemd/user/xdg-desktop-portal-rewrite-launchers.service.
build	Install Linux dependencies	2025-08-25T17:39:30.2303041Z 
build	Install Linux dependencies	2025-08-25T17:39:30.2331116Z Setting up libgstreamer-plugins-base1.0-0:amd64 (1.24.2-1ubuntu0.2) ...
build	Install Linux dependencies	2025-08-25T17:39:30.2354499Z Setting up gir1.2-javascriptcoregtk-4.1:amd64 (2.48.5-0ubuntu0.24.04.1) ...
build	Install Linux dependencies	2025-08-25T17:39:30.2379835Z Setting up libsecret-1-0:amd64 (0.21.4-1build3) ...
build	Install Linux dependencies	2025-08-25T17:39:30.2404242Z Setting up libgstreamer-plugins-good1.0-0:amd64 (1.24.2-1ubuntu1.1) ...
build	Install Linux dependencies	2025-08-25T17:39:30.2426582Z Setting up libgstreamer-gl1.0-0:amd64 (1.24.2-1ubuntu0.2) ...
build	Install Linux dependencies	2025-08-25T17:39:30.2466181Z Setting up gstreamer1.0-plugins-base:amd64 (1.24.2-1ubuntu0.2) ...
build	Install Linux dependencies	2025-08-25T17:39:30.2487476Z Setting up libshout3:amd64 (2.4.6-1build2) ...
build	Install Linux dependencies	2025-08-25T17:39:30.2515074Z Setting up libsndfile1:amd64 (1.2.2-1ubuntu5.24.04.1) ...
build	Install Linux dependencies	2025-08-25T17:39:30.2542423Z Setting up libjavascriptcoregtk-4.1-dev:amd64 (2.48.5-0ubuntu0.24.04.1) ...
build	Install Linux dependencies	2025-08-25T17:39:30.2568215Z Setting up gstreamer1.0-gl:amd64 (1.24.2-1ubuntu0.2) ...
build	Install Linux dependencies	2025-08-25T17:39:30.2591508Z Setting up gstreamer1.0-x:amd64 (1.24.2-1ubuntu0.2) ...
build	Install Linux dependencies	2025-08-25T17:39:30.2614379Z Setting up libpulse0:amd64 (1:16.1+dfsg1-2ubuntu10.1) ...
build	Install Linux dependencies	2025-08-25T17:39:30.2958105Z Processing triggers for libc-bin (2.39-0ubuntu8.5) ...
build	Install Linux dependencies	2025-08-25T17:39:30.3146800Z Processing triggers for man-db (2.12.0-4build2) ...
build	Install Linux dependencies	2025-08-25T17:39:34.5322117Z Processing triggers for libglib2.0-0t64:amd64 (2.80.0-6ubuntu3.4) ...
build	Install Linux dependencies	2025-08-25T17:39:34.5629331Z Setting up glib-networking:amd64 (2.80.0-1build1) ...
build	Install Linux dependencies	2025-08-25T17:39:34.5663001Z Setting up xdg-desktop-portal-gtk (1.15.1-1build2) ...
build	Install Linux dependencies	2025-08-25T17:39:34.5735400Z Setting up libsoup-3.0-0:amd64 (3.4.4-5ubuntu0.5) ...
build	Install Linux dependencies	2025-08-25T17:39:34.5806252Z Setting up gir1.2-soup-3.0:amd64 (3.4.4-5ubuntu0.5) ...
build	Install Linux dependencies	2025-08-25T17:39:34.5870659Z Setting up gstreamer1.0-plugins-good:amd64 (1.24.2-1ubuntu1.1) ...
build	Install Linux dependencies	2025-08-25T17:39:34.5916778Z Setting up libsoup-3.0-dev:amd64 (3.4.4-5ubuntu0.5) ...
build	Install Linux dependencies	2025-08-25T17:39:34.5975306Z Setting up libwebkit2gtk-4.1-0:amd64 (2.48.5-0ubuntu0.24.04.1) ...
build	Install Linux dependencies	2025-08-25T17:39:34.6013561Z Setting up gir1.2-webkit2-4.1:amd64 (2.48.5-0ubuntu0.24.04.1) ...
build	Install Linux dependencies	2025-08-25T17:39:34.6056154Z Setting up libwebkit2gtk-4.1-dev (2.48.5-0ubuntu0.24.04.1) ...
build	Install Linux dependencies	2025-08-25T17:39:34.6085286Z Processing triggers for libc-bin (2.39-0ubuntu8.5) ...
build	Install Linux dependencies	2025-08-25T17:39:35.1691168Z 
build	Install Linux dependencies	2025-08-25T17:39:35.1691803Z Running kernel seems to be up-to-date.
build	Install Linux dependencies	2025-08-25T17:39:35.1692123Z 
build	Install Linux dependencies	2025-08-25T17:39:35.1692258Z Restarting services...
build	Install Linux dependencies	2025-08-25T17:39:35.1752216Z 
build	Install Linux dependencies	2025-08-25T17:39:35.1752932Z Service restarts being deferred:
build	Install Linux dependencies	2025-08-25T17:39:35.1753469Z  systemctl restart hosted-compute-agent.service
build	Install Linux dependencies	2025-08-25T17:39:35.1753838Z 
build	Install Linux dependencies	2025-08-25T17:39:35.1754062Z No containers need to be restarted.
build	Install Linux dependencies	2025-08-25T17:39:35.1754268Z 
build	Install Linux dependencies	2025-08-25T17:39:35.1754447Z No user sessions are running outdated binaries.
build	Install Linux dependencies	2025-08-25T17:39:35.1754642Z 
build	Install Linux dependencies	2025-08-25T17:39:35.1754915Z No VM guests are running outdated hypervisor (qemu) binaries on this host.
build	Install dependencies	ï»¿2025-08-25T17:39:35.9709448Z ##[group]Run npm ci
build	Install dependencies	2025-08-25T17:39:35.9709703Z [36;1mnpm ci[0m
build	Install dependencies	2025-08-25T17:39:35.9751046Z shell: /usr/bin/bash -e {0}
build	Install dependencies	2025-08-25T17:39:35.9751292Z ##[endgroup]
build	Install dependencies	2025-08-25T17:39:38.0834495Z 
build	Install dependencies	2025-08-25T17:39:38.0835176Z added 63 packages, and audited 64 packages in 2s
build	Install dependencies	2025-08-25T17:39:38.0835607Z 
build	Install dependencies	2025-08-25T17:39:38.0835840Z 7 packages are looking for funding
build	Install dependencies	2025-08-25T17:39:38.0836282Z   run `npm fund` for details
build	Install dependencies	2025-08-25T17:39:38.0844904Z 
build	Install dependencies	2025-08-25T17:39:38.0845110Z found 0 vulnerabilities
build	Tauri build and release	ï»¿2025-08-25T17:39:38.1135179Z ##[group]Run tauri-apps/tauri-action@v0
build	Tauri build and release	2025-08-25T17:39:38.1135459Z with:
build	Tauri build and release	2025-08-25T17:39:38.1135639Z   tauriScript: tauri:build
build	Tauri build and release	2025-08-25T17:39:38.1135859Z   tagName: v0.1.7-beta.1
build	Tauri build and release	2025-08-25T17:39:38.1136070Z   releaseName: PlumaMD v0.1.7-beta.1
build	Tauri build and release	2025-08-25T17:39:38.1136400Z   releaseBody: Version v0.1.7-beta.1 generada automÃ¡ticamente.
build	Tauri build and release	2025-08-25T17:39:38.1136714Z   releaseDraft: false
build	Tauri build and release	2025-08-25T17:39:38.1136900Z   prerelease: true
build	Tauri build and release	2025-08-25T17:39:38.1137085Z   projectPath: .
build	Tauri build and release	2025-08-25T17:39:38.1137265Z   includeDebug: false
build	Tauri build and release	2025-08-25T17:39:38.1137458Z   includeRelease: true
build	Tauri build and release	2025-08-25T17:39:38.1137654Z   includeUpdaterJson: true
build	Tauri build and release	2025-08-25T17:39:38.1137876Z   updaterJsonKeepUniversal: false
build	Tauri build and release	2025-08-25T17:39:38.1138099Z env:
build	Tauri build and release	2025-08-25T17:39:38.1138481Z   GITHUB_TOKEN: ***
build	Tauri build and release	2025-08-25T17:39:38.1138669Z ##[endgroup]
build	Tauri build and release	2025-08-25T17:39:38.2429644Z running tauri:build [ 'build' ]
build	Post Checkout	ï»¿2025-08-25T17:39:38.2703982Z Post job cleanup.
build	Post Checkout	2025-08-25T17:39:38.3620719Z [command]/usr/bin/git version
build	Post Checkout	2025-08-25T17:39:38.3655782Z git version 2.51.0
build	Post Checkout	2025-08-25T17:39:38.3699545Z Temporarily overriding HOME='/home/runner/work/_temp/b5a59c37-35d7-4500-8955-413e089cdc17' before making global git config changes
build	Post Checkout	2025-08-25T17:39:38.3700552Z Adding repository directory to the temporary git global config as a safe directory
build	Post Checkout	2025-08-25T17:39:38.3704897Z [command]/usr/bin/git config --global --add safe.directory /home/runner/work/plumamd/plumamd
build	Post Checkout	2025-08-25T17:39:38.3739112Z [command]/usr/bin/git config --local --name-only --get-regexp core\.sshCommand
build	Post Checkout	2025-08-25T17:39:38.3770733Z [command]/usr/bin/git submodule foreach --recursive sh -c "git config --local --name-only --get-regexp 'core\.sshCommand' && git config --local --unset-all 'core.sshCommand' || :"
build	Post Checkout	2025-08-25T17:39:38.3992374Z [command]/usr/bin/git config --local --name-only --get-regexp http\.https\:\/\/github\.com\/\.extraheader
build	Post Checkout	2025-08-25T17:39:38.4011540Z http.https://github.com/.extraheader
build	Post Checkout	2025-08-25T17:39:38.4023938Z [command]/usr/bin/git config --local --unset-all http.https://github.com/.extraheader
build	Post Checkout	2025-08-25T17:39:38.4052265Z [command]/usr/bin/git submodule foreach --recursive sh -c "git config --local --name-only --get-regexp 'http\.https\:\/\/github\.com\/\.extraheader' && git config --local --unset-all 'http.https://github.com/.extraheader' || :"
build	Complete job	ï»¿2025-08-25T17:39:38.4363603Z Cleaning up orphan processes
