2025-08-25T04:17:27.6973689Z Current runner version: '2.328.0'
2025-08-25T04:17:27.7006492Z ##[group]Runner Image Provisioner
2025-08-25T04:17:27.7007685Z Hosted Compute Agent
2025-08-25T04:17:27.7008634Z Version: 20250818.377
2025-08-25T04:17:27.7009491Z Commit: 3c593e9f75fe0b87e893bca80d6e12ba089c61fc
2025-08-25T04:17:27.7010658Z Build Date: 2025-08-18T14:52:18Z
2025-08-25T04:17:27.7012025Z ##[endgroup]
2025-08-25T04:17:27.7012921Z ##[group]Operating System
2025-08-25T04:17:27.7014002Z Ubuntu
2025-08-25T04:17:27.7014875Z 24.04.2
2025-08-25T04:17:27.7015662Z LTS
2025-08-25T04:17:27.7016352Z ##[endgroup]
2025-08-25T04:17:27.7017209Z ##[group]Runner Image
2025-08-25T04:17:27.7018058Z Image: ubuntu-24.04
2025-08-25T04:17:27.7019033Z Version: 20250818.1.0
2025-08-25T04:17:27.7021167Z Included Software: https://github.com/actions/runner-images/blob/ubuntu24/20250818.1/images/ubuntu/Ubuntu2404-Readme.md
2025-08-25T04:17:27.7023818Z Image Release: https://github.com/actions/runner-images/releases/tag/ubuntu24%2F20250818.1
2025-08-25T04:17:27.7025484Z ##[endgroup]
2025-08-25T04:17:27.7029593Z ##[group]GITHUB_TOKEN Permissions
2025-08-25T04:17:27.7032817Z Actions: write
2025-08-25T04:17:27.7033725Z Attestations: write
2025-08-25T04:17:27.7034584Z Checks: write
2025-08-25T04:17:27.7035498Z Contents: write
2025-08-25T04:17:27.7036448Z Deployments: write
2025-08-25T04:17:27.7037333Z Discussions: write
2025-08-25T04:17:27.7038371Z Issues: write
2025-08-25T04:17:27.7039159Z Metadata: read
2025-08-25T04:17:27.7040088Z Models: read
2025-08-25T04:17:27.7041201Z Packages: write
2025-08-25T04:17:27.7042210Z Pages: write
2025-08-25T04:17:27.7043080Z PullRequests: write
2025-08-25T04:17:27.7044166Z RepositoryProjects: write
2025-08-25T04:17:27.7045137Z SecurityEvents: write
2025-08-25T04:17:27.7046200Z Statuses: write
2025-08-25T04:17:27.7047169Z ##[endgroup]
2025-08-25T04:17:27.7050048Z Secret source: Actions
2025-08-25T04:17:27.7052144Z Prepare workflow directory
2025-08-25T04:17:27.7391956Z Prepare all required actions
2025-08-25T04:17:27.7429376Z Getting action download info
2025-08-25T04:17:28.0911914Z Download action repository 'actions/checkout@v4' (SHA:08eba0b27e820071cde6df949e0beb9ba4906955)
2025-08-25T04:17:28.1601595Z Download action repository 'actions/setup-node@v4' (SHA:49933ea5288caeca8642d1e84afbd3f7d6820020)
2025-08-25T04:17:28.2900230Z Download action repository 'tauri-apps/tauri-action@v0' (SHA:564aea5a8075c7a54c167bb0cf5b3255314a7f9d)
2025-08-25T04:17:28.8083668Z Complete job name: build (ubuntu-latest)
2025-08-25T04:17:28.8757141Z ##[group]Run actions/checkout@v4
2025-08-25T04:17:28.8758000Z with:
2025-08-25T04:17:28.8758452Z   repository: jjdeharo/plumamd
2025-08-25T04:17:28.8759118Z   token: ***
2025-08-25T04:17:28.8759549Z   ssh-strict: true
2025-08-25T04:17:28.8759980Z   ssh-user: git
2025-08-25T04:17:28.8760377Z   persist-credentials: true
2025-08-25T04:17:28.8760805Z   clean: true
2025-08-25T04:17:28.8761367Z   sparse-checkout-cone-mode: true
2025-08-25T04:17:28.8761836Z   fetch-depth: 1
2025-08-25T04:17:28.8762205Z   fetch-tags: false
2025-08-25T04:17:28.8762615Z   show-progress: true
2025-08-25T04:17:28.8762998Z   lfs: false
2025-08-25T04:17:28.8763353Z   submodules: false
2025-08-25T04:17:28.8763738Z   set-safe-directory: true
2025-08-25T04:17:28.8764410Z ##[endgroup]
2025-08-25T04:17:28.9819413Z Syncing repository: jjdeharo/plumamd
2025-08-25T04:17:28.9821304Z ##[group]Getting Git version info
2025-08-25T04:17:28.9822015Z Working directory is '/home/runner/work/plumamd/plumamd'
2025-08-25T04:17:28.9823015Z [command]/usr/bin/git version
2025-08-25T04:17:28.9857765Z git version 2.51.0
2025-08-25T04:17:28.9884595Z ##[endgroup]
2025-08-25T04:17:28.9898618Z Temporarily overriding HOME='/home/runner/work/_temp/0c86961e-911c-4281-95c3-ed813aa0cc1a' before making global git config changes
2025-08-25T04:17:28.9900182Z Adding repository directory to the temporary git global config as a safe directory
2025-08-25T04:17:28.9911958Z [command]/usr/bin/git config --global --add safe.directory /home/runner/work/plumamd/plumamd
2025-08-25T04:17:28.9946967Z Deleting the contents of '/home/runner/work/plumamd/plumamd'
2025-08-25T04:17:28.9951381Z ##[group]Initializing the repository
2025-08-25T04:17:28.9956228Z [command]/usr/bin/git init /home/runner/work/plumamd/plumamd
2025-08-25T04:17:29.0035731Z hint: Using 'master' as the name for the initial branch. This default branch name
2025-08-25T04:17:29.0037345Z hint: is subject to change. To configure the initial branch name to use in all
2025-08-25T04:17:29.0038868Z hint: of your new repositories, which will suppress this warning, call:
2025-08-25T04:17:29.0039764Z hint:
2025-08-25T04:17:29.0040279Z hint: 	git config --global init.defaultBranch <name>
2025-08-25T04:17:29.0040873Z hint:
2025-08-25T04:17:29.0041670Z hint: Names commonly chosen instead of 'master' are 'main', 'trunk' and
2025-08-25T04:17:29.0042579Z hint: 'development'. The just-created branch can be renamed via this command:
2025-08-25T04:17:29.0043285Z hint:
2025-08-25T04:17:29.0043850Z hint: 	git branch -m <name>
2025-08-25T04:17:29.0044550Z hint:
2025-08-25T04:17:29.0045226Z hint: Disable this message with "git config set advice.defaultBranchName false"
2025-08-25T04:17:29.0046217Z Initialized empty Git repository in /home/runner/work/plumamd/plumamd/.git/
2025-08-25T04:17:29.0049543Z [command]/usr/bin/git remote add origin https://github.com/jjdeharo/plumamd
2025-08-25T04:17:29.0082665Z ##[endgroup]
2025-08-25T04:17:29.0083930Z ##[group]Disabling automatic garbage collection
2025-08-25T04:17:29.0087405Z [command]/usr/bin/git config --local gc.auto 0
2025-08-25T04:17:29.0116817Z ##[endgroup]
2025-08-25T04:17:29.0117996Z ##[group]Setting up auth
2025-08-25T04:17:29.0124396Z [command]/usr/bin/git config --local --name-only --get-regexp core\.sshCommand
2025-08-25T04:17:29.0155820Z [command]/usr/bin/git submodule foreach --recursive sh -c "git config --local --name-only --get-regexp 'core\.sshCommand' && git config --local --unset-all 'core.sshCommand' || :"
2025-08-25T04:17:29.0410705Z [command]/usr/bin/git config --local --name-only --get-regexp http\.https\:\/\/github\.com\/\.extraheader
2025-08-25T04:17:29.0440805Z [command]/usr/bin/git submodule foreach --recursive sh -c "git config --local --name-only --get-regexp 'http\.https\:\/\/github\.com\/\.extraheader' && git config --local --unset-all 'http.https://github.com/.extraheader' || :"
2025-08-25T04:17:29.0660305Z [command]/usr/bin/git config --local http.https://github.com/.extraheader AUTHORIZATION: basic ***
2025-08-25T04:17:29.0695547Z ##[endgroup]
2025-08-25T04:17:29.0697149Z ##[group]Fetching the repository
2025-08-25T04:17:29.0705528Z [command]/usr/bin/git -c protocol.version=2 fetch --no-tags --prune --no-recurse-submodules --depth=1 origin +a12082fa8367f5686d0983afbea90901ab44d867:refs/tags/v0.1.4
2025-08-25T04:17:29.3717099Z From https://github.com/jjdeharo/plumamd
2025-08-25T04:17:29.3739219Z  * [new ref]         a12082fa8367f5686d0983afbea90901ab44d867 -> v0.1.4
2025-08-25T04:17:29.3742757Z ##[endgroup]
2025-08-25T04:17:29.3744205Z ##[group]Determining the checkout info
2025-08-25T04:17:29.3745779Z ##[endgroup]
2025-08-25T04:17:29.3749742Z [command]/usr/bin/git sparse-checkout disable
2025-08-25T04:17:29.3788698Z [command]/usr/bin/git config --local --unset-all extensions.worktreeConfig
2025-08-25T04:17:29.3817407Z ##[group]Checking out the ref
2025-08-25T04:17:29.3821848Z [command]/usr/bin/git checkout --progress --force refs/tags/v0.1.4
2025-08-25T04:17:29.3893335Z Note: switching to 'refs/tags/v0.1.4'.
2025-08-25T04:17:29.3894141Z 
2025-08-25T04:17:29.3894796Z You are in 'detached HEAD' state. You can look around, make experimental
2025-08-25T04:17:29.3895774Z changes and commit them, and you can discard any commits you make in this
2025-08-25T04:17:29.3896860Z state without impacting any branches by switching back to a branch.
2025-08-25T04:17:29.3897938Z 
2025-08-25T04:17:29.3898719Z If you want to create a new branch to retain commits you create, you may
2025-08-25T04:17:29.3900380Z do so (now or later) by using -c with the switch command. Example:
2025-08-25T04:17:29.3901617Z 
2025-08-25T04:17:29.3902439Z   git switch -c <new-branch-name>
2025-08-25T04:17:29.3903084Z 
2025-08-25T04:17:29.3903446Z Or undo this operation with:
2025-08-25T04:17:29.3904054Z 
2025-08-25T04:17:29.3904393Z   git switch -
2025-08-25T04:17:29.3904909Z 
2025-08-25T04:17:29.3905695Z Turn off this advice by setting config variable advice.detachedHead to false
2025-08-25T04:17:29.3906866Z 
2025-08-25T04:17:29.3908067Z HEAD is now at a12082f ci(release): invocar npm run tauri build (añade script tauri)
2025-08-25T04:17:29.3911245Z ##[endgroup]
2025-08-25T04:17:29.3940220Z [command]/usr/bin/git log -1 --format=%H
2025-08-25T04:17:29.3962239Z a12082fa8367f5686d0983afbea90901ab44d867
2025-08-25T04:17:29.4203046Z ##[group]Run actions/setup-node@v4
2025-08-25T04:17:29.4203632Z with:
2025-08-25T04:17:29.4204024Z   node-version: 20
2025-08-25T04:17:29.4204428Z   cache: npm
2025-08-25T04:17:29.4204824Z   always-auth: false
2025-08-25T04:17:29.4205248Z   check-latest: false
2025-08-25T04:17:29.4205849Z   token: ***
2025-08-25T04:17:29.4206291Z ##[endgroup]
2025-08-25T04:17:29.6112264Z Found in cache @ /opt/hostedtoolcache/node/20.19.4/x64
2025-08-25T04:17:29.6119399Z ##[group]Environment details
2025-08-25T04:17:31.4547011Z node: v20.19.4
2025-08-25T04:17:31.4548637Z npm: 10.8.2
2025-08-25T04:17:31.4549037Z yarn: 1.22.22
2025-08-25T04:17:31.4551433Z ##[endgroup]
2025-08-25T04:17:31.4571150Z [command]/opt/hostedtoolcache/node/20.19.4/x64/bin/npm config get cache
2025-08-25T04:17:31.7387949Z /home/runner/.npm
2025-08-25T04:17:31.8761410Z Cache hit for: node-cache-Linux-x64-npm-ea428892b6fb29cbf8c3f7917302126f9bc3fe1654c83b0418c5c769c6919760
2025-08-25T04:17:32.9225853Z Received 31370842 of 31370842 (100.0%), 36.9 MBs/sec
2025-08-25T04:17:32.9228345Z Cache Size: ~30 MB (31370842 B)
2025-08-25T04:17:32.9256209Z [command]/usr/bin/tar -xf /home/runner/work/_temp/23f73e96-696b-41c0-a6e8-bfc8aa5a91e1/cache.tzst -P -C /home/runner/work/plumamd/plumamd --use-compress-program unzstd
2025-08-25T04:17:32.9900879Z Cache restored successfully
2025-08-25T04:17:32.9964157Z Cache restored from key: node-cache-Linux-x64-npm-ea428892b6fb29cbf8c3f7917302126f9bc3fe1654c83b0418c5c769c6919760
2025-08-25T04:17:33.0114906Z ##[group]Run set -euxo pipefail
2025-08-25T04:17:33.0115279Z [36;1mset -euxo pipefail[0m
2025-08-25T04:17:33.0115541Z [36;1msudo apt-get update[0m
2025-08-25T04:17:33.0115957Z [36;1m# En Ubuntu 24.04 el paquete es libwebkit2gtk-4.1-dev; en 22.04 es libwebkit2gtk-4.0-dev[0m
2025-08-25T04:17:33.0116630Z [36;1msudo apt-get install -y build-essential pkg-config libgtk-3-dev libayatana-appindicator3-dev librsvg2-dev || true[0m
2025-08-25T04:17:33.0117321Z [36;1msudo apt-get install -y libwebkit2gtk-4.1-dev || sudo apt-get install -y libwebkit2gtk-4.0-dev[0m
2025-08-25T04:17:33.0188195Z shell: /usr/bin/bash -e {0}
2025-08-25T04:17:33.0188478Z ##[endgroup]
2025-08-25T04:17:33.0278438Z + sudo apt-get update
2025-08-25T04:17:33.0933029Z Get:1 file:/etc/apt/apt-mirrors.txt Mirrorlist [144 B]
2025-08-25T04:17:33.1390076Z Hit:6 https://packages.microsoft.com/repos/azure-cli noble InRelease
2025-08-25T04:17:33.1392402Z Get:7 https://packages.microsoft.com/ubuntu/24.04/prod noble InRelease [3600 B]
2025-08-25T04:17:33.1514671Z Hit:2 http://azure.archive.ubuntu.com/ubuntu noble InRelease
2025-08-25T04:17:33.1536826Z Get:3 http://azure.archive.ubuntu.com/ubuntu noble-updates InRelease [126 kB]
2025-08-25T04:17:33.1579408Z Get:4 http://azure.archive.ubuntu.com/ubuntu noble-backports InRelease [126 kB]
2025-08-25T04:17:33.1608227Z Get:5 http://azure.archive.ubuntu.com/ubuntu noble-security InRelease [126 kB]
2025-08-25T04:17:33.2438630Z Get:8 https://packages.microsoft.com/ubuntu/24.04/prod noble/main amd64 Packages [49.2 kB]
2025-08-25T04:17:33.2548256Z Get:9 https://packages.microsoft.com/ubuntu/24.04/prod noble/main armhf Packages [9870 B]
2025-08-25T04:17:33.2602117Z Get:10 https://packages.microsoft.com/ubuntu/24.04/prod noble/main arm64 Packages [33.3 kB]
2025-08-25T04:17:33.3483551Z Get:11 http://azure.archive.ubuntu.com/ubuntu noble-updates/main amd64 Packages [1352 kB]
2025-08-25T04:17:33.3559387Z Get:12 http://azure.archive.ubuntu.com/ubuntu noble-updates/main Translation-en [269 kB]
2025-08-25T04:17:33.3582006Z Get:13 http://azure.archive.ubuntu.com/ubuntu noble-updates/main amd64 Components [175 kB]
2025-08-25T04:17:33.3601419Z Get:14 http://azure.archive.ubuntu.com/ubuntu noble-updates/universe amd64 Packages [1123 kB]
2025-08-25T04:17:33.3667753Z Get:15 http://azure.archive.ubuntu.com/ubuntu noble-updates/universe Translation-en [288 kB]
2025-08-25T04:17:33.3692962Z Get:16 http://azure.archive.ubuntu.com/ubuntu noble-updates/universe amd64 Components [377 kB]
2025-08-25T04:17:33.3725030Z Get:17 http://azure.archive.ubuntu.com/ubuntu noble-updates/restricted amd64 Packages [1731 kB]
2025-08-25T04:17:33.3837971Z Get:18 http://azure.archive.ubuntu.com/ubuntu noble-updates/restricted Translation-en [384 kB]
2025-08-25T04:17:33.3867803Z Get:19 http://azure.archive.ubuntu.com/ubuntu noble-updates/restricted amd64 Components [212 B]
2025-08-25T04:17:33.3877493Z Get:20 http://azure.archive.ubuntu.com/ubuntu noble-updates/multiverse amd64 Components [940 B]
2025-08-25T04:17:33.4513181Z Get:21 http://azure.archive.ubuntu.com/ubuntu noble-backports/main amd64 Components [7068 B]
2025-08-25T04:17:33.4526038Z Get:22 http://azure.archive.ubuntu.com/ubuntu noble-backports/universe amd64 Components [19.2 kB]
2025-08-25T04:17:33.4534079Z Get:23 http://azure.archive.ubuntu.com/ubuntu noble-backports/restricted amd64 Components [216 B]
2025-08-25T04:17:33.4542191Z Get:24 http://azure.archive.ubuntu.com/ubuntu noble-backports/multiverse amd64 Components [212 B]
2025-08-25T04:17:33.4599782Z Get:25 http://azure.archive.ubuntu.com/ubuntu noble-security/main amd64 Packages [1083 kB]
2025-08-25T04:17:33.4666592Z Get:26 http://azure.archive.ubuntu.com/ubuntu noble-security/main Translation-en [187 kB]
2025-08-25T04:17:33.4763962Z Get:27 http://azure.archive.ubuntu.com/ubuntu noble-security/main amd64 Components [21.6 kB]
2025-08-25T04:17:33.4765374Z Get:28 http://azure.archive.ubuntu.com/ubuntu noble-security/universe amd64 Packages [881 kB]
2025-08-25T04:17:33.4766953Z Get:29 http://azure.archive.ubuntu.com/ubuntu noble-security/universe Translation-en [195 kB]
2025-08-25T04:17:33.4792645Z Get:30 http://azure.archive.ubuntu.com/ubuntu noble-security/universe amd64 Components [52.2 kB]
2025-08-25T04:17:33.4804143Z Get:31 http://azure.archive.ubuntu.com/ubuntu noble-security/restricted amd64 Packages [1631 kB]
2025-08-25T04:17:33.4957884Z Get:32 http://azure.archive.ubuntu.com/ubuntu noble-security/restricted Translation-en [361 kB]
2025-08-25T04:17:33.4986584Z Get:33 http://azure.archive.ubuntu.com/ubuntu noble-security/restricted amd64 Components [212 B]
2025-08-25T04:17:33.4994499Z Get:34 http://azure.archive.ubuntu.com/ubuntu noble-security/multiverse amd64 Components [212 B]
2025-08-25T04:17:40.2821299Z Fetched 10.6 MB in 1s (7991 kB/s)
2025-08-25T04:17:41.0016144Z Reading package lists...
2025-08-25T04:17:41.0120788Z + sudo apt-get install -y build-essential pkg-config libgtk-3-dev libayatana-appindicator3-dev librsvg2-dev
2025-08-25T04:17:41.0337671Z Reading package lists...
2025-08-25T04:17:41.2101656Z Building dependency tree...
2025-08-25T04:17:41.2109607Z Reading state information...
2025-08-25T04:17:41.3801714Z pkg-config is already the newest version (1.8.1-2build1).
2025-08-25T04:17:41.3802715Z The following additional packages will be installed:
2025-08-25T04:17:41.3803873Z   bzip2-doc gir1.2-atk-1.0 gir1.2-atspi-2.0 gir1.2-ayatanaappindicator3-0.1
2025-08-25T04:17:41.3805108Z   gir1.2-ayatanaido3-0.4 gir1.2-dbusmenu-glib-0.4 gir1.2-freedesktop
2025-08-25T04:17:41.3806359Z   gir1.2-freedesktop-dev gir1.2-gdkpixbuf-2.0 gir1.2-girepository-2.0-dev
2025-08-25T04:17:41.3807594Z   gir1.2-glib-2.0-dev gir1.2-gtk-3.0 gir1.2-harfbuzz-0.0 gir1.2-pango-1.0
2025-08-25T04:17:41.3808558Z   gir1.2-rsvg-2.0 gobject-introspection gobject-introspection-bin
2025-08-25T04:17:41.3809277Z   libatk-bridge2.0-dev libatk1.0-dev libatspi2.0-dev
2025-08-25T04:17:41.3810101Z   libayatana-appindicator3-1 libayatana-ido3-0.4-0 libayatana-ido3-dev
2025-08-25T04:17:41.3812002Z   libayatana-indicator3-7 libayatana-indicator3-dev libblkid-dev libbrotli-dev
2025-08-25T04:17:41.3813209Z   libbz2-dev libcairo-script-interpreter2 libcairo2-dev libdatrie-dev
2025-08-25T04:17:41.3814374Z   libdbus-1-dev libdbusmenu-glib-dev libdeflate-dev libegl-dev libegl-mesa0
2025-08-25T04:17:41.3815438Z   libegl1 libegl1-mesa-dev libepoxy-dev libfontconfig-dev libfreetype-dev
2025-08-25T04:17:41.3816426Z   libfribidi-dev libgdk-pixbuf-2.0-dev libgdk-pixbuf2.0-bin
2025-08-25T04:17:41.3817359Z   libgirepository-1.0-dev libgirepository-2.0-0 libgirepository1.0-dev
2025-08-25T04:17:41.3818852Z   libgl-dev libgles-dev libgles1 libgles2 libglib2.0-dev libglib2.0-dev-bin
2025-08-25T04:17:41.3819709Z   libglvnd-core-dev libglvnd-dev libglx-dev libgraphite2-dev
2025-08-25T04:17:41.3820768Z   libharfbuzz-cairo0 libharfbuzz-dev libharfbuzz-gobject0 libharfbuzz-icu0
2025-08-25T04:17:41.3821982Z   libharfbuzz-subset0 libice-dev libjbig-dev libjpeg-dev libjpeg-turbo8-dev
2025-08-25T04:17:41.3822975Z   libjpeg8-dev liblerc-dev liblzma-dev libmount-dev libopengl-dev libopengl0
2025-08-25T04:17:41.3824116Z   libpango1.0-dev libpangoxft-1.0-0 libpixman-1-dev libpng-dev libpng-tools
2025-08-25T04:17:41.3825166Z   libpthread-stubs0-dev librsvg2-2 librsvg2-common libselinux1-dev
2025-08-25T04:17:41.3826102Z   libsepol-dev libsharpyuv-dev libsm-dev libthai-dev libtiff-dev libtiff6
2025-08-25T04:17:41.3827075Z   libtiffxx6 libwayland-bin libwayland-dev libwebp-dev libwebpdecoder3
2025-08-25T04:17:41.3827992Z   libx11-dev libxau-dev libxcb-render0-dev libxcb-shm0-dev libxcb1-dev
2025-08-25T04:17:41.3828923Z   libxcomposite-dev libxcursor-dev libxdamage-dev libxdmcp-dev libxext-dev
2025-08-25T04:17:41.3829836Z   libxfixes-dev libxft-dev libxi-dev libxinerama-dev libxkbcommon-dev
2025-08-25T04:17:41.3830740Z   libxrandr-dev libxrender-dev libxtst-dev pango1.0-tools python3-mako
2025-08-25T04:17:41.3831933Z   python3-markdown uuid-dev wayland-protocols x11proto-dev xorg-sgml-doctools
2025-08-25T04:17:41.3832725Z   xtrans-dev
2025-08-25T04:17:41.3833110Z Suggested packages:
2025-08-25T04:17:41.3834047Z   libcairo2-doc libdatrie-doc freetype2-doc libgirepository1.0-doc
2025-08-25T04:17:41.3835030Z   libglib2.0-doc libxml2-utils libgraphite2-utils libgtk-3-doc libice-doc
2025-08-25T04:17:41.3836004Z   liblzma-doc libpango1.0-doc librsvg2-bin librsvg2-doc libsm-doc libthai-doc
2025-08-25T04:17:41.3836904Z   libwayland-doc libx11-doc libxcb-doc libxext-doc graphicsmagick
2025-08-25T04:17:41.3837664Z   python-mako-doc python3-beaker python-markdown-doc
2025-08-25T04:17:41.4398538Z The following NEW packages will be installed:
2025-08-25T04:17:41.4399442Z   build-essential bzip2-doc gir1.2-atk-1.0 gir1.2-atspi-2.0
2025-08-25T04:17:41.4400322Z   gir1.2-ayatanaappindicator3-0.1 gir1.2-ayatanaido3-0.4
2025-08-25T04:17:41.4401476Z   gir1.2-dbusmenu-glib-0.4 gir1.2-freedesktop gir1.2-freedesktop-dev
2025-08-25T04:17:41.4402472Z   gir1.2-gdkpixbuf-2.0 gir1.2-girepository-2.0-dev gir1.2-glib-2.0-dev
2025-08-25T04:17:41.4403477Z   gir1.2-gtk-3.0 gir1.2-harfbuzz-0.0 gir1.2-pango-1.0 gir1.2-rsvg-2.0
2025-08-25T04:17:41.4404131Z   gobject-introspection gobject-introspection-bin libatk-bridge2.0-dev
2025-08-25T04:17:41.4404763Z   libatk1.0-dev libatspi2.0-dev libayatana-appindicator3-1
2025-08-25T04:17:41.4405774Z   libayatana-appindicator3-dev libayatana-ido3-0.4-0 libayatana-ido3-dev
2025-08-25T04:17:41.4406727Z   libayatana-indicator3-7 libayatana-indicator3-dev libblkid-dev libbrotli-dev
2025-08-25T04:17:41.4407371Z   libbz2-dev libcairo-script-interpreter2 libcairo2-dev libdatrie-dev
2025-08-25T04:17:41.4408339Z   libdbus-1-dev libdbusmenu-glib-dev libdeflate-dev libegl-dev libegl-mesa0
2025-08-25T04:17:41.4409437Z   libegl1 libegl1-mesa-dev libepoxy-dev libfontconfig-dev libfreetype-dev
2025-08-25T04:17:41.4410079Z   libfribidi-dev libgdk-pixbuf-2.0-dev libgdk-pixbuf2.0-bin
2025-08-25T04:17:41.4410565Z   libgirepository-1.0-dev libgirepository-2.0-0 libgirepository1.0-dev
2025-08-25T04:17:41.4411734Z   libgl-dev libgles-dev libgles1 libgles2 libglib2.0-dev libglib2.0-dev-bin
2025-08-25T04:17:41.4412267Z   libglvnd-core-dev libglvnd-dev libglx-dev libgraphite2-dev libgtk-3-dev
2025-08-25T04:17:41.4412819Z   libharfbuzz-cairo0 libharfbuzz-dev libharfbuzz-gobject0 libharfbuzz-icu0
2025-08-25T04:17:41.4413365Z   libharfbuzz-subset0 libice-dev libjbig-dev libjpeg-dev libjpeg-turbo8-dev
2025-08-25T04:17:41.4413908Z   libjpeg8-dev liblerc-dev liblzma-dev libmount-dev libopengl-dev libopengl0
2025-08-25T04:17:41.4414445Z   libpango1.0-dev libpangoxft-1.0-0 libpixman-1-dev libpng-dev libpng-tools
2025-08-25T04:17:41.4414949Z   libpthread-stubs0-dev librsvg2-2 librsvg2-common librsvg2-dev
2025-08-25T04:17:41.4415431Z   libselinux1-dev libsepol-dev libsharpyuv-dev libsm-dev libthai-dev
2025-08-25T04:17:41.4415963Z   libtiff-dev libtiffxx6 libwayland-bin libwayland-dev libwebp-dev
2025-08-25T04:17:41.4416797Z   libwebpdecoder3 libx11-dev libxau-dev libxcb-render0-dev libxcb-shm0-dev
2025-08-25T04:17:41.4417407Z   libxcb1-dev libxcomposite-dev libxcursor-dev libxdamage-dev libxdmcp-dev
2025-08-25T04:17:41.4417900Z   libxext-dev libxfixes-dev libxft-dev libxi-dev libxinerama-dev
2025-08-25T04:17:41.4418623Z   libxkbcommon-dev libxrandr-dev libxrender-dev libxtst-dev pango1.0-tools
2025-08-25T04:17:41.4419475Z   python3-mako python3-markdown uuid-dev wayland-protocols x11proto-dev
2025-08-25T04:17:41.4419876Z   xorg-sgml-doctools xtrans-dev
2025-08-25T04:17:41.4420195Z The following packages will be upgraded:
2025-08-25T04:17:41.4420450Z   libtiff6
2025-08-25T04:17:41.4623525Z 1 upgraded, 121 newly installed, 0 to remove and 24 not upgraded.
2025-08-25T04:17:41.4624139Z Need to get 16.7 MB of archives.
2025-08-25T04:17:41.4624552Z After this operation, 93.2 MB of additional disk space will be used.
2025-08-25T04:17:41.4625014Z Get:1 file:/etc/apt/apt-mirrors.txt Mirrorlist [144 B]
2025-08-25T04:17:41.5089901Z Get:2 http://azure.archive.ubuntu.com/ubuntu noble/main amd64 build-essential amd64 12.10ubuntu1 [4928 B]
2025-08-25T04:17:41.5388099Z Get:3 http://azure.archive.ubuntu.com/ubuntu noble-updates/main amd64 bzip2-doc all 1.0.8-5.1build0.1 [499 kB]
2025-08-25T04:17:41.5948141Z Get:4 http://azure.archive.ubuntu.com/ubuntu noble/main amd64 gir1.2-atk-1.0 amd64 2.52.0-1build1 [23.1 kB]
2025-08-25T04:17:41.6228877Z Get:5 http://azure.archive.ubuntu.com/ubuntu noble/main amd64 gir1.2-freedesktop amd64 1.80.1-1 [49.7 kB]
2025-08-25T04:17:41.6516479Z Get:6 http://azure.archive.ubuntu.com/ubuntu noble/main amd64 gir1.2-atspi-2.0 amd64 2.52.0-1build1 [19.8 kB]
2025-08-25T04:17:41.6798319Z Get:7 http://azure.archive.ubuntu.com/ubuntu noble-updates/main amd64 gir1.2-gdkpixbuf-2.0 amd64 2.42.10+dfsg-3ubuntu3.2 [9488 B]
2025-08-25T04:17:41.7083865Z Get:8 http://azure.archive.ubuntu.com/ubuntu noble/main amd64 libharfbuzz-gobject0 amd64 8.3.0-2build2 [34.3 kB]
2025-08-25T04:17:41.7375561Z Get:9 http://azure.archive.ubuntu.com/ubuntu noble/main amd64 gir1.2-harfbuzz-0.0 amd64 8.3.0-2build2 [44.5 kB]
2025-08-25T04:17:41.7671705Z Get:10 http://azure.archive.ubuntu.com/ubuntu noble/main amd64 libpangoxft-1.0-0 amd64 1.52.1+ds-1build1 [20.3 kB]
2025-08-25T04:17:41.7958476Z Get:11 http://azure.archive.ubuntu.com/ubuntu noble/main amd64 gir1.2-pango-1.0 amd64 1.52.1+ds-1build1 [34.8 kB]
2025-08-25T04:17:41.8247304Z Get:12 http://azure.archive.ubuntu.com/ubuntu noble-updates/main amd64 gir1.2-gtk-3.0 amd64 3.24.41-4ubuntu1.3 [245 kB]
2025-08-25T04:17:41.8599856Z Get:13 http://azure.archive.ubuntu.com/ubuntu noble/main amd64 libayatana-ido3-0.4-0 amd64 0.10.1-1build2 [56.6 kB]
2025-08-25T04:17:41.8963386Z Get:14 http://azure.archive.ubuntu.com/ubuntu noble/main amd64 libayatana-indicator3-7 amd64 0.9.4-1build1 [31.7 kB]
2025-08-25T04:17:41.9249592Z Get:15 http://azure.archive.ubuntu.com/ubuntu noble/main amd64 libayatana-appindicator3-1 amd64 0.5.93-1build3 [24.7 kB]
2025-08-25T04:17:41.9538930Z Get:16 http://azure.archive.ubuntu.com/ubuntu noble/main amd64 gir1.2-ayatanaappindicator3-0.1 amd64 0.5.93-1build3 [5838 B]
2025-08-25T04:17:41.9819075Z Get:17 http://azure.archive.ubuntu.com/ubuntu noble/main amd64 gir1.2-ayatanaido3-0.4 amd64 0.10.1-1build2 [6410 B]
2025-08-25T04:17:42.0112954Z Get:18 http://azure.archive.ubuntu.com/ubuntu noble/main amd64 gir1.2-dbusmenu-glib-0.4 amd64 18.10.20180917~bzr492+repack1-3.1ubuntu5 [7088 B]
2025-08-25T04:17:42.0828379Z Get:19 http://azure.archive.ubuntu.com/ubuntu noble-updates/main amd64 gir1.2-glib-2.0-dev amd64 2.80.0-6ubuntu3.4 [848 kB]
2025-08-25T04:17:42.1419392Z Get:20 http://azure.archive.ubuntu.com/ubuntu noble/main amd64 gir1.2-freedesktop-dev amd64 1.80.1-1 [28.8 kB]
2025-08-25T04:17:42.1705799Z Get:21 http://azure.archive.ubuntu.com/ubuntu noble/main amd64 gir1.2-girepository-2.0-dev amd64 1.80.1-1 [41.5 kB]
2025-08-25T04:17:42.1993346Z Get:22 http://azure.archive.ubuntu.com/ubuntu noble/main amd64 librsvg2-2 amd64 2.58.0+dfsg-1build1 [2135 kB]
2025-08-25T04:17:42.2991890Z Get:23 http://azure.archive.ubuntu.com/ubuntu noble/main amd64 gir1.2-rsvg-2.0 amd64 2.58.0+dfsg-1build1 [11.1 kB]
2025-08-25T04:17:42.3278993Z Get:24 http://azure.archive.ubuntu.com/ubuntu noble/main amd64 python3-mako all 1.3.2-1 [63.3 kB]
2025-08-25T04:17:42.3571222Z Get:25 http://azure.archive.ubuntu.com/ubuntu noble/main amd64 python3-markdown all 3.5.2-1 [72.0 kB]
2025-08-25T04:17:42.3870548Z Get:26 http://azure.archive.ubuntu.com/ubuntu noble/main amd64 gobject-introspection-bin amd64 1.80.1-1 [254 kB]
2025-08-25T04:17:42.4198693Z Get:27 http://azure.archive.ubuntu.com/ubuntu noble-updates/main amd64 libglib2.0-dev-bin amd64 2.80.0-6ubuntu3.4 [138 kB]
2025-08-25T04:17:42.4522826Z Get:28 http://azure.archive.ubuntu.com/ubuntu noble-updates/main amd64 uuid-dev amd64 2.39.3-9ubuntu6.3 [33.5 kB]
2025-08-25T04:17:42.4811840Z Get:29 http://azure.archive.ubuntu.com/ubuntu noble-updates/main amd64 libblkid-dev amd64 2.39.3-9ubuntu6.3 [204 kB]
2025-08-25T04:17:42.5124508Z Get:30 http://azure.archive.ubuntu.com/ubuntu noble/main amd64 libsepol-dev amd64 3.5-2build1 [384 kB]
2025-08-25T04:17:42.5443170Z Get:31 http://azure.archive.ubuntu.com/ubuntu noble-updates/main amd64 libselinux1-dev amd64 3.5-2ubuntu2.1 [164 kB]
2025-08-25T04:17:42.5743241Z Get:32 http://azure.archive.ubuntu.com/ubuntu noble-updates/main amd64 libmount-dev amd64 2.39.3-9ubuntu6.3 [14.9 kB]
2025-08-25T04:17:42.6032657Z Get:33 http://azure.archive.ubuntu.com/ubuntu noble-updates/main amd64 libgirepository-2.0-0 amd64 2.80.0-6ubuntu3.4 [73.6 kB]
2025-08-25T04:17:42.6327600Z Get:34 http://azure.archive.ubuntu.com/ubuntu noble-updates/main amd64 libglib2.0-dev amd64 2.80.0-6ubuntu3.4 [1860 kB]
2025-08-25T04:17:42.7236481Z Get:35 http://azure.archive.ubuntu.com/ubuntu noble/main amd64 gobject-introspection amd64 1.80.1-1 [105 kB]
2025-08-25T04:17:42.7532612Z Get:36 http://azure.archive.ubuntu.com/ubuntu noble/main amd64 libatk1.0-dev amd64 2.52.0-1build1 [100 kB]
2025-08-25T04:17:42.7828550Z Get:37 http://azure.archive.ubuntu.com/ubuntu noble-updates/main amd64 libdbus-1-dev amd64 1.14.10-4ubuntu4.1 [190 kB]
2025-08-25T04:17:42.8555926Z Get:38 http://azure.archive.ubuntu.com/ubuntu noble/main amd64 xorg-sgml-doctools all 1:1.11-1.1 [10.9 kB]
2025-08-25T04:17:42.8839950Z Get:39 http://azure.archive.ubuntu.com/ubuntu noble/main amd64 x11proto-dev all 2023.2-1 [602 kB]
2025-08-25T04:17:42.9421799Z Get:40 http://azure.archive.ubuntu.com/ubuntu noble/main amd64 libxau-dev amd64 1:1.0.9-1build6 [9570 B]
2025-08-25T04:17:42.9705581Z Get:41 http://azure.archive.ubuntu.com/ubuntu noble/main amd64 libxdmcp-dev amd64 1:1.1.3-0ubuntu6 [26.5 kB]
2025-08-25T04:17:42.9989438Z Get:42 http://azure.archive.ubuntu.com/ubuntu noble/main amd64 xtrans-dev all 1.4.0-1 [68.9 kB]
2025-08-25T04:17:43.0284663Z Get:43 http://azure.archive.ubuntu.com/ubuntu noble/main amd64 libpthread-stubs0-dev amd64 0.4-1build3 [4746 B]
2025-08-25T04:17:43.0569769Z Get:44 http://azure.archive.ubuntu.com/ubuntu noble/main amd64 libxcb1-dev amd64 1.15-1ubuntu2 [85.8 kB]
2025-08-25T04:17:43.0862485Z Get:45 http://azure.archive.ubuntu.com/ubuntu noble/main amd64 libx11-dev amd64 2:1.8.7-1build1 [732 kB]
2025-08-25T04:17:43.1452316Z Get:46 http://azure.archive.ubuntu.com/ubuntu noble/main amd64 libxext-dev amd64 2:1.3.4-1build2 [83.5 kB]
2025-08-25T04:17:43.1749453Z Get:47 http://azure.archive.ubuntu.com/ubuntu noble/main amd64 libxfixes-dev amd64 1:6.0.0-2build1 [12.1 kB]
2025-08-25T04:17:43.2032955Z Get:48 http://azure.archive.ubuntu.com/ubuntu noble/main amd64 libxi-dev amd64 2:1.8.1-1build1 [194 kB]
2025-08-25T04:17:43.2438129Z Get:49 http://azure.archive.ubuntu.com/ubuntu noble/main amd64 libxtst-dev amd64 2:1.2.3-1.1build1 [15.9 kB]
2025-08-25T04:17:43.2799438Z Get:50 http://azure.archive.ubuntu.com/ubuntu noble/main amd64 libatspi2.0-dev amd64 2.52.0-1build1 [76.2 kB]
2025-08-25T04:17:43.3124006Z Get:51 http://azure.archive.ubuntu.com/ubuntu noble/main amd64 libatk-bridge2.0-dev amd64 2.52.0-1build1 [4284 B]
2025-08-25T04:17:43.3431311Z Get:52 http://azure.archive.ubuntu.com/ubuntu noble/main amd64 libcairo-script-interpreter2 amd64 1.18.0-3build1 [60.3 kB]
2025-08-25T04:17:43.3736167Z Get:53 http://azure.archive.ubuntu.com/ubuntu noble/main amd64 libbrotli-dev amd64 1.1.0-2build2 [353 kB]
2025-08-25T04:17:43.4056612Z Get:54 http://azure.archive.ubuntu.com/ubuntu noble-updates/main amd64 libbz2-dev amd64 1.0.8-5.1build0.1 [33.6 kB]
2025-08-25T04:17:43.4352182Z Get:55 http://azure.archive.ubuntu.com/ubuntu noble/main amd64 libpng-dev amd64 1.6.43-5build1 [264 kB]
2025-08-25T04:17:43.4672200Z Get:56 http://azure.archive.ubuntu.com/ubuntu noble/main amd64 libfreetype-dev amd64 2.13.2+dfsg-1build3 [575 kB]
2025-08-25T04:17:43.5702337Z Get:57 http://azure.archive.ubuntu.com/ubuntu noble/main amd64 libfontconfig-dev amd64 2.15.0-1.1ubuntu2 [161 kB]
2025-08-25T04:17:43.6009580Z Get:58 http://azure.archive.ubuntu.com/ubuntu noble/main amd64 libpixman-1-dev amd64 0.42.2-1build1 [296 kB]
2025-08-25T04:17:43.6323280Z Get:59 http://azure.archive.ubuntu.com/ubuntu noble/main amd64 libice-dev amd64 2:1.0.10-1build3 [51.0 kB]
2025-08-25T04:17:43.6614493Z Get:60 http://azure.archive.ubuntu.com/ubuntu noble/main amd64 libsm-dev amd64 2:1.2.3-1build3 [17.8 kB]
2025-08-25T04:17:43.6910385Z Get:61 http://azure.archive.ubuntu.com/ubuntu noble/main amd64 libxcb-render0-dev amd64 1.15-1ubuntu2 [19.6 kB]
2025-08-25T04:17:43.7194719Z Get:62 http://azure.archive.ubuntu.com/ubuntu noble/main amd64 libxcb-shm0-dev amd64 1.15-1ubuntu2 [8246 B]
2025-08-25T04:17:43.7483068Z Get:63 http://azure.archive.ubuntu.com/ubuntu noble/main amd64 libxrender-dev amd64 1:0.9.10-1.1build1 [26.3 kB]
2025-08-25T04:17:43.7775094Z Get:64 http://azure.archive.ubuntu.com/ubuntu noble/main amd64 libcairo2-dev amd64 1.18.0-3build1 [41.1 kB]
2025-08-25T04:17:43.8068446Z Get:65 http://azure.archive.ubuntu.com/ubuntu noble-updates/main amd64 libegl-mesa0 amd64 25.0.7-0ubuntu0.24.04.1 [124 kB]
2025-08-25T04:17:43.8369403Z Get:66 http://azure.archive.ubuntu.com/ubuntu noble/main amd64 libegl1 amd64 1.7.0-1build1 [28.7 kB]
2025-08-25T04:17:43.8662084Z Get:67 http://azure.archive.ubuntu.com/ubuntu noble/main amd64 libglx-dev amd64 1.7.0-1build1 [14.2 kB]
2025-08-25T04:17:43.8948222Z Get:68 http://azure.archive.ubuntu.com/ubuntu noble/main amd64 libgl-dev amd64 1.7.0-1build1 [102 kB]
2025-08-25T04:17:43.9241487Z Get:69 http://azure.archive.ubuntu.com/ubuntu noble/main amd64 libegl-dev amd64 1.7.0-1build1 [18.2 kB]
2025-08-25T04:17:43.9527721Z Get:70 http://azure.archive.ubuntu.com/ubuntu noble/main amd64 libglvnd-core-dev amd64 1.7.0-1build1 [13.6 kB]
2025-08-25T04:17:43.9811765Z Get:71 http://azure.archive.ubuntu.com/ubuntu noble/main amd64 libgles1 amd64 1.7.0-1build1 [11.6 kB]
2025-08-25T04:17:44.0099311Z Get:72 http://azure.archive.ubuntu.com/ubuntu noble/main amd64 libgles2 amd64 1.7.0-1build1 [17.1 kB]
2025-08-25T04:17:44.0416447Z Get:73 http://azure.archive.ubuntu.com/ubuntu noble/main amd64 libgles-dev amd64 1.7.0-1build1 [50.5 kB]
2025-08-25T04:17:44.0712273Z Get:74 http://azure.archive.ubuntu.com/ubuntu noble/main amd64 libopengl0 amd64 1.7.0-1build1 [32.8 kB]
2025-08-25T04:17:44.1003080Z Get:75 http://azure.archive.ubuntu.com/ubuntu noble/main amd64 libopengl-dev amd64 1.7.0-1build1 [3454 B]
2025-08-25T04:17:44.1716418Z Get:76 http://azure.archive.ubuntu.com/ubuntu noble/main amd64 libglvnd-dev amd64 1.7.0-1build1 [3198 B]
2025-08-25T04:17:44.2008832Z Get:77 http://azure.archive.ubuntu.com/ubuntu noble-updates/main amd64 libegl1-mesa-dev amd64 25.0.7-0ubuntu0.24.04.1 [25.0 kB]
2025-08-25T04:17:44.2299246Z Get:78 http://azure.archive.ubuntu.com/ubuntu noble/main amd64 libepoxy-dev amd64 1.5.10-1build1 [132 kB]
2025-08-25T04:17:44.2595659Z Get:79 http://azure.archive.ubuntu.com/ubuntu noble/main amd64 libfribidi-dev amd64 1.0.13-3build1 [64.8 kB]
2025-08-25T04:17:44.2892436Z Get:80 http://azure.archive.ubuntu.com/ubuntu noble-updates/main amd64 libgdk-pixbuf2.0-bin amd64 2.42.10+dfsg-3ubuntu3.2 [13.9 kB]
2025-08-25T04:17:44.3181462Z Get:81 http://azure.archive.ubuntu.com/ubuntu noble/main amd64 libjpeg-turbo8-dev amd64 2.1.5-2ubuntu2 [295 kB]
2025-08-25T04:17:44.3491798Z Get:82 http://azure.archive.ubuntu.com/ubuntu noble/main amd64 libjpeg8-dev amd64 8c-2ubuntu11 [1484 B]
2025-08-25T04:17:44.3774418Z Get:83 http://azure.archive.ubuntu.com/ubuntu noble/main amd64 libjpeg-dev amd64 8c-2ubuntu11 [1482 B]
2025-08-25T04:17:44.4063388Z Get:84 http://azure.archive.ubuntu.com/ubuntu noble/main amd64 libjbig-dev amd64 2.1-6.1ubuntu2 [27.9 kB]
2025-08-25T04:17:44.4350515Z Get:85 http://azure.archive.ubuntu.com/ubuntu noble-updates/main amd64 liblzma-dev amd64 5.6.1+really5.4.5-1ubuntu0.2 [176 kB]
2025-08-25T04:17:44.4648502Z Get:86 http://azure.archive.ubuntu.com/ubuntu noble/main amd64 libwebpdecoder3 amd64 1.3.2-0.4build3 [114 kB]
2025-08-25T04:17:44.4986410Z Get:87 http://azure.archive.ubuntu.com/ubuntu noble/main amd64 libsharpyuv-dev amd64 1.3.2-0.4build3 [16.0 kB]
2025-08-25T04:17:44.5273704Z Get:88 http://azure.archive.ubuntu.com/ubuntu noble/main amd64 libwebp-dev amd64 1.3.2-0.4build3 [367 kB]
2025-08-25T04:17:44.5605911Z Get:89 http://azure.archive.ubuntu.com/ubuntu noble-updates/main amd64 libtiff6 amd64 4.5.1+git230720-4ubuntu2.3 [199 kB]
2025-08-25T04:17:44.5905477Z Get:90 http://azure.archive.ubuntu.com/ubuntu noble-updates/main amd64 libtiffxx6 amd64 4.5.1+git230720-4ubuntu2.3 [5642 B]
2025-08-25T04:17:44.6192230Z Get:91 http://azure.archive.ubuntu.com/ubuntu noble-updates/main amd64 libdeflate-dev amd64 1.19-1build1.1 [50.9 kB]
2025-08-25T04:17:44.6483742Z Get:92 http://azure.archive.ubuntu.com/ubuntu noble/main amd64 liblerc-dev amd64 4.0.0+ds-4ubuntu2 [182 kB]
2025-08-25T04:17:44.6787242Z Get:93 http://azure.archive.ubuntu.com/ubuntu noble-updates/main amd64 libtiff-dev amd64 4.5.1+git230720-4ubuntu2.3 [338 kB]
2025-08-25T04:17:44.7512850Z Get:94 http://azure.archive.ubuntu.com/ubuntu noble-updates/main amd64 libgdk-pixbuf-2.0-dev amd64 2.42.10+dfsg-3ubuntu3.2 [48.0 kB]
2025-08-25T04:17:44.7806075Z Get:95 http://azure.archive.ubuntu.com/ubuntu noble/main amd64 libharfbuzz-icu0 amd64 8.3.0-2build2 [13.3 kB]
2025-08-25T04:17:44.8092544Z Get:96 http://azure.archive.ubuntu.com/ubuntu noble/main amd64 libharfbuzz-subset0 amd64 8.3.0-2build2 [448 kB]
2025-08-25T04:17:44.8421262Z Get:97 http://azure.archive.ubuntu.com/ubuntu noble/main amd64 libharfbuzz-cairo0 amd64 8.3.0-2build2 [26.2 kB]
2025-08-25T04:17:44.8710523Z Get:98 http://azure.archive.ubuntu.com/ubuntu noble/main amd64 libgraphite2-dev amd64 1.3.14-2build1 [14.7 kB]
2025-08-25T04:17:44.9054020Z Get:99 http://azure.archive.ubuntu.com/ubuntu noble/main amd64 libharfbuzz-dev amd64 8.3.0-2build2 [142 kB]
2025-08-25T04:17:44.9366107Z Get:100 http://azure.archive.ubuntu.com/ubuntu noble/main amd64 libdatrie-dev amd64 0.2.13-3build1 [19.4 kB]
2025-08-25T04:17:44.9651783Z Get:101 http://azure.archive.ubuntu.com/ubuntu noble/main amd64 libthai-dev amd64 0.1.29-2build1 [26.6 kB]
2025-08-25T04:17:44.9942256Z Get:102 http://azure.archive.ubuntu.com/ubuntu noble/main amd64 libxft-dev amd64 2.3.6-1build1 [64.3 kB]
2025-08-25T04:17:45.0256931Z Get:103 http://azure.archive.ubuntu.com/ubuntu noble/main amd64 pango1.0-tools amd64 1.52.1+ds-1build1 [36.7 kB]
2025-08-25T04:17:45.0555637Z Get:104 http://azure.archive.ubuntu.com/ubuntu noble/main amd64 libpango1.0-dev amd64 1.52.1+ds-1build1 [147 kB]
2025-08-25T04:17:45.0869659Z Get:105 http://azure.archive.ubuntu.com/ubuntu noble/main amd64 libwayland-bin amd64 1.22.0-2.1build1 [20.6 kB]
2025-08-25T04:17:45.1162291Z Get:106 http://azure.archive.ubuntu.com/ubuntu noble/main amd64 libwayland-dev amd64 1.22.0-2.1build1 [71.3 kB]
2025-08-25T04:17:45.1463361Z Get:107 http://azure.archive.ubuntu.com/ubuntu noble/main amd64 libxcomposite-dev amd64 1:0.4.5-1build3 [9374 B]
2025-08-25T04:17:45.1750848Z Get:108 http://azure.archive.ubuntu.com/ubuntu noble/main amd64 libxcursor-dev amd64 1:1.2.1-1build1 [31.8 kB]
2025-08-25T04:17:45.2061431Z Get:109 http://azure.archive.ubuntu.com/ubuntu noble/main amd64 libxdamage-dev amd64 1:1.1.6-1build1 [5270 B]
2025-08-25T04:17:45.2353737Z Get:110 http://azure.archive.ubuntu.com/ubuntu noble/main amd64 libxinerama-dev amd64 2:1.1.4-3build1 [7988 B]
2025-08-25T04:17:45.2645755Z Get:111 http://azure.archive.ubuntu.com/ubuntu noble/main amd64 libxkbcommon-dev amd64 1.6.0-1build1 [56.3 kB]
2025-08-25T04:17:45.2982122Z Get:112 http://azure.archive.ubuntu.com/ubuntu noble/main amd64 libxrandr-dev amd64 2:1.5.2-2build1 [26.4 kB]
2025-08-25T04:17:45.3277124Z Get:113 http://azure.archive.ubuntu.com/ubuntu noble-updates/main amd64 wayland-protocols all 1.38-1~ubuntu0.24.04.1 [93.0 kB]
2025-08-25T04:17:45.3609850Z Get:114 http://azure.archive.ubuntu.com/ubuntu noble-updates/main amd64 libgtk-3-dev amd64 3.24.41-4ubuntu1.3 [1096 kB]
2025-08-25T04:17:45.4247312Z Get:115 http://azure.archive.ubuntu.com/ubuntu noble/main amd64 libayatana-ido3-dev amd64 0.10.1-1build2 [14.2 kB]
2025-08-25T04:17:45.4538098Z Get:116 http://azure.archive.ubuntu.com/ubuntu noble/main amd64 libayatana-indicator3-dev amd64 0.9.4-1build1 [6956 B]
2025-08-25T04:17:45.4822700Z Get:117 http://azure.archive.ubuntu.com/ubuntu noble/main amd64 libdbusmenu-glib-dev amd64 18.10.20180917~bzr492+repack1-3.1ubuntu5 [70.6 kB]
2025-08-25T04:17:45.5125936Z Get:118 http://azure.archive.ubuntu.com/ubuntu noble/main amd64 libayatana-appindicator3-dev amd64 0.5.93-1build3 [14.9 kB]
2025-08-25T04:17:45.5422560Z Get:119 http://azure.archive.ubuntu.com/ubuntu noble/main amd64 libgirepository-1.0-dev amd64 1.80.1-1 [28.5 kB]
2025-08-25T04:17:45.6132884Z Get:120 http://azure.archive.ubuntu.com/ubuntu noble/main amd64 libgirepository1.0-dev amd64 1.80.1-1 [17.0 kB]
2025-08-25T04:17:45.6440440Z Get:121 http://azure.archive.ubuntu.com/ubuntu noble/main amd64 libpng-tools amd64 1.6.43-5build1 [28.5 kB]
2025-08-25T04:17:45.6759051Z Get:122 http://azure.archive.ubuntu.com/ubuntu noble/main amd64 librsvg2-common amd64 2.58.0+dfsg-1build1 [11.8 kB]
2025-08-25T04:17:45.7053351Z Get:123 http://azure.archive.ubuntu.com/ubuntu noble/universe amd64 librsvg2-dev amd64 2.58.0+dfsg-1build1 [38.0 kB]
2025-08-25T04:17:46.0852919Z Fetched 16.7 MB in 4s (3933 kB/s)
2025-08-25T04:17:46.1069070Z Selecting previously unselected package build-essential.
2025-08-25T04:17:46.1246149Z (Reading database ... 
2025-08-25T04:17:46.1246603Z (Reading database ... 5%
2025-08-25T04:17:46.1247073Z (Reading database ... 10%
2025-08-25T04:17:46.1247470Z (Reading database ... 15%
2025-08-25T04:17:46.1247830Z (Reading database ... 20%
2025-08-25T04:17:46.1248076Z (Reading database ... 25%
2025-08-25T04:17:46.1248320Z (Reading database ... 30%
2025-08-25T04:17:46.1248559Z (Reading database ... 35%
2025-08-25T04:17:46.1248806Z (Reading database ... 40%
2025-08-25T04:17:46.1249051Z (Reading database ... 45%
2025-08-25T04:17:46.1249293Z (Reading database ... 50%
2025-08-25T04:17:46.1301763Z (Reading database ... 55%
2025-08-25T04:17:46.1518333Z (Reading database ... 60%
2025-08-25T04:17:46.1647382Z (Reading database ... 65%
2025-08-25T04:17:46.1797114Z (Reading database ... 70%
2025-08-25T04:17:46.1929615Z (Reading database ... 75%
2025-08-25T04:17:46.2084671Z (Reading database ... 80%
2025-08-25T04:17:46.2356177Z (Reading database ... 85%
2025-08-25T04:17:46.2608665Z (Reading database ... 90%
2025-08-25T04:17:46.3009226Z (Reading database ... 95%
2025-08-25T04:17:46.3009690Z (Reading database ... 100%
2025-08-25T04:17:46.3010709Z (Reading database ... 219830 files and directories currently installed.)
2025-08-25T04:17:46.3054068Z Preparing to unpack .../000-build-essential_12.10ubuntu1_amd64.deb ...
2025-08-25T04:17:46.3077254Z Unpacking build-essential (12.10ubuntu1) ...
2025-08-25T04:17:46.3289931Z Selecting previously unselected package bzip2-doc.
2025-08-25T04:17:46.3425933Z Preparing to unpack .../001-bzip2-doc_1.0.8-5.1build0.1_all.deb ...
2025-08-25T04:17:46.3435739Z Unpacking bzip2-doc (1.0.8-5.1build0.1) ...
2025-08-25T04:17:46.3684323Z Selecting previously unselected package gir1.2-atk-1.0:amd64.
2025-08-25T04:17:46.3822922Z Preparing to unpack .../002-gir1.2-atk-1.0_2.52.0-1build1_amd64.deb ...
2025-08-25T04:17:46.3832955Z Unpacking gir1.2-atk-1.0:amd64 (2.52.0-1build1) ...
2025-08-25T04:17:46.4047996Z Selecting previously unselected package gir1.2-freedesktop:amd64.
2025-08-25T04:17:46.4186211Z Preparing to unpack .../003-gir1.2-freedesktop_1.80.1-1_amd64.deb ...
2025-08-25T04:17:46.4198267Z Unpacking gir1.2-freedesktop:amd64 (1.80.1-1) ...
2025-08-25T04:17:46.4428606Z Selecting previously unselected package gir1.2-atspi-2.0:amd64.
2025-08-25T04:17:46.4566208Z Preparing to unpack .../004-gir1.2-atspi-2.0_2.52.0-1build1_amd64.deb ...
2025-08-25T04:17:46.4577129Z Unpacking gir1.2-atspi-2.0:amd64 (2.52.0-1build1) ...
2025-08-25T04:17:46.4786529Z Selecting previously unselected package gir1.2-gdkpixbuf-2.0:amd64.
2025-08-25T04:17:46.4923010Z Preparing to unpack .../005-gir1.2-gdkpixbuf-2.0_2.42.10+dfsg-3ubuntu3.2_amd64.deb ...
2025-08-25T04:17:46.4931951Z Unpacking gir1.2-gdkpixbuf-2.0:amd64 (2.42.10+dfsg-3ubuntu3.2) ...
2025-08-25T04:17:46.5164016Z Selecting previously unselected package libharfbuzz-gobject0:amd64.
2025-08-25T04:17:46.5303883Z Preparing to unpack .../006-libharfbuzz-gobject0_8.3.0-2build2_amd64.deb ...
2025-08-25T04:17:46.5324048Z Unpacking libharfbuzz-gobject0:amd64 (8.3.0-2build2) ...
2025-08-25T04:17:46.5547738Z Selecting previously unselected package gir1.2-harfbuzz-0.0:amd64.
2025-08-25T04:17:46.5687930Z Preparing to unpack .../007-gir1.2-harfbuzz-0.0_8.3.0-2build2_amd64.deb ...
2025-08-25T04:17:46.5701274Z Unpacking gir1.2-harfbuzz-0.0:amd64 (8.3.0-2build2) ...
2025-08-25T04:17:46.5937026Z Selecting previously unselected package libpangoxft-1.0-0:amd64.
2025-08-25T04:17:46.6076533Z Preparing to unpack .../008-libpangoxft-1.0-0_1.52.1+ds-1build1_amd64.deb ...
2025-08-25T04:17:46.6087097Z Unpacking libpangoxft-1.0-0:amd64 (1.52.1+ds-1build1) ...
2025-08-25T04:17:46.6302135Z Selecting previously unselected package gir1.2-pango-1.0:amd64.
2025-08-25T04:17:46.6439851Z Preparing to unpack .../009-gir1.2-pango-1.0_1.52.1+ds-1build1_amd64.deb ...
2025-08-25T04:17:46.6449459Z Unpacking gir1.2-pango-1.0:amd64 (1.52.1+ds-1build1) ...
2025-08-25T04:17:46.6683167Z Selecting previously unselected package gir1.2-gtk-3.0:amd64.
2025-08-25T04:17:46.6820541Z Preparing to unpack .../010-gir1.2-gtk-3.0_3.24.41-4ubuntu1.3_amd64.deb ...
2025-08-25T04:17:46.6829894Z Unpacking gir1.2-gtk-3.0:amd64 (3.24.41-4ubuntu1.3) ...
2025-08-25T04:17:46.7100291Z Selecting previously unselected package libayatana-ido3-0.4-0:amd64.
2025-08-25T04:17:46.7239038Z Preparing to unpack .../011-libayatana-ido3-0.4-0_0.10.1-1build2_amd64.deb ...
2025-08-25T04:17:46.7250865Z Unpacking libayatana-ido3-0.4-0:amd64 (0.10.1-1build2) ...
2025-08-25T04:17:46.7490624Z Selecting previously unselected package libayatana-indicator3-7:amd64.
2025-08-25T04:17:46.7630407Z Preparing to unpack .../012-libayatana-indicator3-7_0.9.4-1build1_amd64.deb ...
2025-08-25T04:17:46.7640564Z Unpacking libayatana-indicator3-7:amd64 (0.9.4-1build1) ...
2025-08-25T04:17:46.7878149Z Selecting previously unselected package libayatana-appindicator3-1.
2025-08-25T04:17:46.8015279Z Preparing to unpack .../013-libayatana-appindicator3-1_0.5.93-1build3_amd64.deb ...
2025-08-25T04:17:46.8027874Z Unpacking libayatana-appindicator3-1 (0.5.93-1build3) ...
2025-08-25T04:17:46.8237319Z Selecting previously unselected package gir1.2-ayatanaappindicator3-0.1.
2025-08-25T04:17:46.8373940Z Preparing to unpack .../014-gir1.2-ayatanaappindicator3-0.1_0.5.93-1build3_amd64.deb ...
2025-08-25T04:17:46.8387029Z Unpacking gir1.2-ayatanaappindicator3-0.1 (0.5.93-1build3) ...
2025-08-25T04:17:46.8597754Z Selecting previously unselected package gir1.2-ayatanaido3-0.4:amd64.
2025-08-25T04:17:46.8734220Z Preparing to unpack .../015-gir1.2-ayatanaido3-0.4_0.10.1-1build2_amd64.deb ...
2025-08-25T04:17:46.8747833Z Unpacking gir1.2-ayatanaido3-0.4:amd64 (0.10.1-1build2) ...
2025-08-25T04:17:46.8964093Z Selecting previously unselected package gir1.2-dbusmenu-glib-0.4:amd64.
2025-08-25T04:17:46.9101418Z Preparing to unpack .../016-gir1.2-dbusmenu-glib-0.4_18.10.20180917~bzr492+repack1-3.1ubuntu5_amd64.deb ...
2025-08-25T04:17:46.9112997Z Unpacking gir1.2-dbusmenu-glib-0.4:amd64 (18.10.20180917~bzr492+repack1-3.1ubuntu5) ...
2025-08-25T04:17:46.9327787Z Selecting previously unselected package gir1.2-glib-2.0-dev:amd64.
2025-08-25T04:17:46.9465322Z Preparing to unpack .../017-gir1.2-glib-2.0-dev_2.80.0-6ubuntu3.4_amd64.deb ...
2025-08-25T04:17:46.9476263Z Unpacking gir1.2-glib-2.0-dev:amd64 (2.80.0-6ubuntu3.4) ...
2025-08-25T04:17:47.0036826Z Selecting previously unselected package gir1.2-freedesktop-dev:amd64.
2025-08-25T04:17:47.0175335Z Preparing to unpack .../018-gir1.2-freedesktop-dev_1.80.1-1_amd64.deb ...
2025-08-25T04:17:47.0184832Z Unpacking gir1.2-freedesktop-dev:amd64 (1.80.1-1) ...
2025-08-25T04:17:47.0407619Z Selecting previously unselected package gir1.2-girepository-2.0-dev:amd64.
2025-08-25T04:17:47.0545142Z Preparing to unpack .../019-gir1.2-girepository-2.0-dev_1.80.1-1_amd64.deb ...
2025-08-25T04:17:47.0554855Z Unpacking gir1.2-girepository-2.0-dev:amd64 (1.80.1-1) ...
2025-08-25T04:17:47.0800191Z Selecting previously unselected package librsvg2-2:amd64.
2025-08-25T04:17:47.0938469Z Preparing to unpack .../020-librsvg2-2_2.58.0+dfsg-1build1_amd64.deb ...
2025-08-25T04:17:47.0949345Z Unpacking librsvg2-2:amd64 (2.58.0+dfsg-1build1) ...
2025-08-25T04:17:47.1429771Z Selecting previously unselected package gir1.2-rsvg-2.0:amd64.
2025-08-25T04:17:47.1568882Z Preparing to unpack .../021-gir1.2-rsvg-2.0_2.58.0+dfsg-1build1_amd64.deb ...
2025-08-25T04:17:47.1577495Z Unpacking gir1.2-rsvg-2.0:amd64 (2.58.0+dfsg-1build1) ...
2025-08-25T04:17:47.1833172Z Selecting previously unselected package python3-mako.
2025-08-25T04:17:47.1968626Z Preparing to unpack .../022-python3-mako_1.3.2-1_all.deb ...
2025-08-25T04:17:47.1978114Z Unpacking python3-mako (1.3.2-1) ...
2025-08-25T04:17:47.2275359Z Selecting previously unselected package python3-markdown.
2025-08-25T04:17:47.2411561Z Preparing to unpack .../023-python3-markdown_3.5.2-1_all.deb ...
2025-08-25T04:17:47.2422174Z Unpacking python3-markdown (3.5.2-1) ...
2025-08-25T04:17:47.2704436Z Selecting previously unselected package gobject-introspection-bin.
2025-08-25T04:17:47.2842525Z Preparing to unpack .../024-gobject-introspection-bin_1.80.1-1_amd64.deb ...
2025-08-25T04:17:47.2853257Z Unpacking gobject-introspection-bin (1.80.1-1) ...
2025-08-25T04:17:47.3324810Z Selecting previously unselected package libglib2.0-dev-bin.
2025-08-25T04:17:47.3462431Z Preparing to unpack .../025-libglib2.0-dev-bin_2.80.0-6ubuntu3.4_amd64.deb ...
2025-08-25T04:17:47.3472133Z Unpacking libglib2.0-dev-bin (2.80.0-6ubuntu3.4) ...
2025-08-25T04:17:47.3782977Z Selecting previously unselected package uuid-dev:amd64.
2025-08-25T04:17:47.3920549Z Preparing to unpack .../026-uuid-dev_2.39.3-9ubuntu6.3_amd64.deb ...
2025-08-25T04:17:47.3930646Z Unpacking uuid-dev:amd64 (2.39.3-9ubuntu6.3) ...
2025-08-25T04:17:47.4177118Z Selecting previously unselected package libblkid-dev:amd64.
2025-08-25T04:17:47.4314487Z Preparing to unpack .../027-libblkid-dev_2.39.3-9ubuntu6.3_amd64.deb ...
2025-08-25T04:17:47.4323713Z Unpacking libblkid-dev:amd64 (2.39.3-9ubuntu6.3) ...
2025-08-25T04:17:47.4575746Z Selecting previously unselected package libsepol-dev:amd64.
2025-08-25T04:17:47.4714434Z Preparing to unpack .../028-libsepol-dev_3.5-2build1_amd64.deb ...
2025-08-25T04:17:47.4724309Z Unpacking libsepol-dev:amd64 (3.5-2build1) ...
2025-08-25T04:17:47.5058577Z Selecting previously unselected package libselinux1-dev:amd64.
2025-08-25T04:17:47.5195039Z Preparing to unpack .../029-libselinux1-dev_3.5-2ubuntu2.1_amd64.deb ...
2025-08-25T04:17:47.5205794Z Unpacking libselinux1-dev:amd64 (3.5-2ubuntu2.1) ...
2025-08-25T04:17:47.5658129Z Selecting previously unselected package libmount-dev:amd64.
2025-08-25T04:17:47.5796779Z Preparing to unpack .../030-libmount-dev_2.39.3-9ubuntu6.3_amd64.deb ...
2025-08-25T04:17:47.5805791Z Unpacking libmount-dev:amd64 (2.39.3-9ubuntu6.3) ...
2025-08-25T04:17:47.6019962Z Selecting previously unselected package libgirepository-2.0-0:amd64.
2025-08-25T04:17:47.6158631Z Preparing to unpack .../031-libgirepository-2.0-0_2.80.0-6ubuntu3.4_amd64.deb ...
2025-08-25T04:17:47.6168451Z Unpacking libgirepository-2.0-0:amd64 (2.80.0-6ubuntu3.4) ...
2025-08-25T04:17:47.6386568Z Selecting previously unselected package libglib2.0-dev:amd64.
2025-08-25T04:17:47.6525149Z Preparing to unpack .../032-libglib2.0-dev_2.80.0-6ubuntu3.4_amd64.deb ...
2025-08-25T04:17:47.6537682Z Unpacking libglib2.0-dev:amd64 (2.80.0-6ubuntu3.4) ...
2025-08-25T04:17:47.7644890Z Selecting previously unselected package gobject-introspection:amd64.
2025-08-25T04:17:47.7782512Z Preparing to unpack .../033-gobject-introspection_1.80.1-1_amd64.deb ...
2025-08-25T04:17:47.7791873Z Unpacking gobject-introspection:amd64 (1.80.1-1) ...
2025-08-25T04:17:47.8056056Z Selecting previously unselected package libatk1.0-dev:amd64.
2025-08-25T04:17:47.8192735Z Preparing to unpack .../034-libatk1.0-dev_2.52.0-1build1_amd64.deb ...
2025-08-25T04:17:47.8202814Z Unpacking libatk1.0-dev:amd64 (2.52.0-1build1) ...
2025-08-25T04:17:47.8530908Z Selecting previously unselected package libdbus-1-dev:amd64.
2025-08-25T04:17:47.8671299Z Preparing to unpack .../035-libdbus-1-dev_1.14.10-4ubuntu4.1_amd64.deb ...
2025-08-25T04:17:47.8682020Z Unpacking libdbus-1-dev:amd64 (1.14.10-4ubuntu4.1) ...
2025-08-25T04:17:47.9035514Z Selecting previously unselected package xorg-sgml-doctools.
2025-08-25T04:17:47.9173008Z Preparing to unpack .../036-xorg-sgml-doctools_1%3a1.11-1.1_all.deb ...
2025-08-25T04:17:47.9183289Z Unpacking xorg-sgml-doctools (1:1.11-1.1) ...
2025-08-25T04:17:47.9471309Z Selecting previously unselected package x11proto-dev.
2025-08-25T04:17:47.9608841Z Preparing to unpack .../037-x11proto-dev_2023.2-1_all.deb ...
2025-08-25T04:17:47.9619841Z Unpacking x11proto-dev (2023.2-1) ...
2025-08-25T04:17:48.0246308Z Selecting previously unselected package libxau-dev:amd64.
2025-08-25T04:17:48.0382486Z Preparing to unpack .../038-libxau-dev_1%3a1.0.9-1build6_amd64.deb ...
2025-08-25T04:17:48.0392247Z Unpacking libxau-dev:amd64 (1:1.0.9-1build6) ...
2025-08-25T04:17:48.0611758Z Selecting previously unselected package libxdmcp-dev:amd64.
2025-08-25T04:17:48.0749820Z Preparing to unpack .../039-libxdmcp-dev_1%3a1.1.3-0ubuntu6_amd64.deb ...
2025-08-25T04:17:48.0760300Z Unpacking libxdmcp-dev:amd64 (1:1.1.3-0ubuntu6) ...
2025-08-25T04:17:48.0975070Z Selecting previously unselected package xtrans-dev.
2025-08-25T04:17:48.1114456Z Preparing to unpack .../040-xtrans-dev_1.4.0-1_all.deb ...
2025-08-25T04:17:48.1124775Z Unpacking xtrans-dev (1.4.0-1) ...
2025-08-25T04:17:48.1380385Z Selecting previously unselected package libpthread-stubs0-dev:amd64.
2025-08-25T04:17:48.1518121Z Preparing to unpack .../041-libpthread-stubs0-dev_0.4-1build3_amd64.deb ...
2025-08-25T04:17:48.1529968Z Unpacking libpthread-stubs0-dev:amd64 (0.4-1build3) ...
2025-08-25T04:17:48.1738274Z Selecting previously unselected package libxcb1-dev:amd64.
2025-08-25T04:17:48.1878305Z Preparing to unpack .../042-libxcb1-dev_1.15-1ubuntu2_amd64.deb ...
2025-08-25T04:17:48.1888880Z Unpacking libxcb1-dev:amd64 (1.15-1ubuntu2) ...
2025-08-25T04:17:48.2137763Z Selecting previously unselected package libx11-dev:amd64.
2025-08-25T04:17:48.2280435Z Preparing to unpack .../043-libx11-dev_2%3a1.8.7-1build1_amd64.deb ...
2025-08-25T04:17:48.2290178Z Unpacking libx11-dev:amd64 (2:1.8.7-1build1) ...
2025-08-25T04:17:48.2613183Z Selecting previously unselected package libxext-dev:amd64.
2025-08-25T04:17:48.2750318Z Preparing to unpack .../044-libxext-dev_2%3a1.3.4-1build2_amd64.deb ...
2025-08-25T04:17:48.2760461Z Unpacking libxext-dev:amd64 (2:1.3.4-1build2) ...
2025-08-25T04:17:48.3081703Z Selecting previously unselected package libxfixes-dev:amd64.
2025-08-25T04:17:48.3222961Z Preparing to unpack .../045-libxfixes-dev_1%3a6.0.0-2build1_amd64.deb ...
2025-08-25T04:17:48.3233034Z Unpacking libxfixes-dev:amd64 (1:6.0.0-2build1) ...
2025-08-25T04:17:48.3448304Z Selecting previously unselected package libxi-dev:amd64.
2025-08-25T04:17:48.3588491Z Preparing to unpack .../046-libxi-dev_2%3a1.8.1-1build1_amd64.deb ...
2025-08-25T04:17:48.3599718Z Unpacking libxi-dev:amd64 (2:1.8.1-1build1) ...
2025-08-25T04:17:48.3924619Z Selecting previously unselected package libxtst-dev:amd64.
2025-08-25T04:17:48.4062723Z Preparing to unpack .../047-libxtst-dev_2%3a1.2.3-1.1build1_amd64.deb ...
2025-08-25T04:17:48.4074411Z Unpacking libxtst-dev:amd64 (2:1.2.3-1.1build1) ...
2025-08-25T04:17:48.4301527Z Selecting previously unselected package libatspi2.0-dev:amd64.
2025-08-25T04:17:48.4438548Z Preparing to unpack .../048-libatspi2.0-dev_2.52.0-1build1_amd64.deb ...
2025-08-25T04:17:48.4449449Z Unpacking libatspi2.0-dev:amd64 (2.52.0-1build1) ...
2025-08-25T04:17:48.4729360Z Selecting previously unselected package libatk-bridge2.0-dev:amd64.
2025-08-25T04:17:48.4867970Z Preparing to unpack .../049-libatk-bridge2.0-dev_2.52.0-1build1_amd64.deb ...
2025-08-25T04:17:48.4877741Z Unpacking libatk-bridge2.0-dev:amd64 (2.52.0-1build1) ...
2025-08-25T04:17:48.5097803Z Selecting previously unselected package libcairo-script-interpreter2:amd64.
2025-08-25T04:17:48.5236550Z Preparing to unpack .../050-libcairo-script-interpreter2_1.18.0-3build1_amd64.deb ...
2025-08-25T04:17:48.5246618Z Unpacking libcairo-script-interpreter2:amd64 (1.18.0-3build1) ...
2025-08-25T04:17:48.5459763Z Selecting previously unselected package libbrotli-dev:amd64.
2025-08-25T04:17:48.5598403Z Preparing to unpack .../051-libbrotli-dev_1.1.0-2build2_amd64.deb ...
2025-08-25T04:17:48.5609298Z Unpacking libbrotli-dev:amd64 (1.1.0-2build2) ...
2025-08-25T04:17:48.5884812Z Selecting previously unselected package libbz2-dev:amd64.
2025-08-25T04:17:48.6021509Z Preparing to unpack .../052-libbz2-dev_1.0.8-5.1build0.1_amd64.deb ...
2025-08-25T04:17:48.6034842Z Unpacking libbz2-dev:amd64 (1.0.8-5.1build0.1) ...
2025-08-25T04:17:48.6243941Z Selecting previously unselected package libpng-dev:amd64.
2025-08-25T04:17:48.6381722Z Preparing to unpack .../053-libpng-dev_1.6.43-5build1_amd64.deb ...
2025-08-25T04:17:48.6393212Z Unpacking libpng-dev:amd64 (1.6.43-5build1) ...
2025-08-25T04:17:48.6684411Z Selecting previously unselected package libfreetype-dev:amd64.
2025-08-25T04:17:48.6823354Z Preparing to unpack .../054-libfreetype-dev_2.13.2+dfsg-1build3_amd64.deb ...
2025-08-25T04:17:48.6838094Z Unpacking libfreetype-dev:amd64 (2.13.2+dfsg-1build3) ...
2025-08-25T04:17:48.7208985Z Selecting previously unselected package libfontconfig-dev:amd64.
2025-08-25T04:17:48.7348419Z Preparing to unpack .../055-libfontconfig-dev_2.15.0-1.1ubuntu2_amd64.deb ...
2025-08-25T04:17:48.7358125Z Unpacking libfontconfig-dev:amd64 (2.15.0-1.1ubuntu2) ...
2025-08-25T04:17:48.7610786Z Selecting previously unselected package libpixman-1-dev:amd64.
2025-08-25T04:17:48.7748413Z Preparing to unpack .../056-libpixman-1-dev_0.42.2-1build1_amd64.deb ...
2025-08-25T04:17:48.7759200Z Unpacking libpixman-1-dev:amd64 (0.42.2-1build1) ...
2025-08-25T04:17:48.8019560Z Selecting previously unselected package libice-dev:amd64.
2025-08-25T04:17:48.8156498Z Preparing to unpack .../057-libice-dev_2%3a1.0.10-1build3_amd64.deb ...
2025-08-25T04:17:48.8167954Z Unpacking libice-dev:amd64 (2:1.0.10-1build3) ...
2025-08-25T04:17:48.8400106Z Selecting previously unselected package libsm-dev:amd64.
2025-08-25T04:17:48.8539286Z Preparing to unpack .../058-libsm-dev_2%3a1.2.3-1build3_amd64.deb ...
2025-08-25T04:17:48.8550030Z Unpacking libsm-dev:amd64 (2:1.2.3-1build3) ...
2025-08-25T04:17:48.8777226Z Selecting previously unselected package libxcb-render0-dev:amd64.
2025-08-25T04:17:48.8915864Z Preparing to unpack .../059-libxcb-render0-dev_1.15-1ubuntu2_amd64.deb ...
2025-08-25T04:17:48.8931573Z Unpacking libxcb-render0-dev:amd64 (1.15-1ubuntu2) ...
2025-08-25T04:17:48.9164483Z Selecting previously unselected package libxcb-shm0-dev:amd64.
2025-08-25T04:17:48.9302997Z Preparing to unpack .../060-libxcb-shm0-dev_1.15-1ubuntu2_amd64.deb ...
2025-08-25T04:17:48.9312365Z Unpacking libxcb-shm0-dev:amd64 (1.15-1ubuntu2) ...
2025-08-25T04:17:48.9523935Z Selecting previously unselected package libxrender-dev:amd64.
2025-08-25T04:17:48.9663472Z Preparing to unpack .../061-libxrender-dev_1%3a0.9.10-1.1build1_amd64.deb ...
2025-08-25T04:17:48.9673918Z Unpacking libxrender-dev:amd64 (1:0.9.10-1.1build1) ...
2025-08-25T04:17:48.9885149Z Selecting previously unselected package libcairo2-dev:amd64.
2025-08-25T04:17:49.0022816Z Preparing to unpack .../062-libcairo2-dev_1.18.0-3build1_amd64.deb ...
2025-08-25T04:17:49.0031603Z Unpacking libcairo2-dev:amd64 (1.18.0-3build1) ...
2025-08-25T04:17:49.0295022Z Selecting previously unselected package libegl-mesa0:amd64.
2025-08-25T04:17:49.0433148Z Preparing to unpack .../063-libegl-mesa0_25.0.7-0ubuntu0.24.04.1_amd64.deb ...
2025-08-25T04:17:49.0441858Z Unpacking libegl-mesa0:amd64 (25.0.7-0ubuntu0.24.04.1) ...
2025-08-25T04:17:49.0706486Z Selecting previously unselected package libegl1:amd64.
2025-08-25T04:17:49.0848649Z Preparing to unpack .../064-libegl1_1.7.0-1build1_amd64.deb ...
2025-08-25T04:17:49.0858724Z Unpacking libegl1:amd64 (1.7.0-1build1) ...
2025-08-25T04:17:49.1074928Z Selecting previously unselected package libglx-dev:amd64.
2025-08-25T04:17:49.1215365Z Preparing to unpack .../065-libglx-dev_1.7.0-1build1_amd64.deb ...
2025-08-25T04:17:49.1225396Z Unpacking libglx-dev:amd64 (1.7.0-1build1) ...
2025-08-25T04:17:49.1439155Z Selecting previously unselected package libgl-dev:amd64.
2025-08-25T04:17:49.1594209Z Preparing to unpack .../066-libgl-dev_1.7.0-1build1_amd64.deb ...
2025-08-25T04:17:49.1605623Z Unpacking libgl-dev:amd64 (1.7.0-1build1) ...
2025-08-25T04:17:49.1873630Z Selecting previously unselected package libegl-dev:amd64.
2025-08-25T04:17:49.2013043Z Preparing to unpack .../067-libegl-dev_1.7.0-1build1_amd64.deb ...
2025-08-25T04:17:49.2022077Z Unpacking libegl-dev:amd64 (1.7.0-1build1) ...
2025-08-25T04:17:49.2237557Z Selecting previously unselected package libglvnd-core-dev:amd64.
2025-08-25T04:17:49.2375467Z Preparing to unpack .../068-libglvnd-core-dev_1.7.0-1build1_amd64.deb ...
2025-08-25T04:17:49.2383733Z Unpacking libglvnd-core-dev:amd64 (1.7.0-1build1) ...
2025-08-25T04:17:49.2639607Z Selecting previously unselected package libgles1:amd64.
2025-08-25T04:17:49.2776390Z Preparing to unpack .../069-libgles1_1.7.0-1build1_amd64.deb ...
2025-08-25T04:17:49.2785093Z Unpacking libgles1:amd64 (1.7.0-1build1) ...
2025-08-25T04:17:49.3005839Z Selecting previously unselected package libgles2:amd64.
2025-08-25T04:17:49.3144548Z Preparing to unpack .../070-libgles2_1.7.0-1build1_amd64.deb ...
2025-08-25T04:17:49.3152771Z Unpacking libgles2:amd64 (1.7.0-1build1) ...
2025-08-25T04:17:49.3366475Z Selecting previously unselected package libgles-dev:amd64.
2025-08-25T04:17:49.3505190Z Preparing to unpack .../071-libgles-dev_1.7.0-1build1_amd64.deb ...
2025-08-25T04:17:49.3513457Z Unpacking libgles-dev:amd64 (1.7.0-1build1) ...
2025-08-25T04:17:49.3776025Z Selecting previously unselected package libopengl0:amd64.
2025-08-25T04:17:49.3913986Z Preparing to unpack .../072-libopengl0_1.7.0-1build1_amd64.deb ...
2025-08-25T04:17:49.3924217Z Unpacking libopengl0:amd64 (1.7.0-1build1) ...
2025-08-25T04:17:49.4152196Z Selecting previously unselected package libopengl-dev:amd64.
2025-08-25T04:17:49.4289829Z Preparing to unpack .../073-libopengl-dev_1.7.0-1build1_amd64.deb ...
2025-08-25T04:17:49.4298861Z Unpacking libopengl-dev:amd64 (1.7.0-1build1) ...
2025-08-25T04:17:49.4533021Z Selecting previously unselected package libglvnd-dev:amd64.
2025-08-25T04:17:49.4673658Z Preparing to unpack .../074-libglvnd-dev_1.7.0-1build1_amd64.deb ...
2025-08-25T04:17:49.4683352Z Unpacking libglvnd-dev:amd64 (1.7.0-1build1) ...
2025-08-25T04:17:49.4893971Z Selecting previously unselected package libegl1-mesa-dev:amd64.
2025-08-25T04:17:49.5033167Z Preparing to unpack .../075-libegl1-mesa-dev_25.0.7-0ubuntu0.24.04.1_amd64.deb ...
2025-08-25T04:17:49.5043826Z Unpacking libegl1-mesa-dev:amd64 (25.0.7-0ubuntu0.24.04.1) ...
2025-08-25T04:17:49.5280627Z Selecting previously unselected package libepoxy-dev:amd64.
2025-08-25T04:17:49.5422350Z Preparing to unpack .../076-libepoxy-dev_1.5.10-1build1_amd64.deb ...
2025-08-25T04:17:49.5433129Z Unpacking libepoxy-dev:amd64 (1.5.10-1build1) ...
2025-08-25T04:17:49.5697871Z Selecting previously unselected package libfribidi-dev:amd64.
2025-08-25T04:17:49.5838132Z Preparing to unpack .../077-libfribidi-dev_1.0.13-3build1_amd64.deb ...
2025-08-25T04:17:49.5847456Z Unpacking libfribidi-dev:amd64 (1.0.13-3build1) ...
2025-08-25T04:17:49.6137110Z Selecting previously unselected package libgdk-pixbuf2.0-bin.
2025-08-25T04:17:49.6275990Z Preparing to unpack .../078-libgdk-pixbuf2.0-bin_2.42.10+dfsg-3ubuntu3.2_amd64.deb ...
2025-08-25T04:17:49.6285709Z Unpacking libgdk-pixbuf2.0-bin (2.42.10+dfsg-3ubuntu3.2) ...
2025-08-25T04:17:49.6504784Z Selecting previously unselected package libjpeg-turbo8-dev:amd64.
2025-08-25T04:17:49.6643581Z Preparing to unpack .../079-libjpeg-turbo8-dev_2.1.5-2ubuntu2_amd64.deb ...
2025-08-25T04:17:49.6651662Z Unpacking libjpeg-turbo8-dev:amd64 (2.1.5-2ubuntu2) ...
2025-08-25T04:17:49.6931308Z Selecting previously unselected package libjpeg8-dev:amd64.
2025-08-25T04:17:49.7070736Z Preparing to unpack .../080-libjpeg8-dev_8c-2ubuntu11_amd64.deb ...
2025-08-25T04:17:49.7078963Z Unpacking libjpeg8-dev:amd64 (8c-2ubuntu11) ...
2025-08-25T04:17:49.7402318Z Selecting previously unselected package libjpeg-dev:amd64.
2025-08-25T04:17:49.7539829Z Preparing to unpack .../081-libjpeg-dev_8c-2ubuntu11_amd64.deb ...
2025-08-25T04:17:49.7547817Z Unpacking libjpeg-dev:amd64 (8c-2ubuntu11) ...
2025-08-25T04:17:49.7758417Z Selecting previously unselected package libjbig-dev:amd64.
2025-08-25T04:17:49.7897923Z Preparing to unpack .../082-libjbig-dev_2.1-6.1ubuntu2_amd64.deb ...
2025-08-25T04:17:49.7906345Z Unpacking libjbig-dev:amd64 (2.1-6.1ubuntu2) ...
2025-08-25T04:17:49.8123031Z Selecting previously unselected package liblzma-dev:amd64.
2025-08-25T04:17:49.8263151Z Preparing to unpack .../083-liblzma-dev_5.6.1+really5.4.5-1ubuntu0.2_amd64.deb ...
2025-08-25T04:17:49.8272428Z Unpacking liblzma-dev:amd64 (5.6.1+really5.4.5-1ubuntu0.2) ...
2025-08-25T04:17:49.8564097Z Selecting previously unselected package libwebpdecoder3:amd64.
2025-08-25T04:17:49.8702976Z Preparing to unpack .../084-libwebpdecoder3_1.3.2-0.4build3_amd64.deb ...
2025-08-25T04:17:49.8712847Z Unpacking libwebpdecoder3:amd64 (1.3.2-0.4build3) ...
2025-08-25T04:17:49.8934151Z Selecting previously unselected package libsharpyuv-dev:amd64.
2025-08-25T04:17:49.9074119Z Preparing to unpack .../085-libsharpyuv-dev_1.3.2-0.4build3_amd64.deb ...
2025-08-25T04:17:49.9083197Z Unpacking libsharpyuv-dev:amd64 (1.3.2-0.4build3) ...
2025-08-25T04:17:49.9306189Z Selecting previously unselected package libwebp-dev:amd64.
2025-08-25T04:17:49.9450517Z Preparing to unpack .../086-libwebp-dev_1.3.2-0.4build3_amd64.deb ...
2025-08-25T04:17:49.9459163Z Unpacking libwebp-dev:amd64 (1.3.2-0.4build3) ...
2025-08-25T04:17:49.9940904Z Preparing to unpack .../087-libtiff6_4.5.1+git230720-4ubuntu2.3_amd64.deb ...
2025-08-25T04:17:50.0013295Z Unpacking libtiff6:amd64 (4.5.1+git230720-4ubuntu2.3) over (4.5.1+git230720-4ubuntu2.2) ...
2025-08-25T04:17:50.0364020Z Selecting previously unselected package libtiffxx6:amd64.
2025-08-25T04:17:50.0503656Z Preparing to unpack .../088-libtiffxx6_4.5.1+git230720-4ubuntu2.3_amd64.deb ...
2025-08-25T04:17:50.0512522Z Unpacking libtiffxx6:amd64 (4.5.1+git230720-4ubuntu2.3) ...
2025-08-25T04:17:50.0719297Z Selecting previously unselected package libdeflate-dev:amd64.
2025-08-25T04:17:50.0856993Z Preparing to unpack .../089-libdeflate-dev_1.19-1build1.1_amd64.deb ...
2025-08-25T04:17:50.0865372Z Unpacking libdeflate-dev:amd64 (1.19-1build1.1) ...
2025-08-25T04:17:50.1083742Z Selecting previously unselected package liblerc-dev:amd64.
2025-08-25T04:17:50.1222469Z Preparing to unpack .../090-liblerc-dev_4.0.0+ds-4ubuntu2_amd64.deb ...
2025-08-25T04:17:50.1230001Z Unpacking liblerc-dev:amd64 (4.0.0+ds-4ubuntu2) ...
2025-08-25T04:17:50.1474119Z Selecting previously unselected package libtiff-dev:amd64.
2025-08-25T04:17:50.1614317Z Preparing to unpack .../091-libtiff-dev_4.5.1+git230720-4ubuntu2.3_amd64.deb ...
2025-08-25T04:17:50.1623938Z Unpacking libtiff-dev:amd64 (4.5.1+git230720-4ubuntu2.3) ...
2025-08-25T04:17:50.1986740Z Selecting previously unselected package libgdk-pixbuf-2.0-dev:amd64.
2025-08-25T04:17:50.2124714Z Preparing to unpack .../092-libgdk-pixbuf-2.0-dev_2.42.10+dfsg-3ubuntu3.2_amd64.deb ...
2025-08-25T04:17:50.2133351Z Unpacking libgdk-pixbuf-2.0-dev:amd64 (2.42.10+dfsg-3ubuntu3.2) ...
2025-08-25T04:17:50.2386372Z Selecting previously unselected package libharfbuzz-icu0:amd64.
2025-08-25T04:17:50.2523422Z Preparing to unpack .../093-libharfbuzz-icu0_8.3.0-2build2_amd64.deb ...
2025-08-25T04:17:50.2534552Z Unpacking libharfbuzz-icu0:amd64 (8.3.0-2build2) ...
2025-08-25T04:17:50.2753045Z Selecting previously unselected package libharfbuzz-subset0:amd64.
2025-08-25T04:17:50.2889616Z Preparing to unpack .../094-libharfbuzz-subset0_8.3.0-2build2_amd64.deb ...
2025-08-25T04:17:50.2900144Z Unpacking libharfbuzz-subset0:amd64 (8.3.0-2build2) ...
2025-08-25T04:17:50.3167041Z Selecting previously unselected package libharfbuzz-cairo0:amd64.
2025-08-25T04:17:50.3303383Z Preparing to unpack .../095-libharfbuzz-cairo0_8.3.0-2build2_amd64.deb ...
2025-08-25T04:17:50.3313024Z Unpacking libharfbuzz-cairo0:amd64 (8.3.0-2build2) ...
2025-08-25T04:17:50.3517451Z Selecting previously unselected package libgraphite2-dev:amd64.
2025-08-25T04:17:50.3657114Z Preparing to unpack .../096-libgraphite2-dev_1.3.14-2build1_amd64.deb ...
2025-08-25T04:17:50.3664509Z Unpacking libgraphite2-dev:amd64 (1.3.14-2build1) ...
2025-08-25T04:17:50.3879610Z Selecting previously unselected package libharfbuzz-dev:amd64.
2025-08-25T04:17:50.4017035Z Preparing to unpack .../097-libharfbuzz-dev_8.3.0-2build2_amd64.deb ...
2025-08-25T04:17:50.4025727Z Unpacking libharfbuzz-dev:amd64 (8.3.0-2build2) ...
2025-08-25T04:17:50.4370035Z Selecting previously unselected package libdatrie-dev:amd64.
2025-08-25T04:17:50.4507686Z Preparing to unpack .../098-libdatrie-dev_0.2.13-3build1_amd64.deb ...
2025-08-25T04:17:50.4518190Z Unpacking libdatrie-dev:amd64 (0.2.13-3build1) ...
2025-08-25T04:17:50.4733493Z Selecting previously unselected package libthai-dev:amd64.
2025-08-25T04:17:50.4870378Z Preparing to unpack .../099-libthai-dev_0.1.29-2build1_amd64.deb ...
2025-08-25T04:17:50.4879765Z Unpacking libthai-dev:amd64 (0.1.29-2build1) ...
2025-08-25T04:17:50.5120179Z Selecting previously unselected package libxft-dev:amd64.
2025-08-25T04:17:50.5257945Z Preparing to unpack .../100-libxft-dev_2.3.6-1build1_amd64.deb ...
2025-08-25T04:17:50.5266313Z Unpacking libxft-dev:amd64 (2.3.6-1build1) ...
2025-08-25T04:17:50.5560881Z Selecting previously unselected package pango1.0-tools.
2025-08-25T04:17:50.5699064Z Preparing to unpack .../101-pango1.0-tools_1.52.1+ds-1build1_amd64.deb ...
2025-08-25T04:17:50.5706923Z Unpacking pango1.0-tools (1.52.1+ds-1build1) ...
2025-08-25T04:17:50.5926945Z Selecting previously unselected package libpango1.0-dev:amd64.
2025-08-25T04:17:50.6064798Z Preparing to unpack .../102-libpango1.0-dev_1.52.1+ds-1build1_amd64.deb ...
2025-08-25T04:17:50.6074784Z Unpacking libpango1.0-dev:amd64 (1.52.1+ds-1build1) ...
2025-08-25T04:17:50.6408601Z Selecting previously unselected package libwayland-bin.
2025-08-25T04:17:50.6545850Z Preparing to unpack .../103-libwayland-bin_1.22.0-2.1build1_amd64.deb ...
2025-08-25T04:17:50.6553636Z Unpacking libwayland-bin (1.22.0-2.1build1) ...
2025-08-25T04:17:50.6765724Z Selecting previously unselected package libwayland-dev:amd64.
2025-08-25T04:17:50.6904087Z Preparing to unpack .../104-libwayland-dev_1.22.0-2.1build1_amd64.deb ...
2025-08-25T04:17:50.6912093Z Unpacking libwayland-dev:amd64 (1.22.0-2.1build1) ...
2025-08-25T04:17:50.7172226Z Selecting previously unselected package libxcomposite-dev:amd64.
2025-08-25T04:17:50.7312633Z Preparing to unpack .../105-libxcomposite-dev_1%3a0.4.5-1build3_amd64.deb ...
2025-08-25T04:17:50.7319968Z Unpacking libxcomposite-dev:amd64 (1:0.4.5-1build3) ...
2025-08-25T04:17:50.7548451Z Selecting previously unselected package libxcursor-dev:amd64.
2025-08-25T04:17:50.7685473Z Preparing to unpack .../106-libxcursor-dev_1%3a1.2.1-1build1_amd64.deb ...
2025-08-25T04:17:50.7695108Z Unpacking libxcursor-dev:amd64 (1:1.2.1-1build1) ...
2025-08-25T04:17:50.7962518Z Selecting previously unselected package libxdamage-dev:amd64.
2025-08-25T04:17:50.8100498Z Preparing to unpack .../107-libxdamage-dev_1%3a1.1.6-1build1_amd64.deb ...
2025-08-25T04:17:50.8112585Z Unpacking libxdamage-dev:amd64 (1:1.1.6-1build1) ...
2025-08-25T04:17:50.8315098Z Selecting previously unselected package libxinerama-dev:amd64.
2025-08-25T04:17:50.8451885Z Preparing to unpack .../108-libxinerama-dev_2%3a1.1.4-3build1_amd64.deb ...
2025-08-25T04:17:50.8459325Z Unpacking libxinerama-dev:amd64 (2:1.1.4-3build1) ...
2025-08-25T04:17:50.8680337Z Selecting previously unselected package libxkbcommon-dev:amd64.
2025-08-25T04:17:50.8818589Z Preparing to unpack .../109-libxkbcommon-dev_1.6.0-1build1_amd64.deb ...
2025-08-25T04:17:50.8826244Z Unpacking libxkbcommon-dev:amd64 (1.6.0-1build1) ...
2025-08-25T04:17:50.9061529Z Selecting previously unselected package libxrandr-dev:amd64.
2025-08-25T04:17:50.9199404Z Preparing to unpack .../110-libxrandr-dev_2%3a1.5.2-2build1_amd64.deb ...
2025-08-25T04:17:50.9213239Z Unpacking libxrandr-dev:amd64 (2:1.5.2-2build1) ...
2025-08-25T04:17:50.9453583Z Selecting previously unselected package wayland-protocols.
2025-08-25T04:17:50.9591735Z Preparing to unpack .../111-wayland-protocols_1.38-1~ubuntu0.24.04.1_all.deb ...
2025-08-25T04:17:50.9607154Z Unpacking wayland-protocols (1.38-1~ubuntu0.24.04.1) ...
2025-08-25T04:17:50.9973610Z Selecting previously unselected package libgtk-3-dev:amd64.
2025-08-25T04:17:51.0110668Z Preparing to unpack .../112-libgtk-3-dev_3.24.41-4ubuntu1.3_amd64.deb ...
2025-08-25T04:17:51.0119460Z Unpacking libgtk-3-dev:amd64 (3.24.41-4ubuntu1.3) ...
2025-08-25T04:17:51.1429612Z Selecting previously unselected package libayatana-ido3-dev.
2025-08-25T04:17:51.1571875Z Preparing to unpack .../113-libayatana-ido3-dev_0.10.1-1build2_amd64.deb ...
2025-08-25T04:17:51.1582909Z Unpacking libayatana-ido3-dev (0.10.1-1build2) ...
2025-08-25T04:17:51.1863499Z Selecting previously unselected package libayatana-indicator3-dev.
2025-08-25T04:17:51.2005493Z Preparing to unpack .../114-libayatana-indicator3-dev_0.9.4-1build1_amd64.deb ...
2025-08-25T04:17:51.2018992Z Unpacking libayatana-indicator3-dev (0.9.4-1build1) ...
2025-08-25T04:17:51.2235447Z Selecting previously unselected package libdbusmenu-glib-dev:amd64.
2025-08-25T04:17:51.2376347Z Preparing to unpack .../115-libdbusmenu-glib-dev_18.10.20180917~bzr492+repack1-3.1ubuntu5_amd64.deb ...
2025-08-25T04:17:51.2384464Z Unpacking libdbusmenu-glib-dev:amd64 (18.10.20180917~bzr492+repack1-3.1ubuntu5) ...
2025-08-25T04:17:51.2627836Z Selecting previously unselected package libayatana-appindicator3-dev.
2025-08-25T04:17:51.2768181Z Preparing to unpack .../116-libayatana-appindicator3-dev_0.5.93-1build3_amd64.deb ...
2025-08-25T04:17:51.2776381Z Unpacking libayatana-appindicator3-dev (0.5.93-1build3) ...
2025-08-25T04:17:51.3007592Z Selecting previously unselected package libgirepository-1.0-dev:amd64.
2025-08-25T04:17:51.3146675Z Preparing to unpack .../117-libgirepository-1.0-dev_1.80.1-1_amd64.deb ...
2025-08-25T04:17:51.3155180Z Unpacking libgirepository-1.0-dev:amd64 (1.80.1-1) ...
2025-08-25T04:17:51.3392075Z Selecting previously unselected package libgirepository1.0-dev.
2025-08-25T04:17:51.3532078Z Preparing to unpack .../118-libgirepository1.0-dev_1.80.1-1_amd64.deb ...
2025-08-25T04:17:51.3540681Z Unpacking libgirepository1.0-dev (1.80.1-1) ...
2025-08-25T04:17:51.3745863Z Selecting previously unselected package libpng-tools.
2025-08-25T04:17:51.3884121Z Preparing to unpack .../119-libpng-tools_1.6.43-5build1_amd64.deb ...
2025-08-25T04:17:51.3892160Z Unpacking libpng-tools (1.6.43-5build1) ...
2025-08-25T04:17:51.4100071Z Selecting previously unselected package librsvg2-common:amd64.
2025-08-25T04:17:51.4238854Z Preparing to unpack .../120-librsvg2-common_2.58.0+dfsg-1build1_amd64.deb ...
2025-08-25T04:17:51.4246640Z Unpacking librsvg2-common:amd64 (2.58.0+dfsg-1build1) ...
2025-08-25T04:17:51.4545011Z Selecting previously unselected package librsvg2-dev:amd64.
2025-08-25T04:17:51.4685145Z Preparing to unpack .../121-librsvg2-dev_2.58.0+dfsg-1build1_amd64.deb ...
2025-08-25T04:17:51.4693092Z Unpacking librsvg2-dev:amd64 (2.58.0+dfsg-1build1) ...
2025-08-25T04:17:51.5165806Z Setting up libcairo-script-interpreter2:amd64 (1.18.0-3build1) ...
2025-08-25T04:17:51.5191675Z Setting up libglib2.0-dev-bin (2.80.0-6ubuntu3.4) ...
2025-08-25T04:17:51.6839987Z Setting up bzip2-doc (1.0.8-5.1build0.1) ...
2025-08-25T04:17:51.6862173Z Setting up libjpeg-turbo8-dev:amd64 (2.1.5-2ubuntu2) ...
2025-08-25T04:17:51.6883330Z Setting up gir1.2-freedesktop:amd64 (1.80.1-1) ...
2025-08-25T04:17:51.6904085Z Setting up libharfbuzz-icu0:amd64 (8.3.0-2build2) ...
2025-08-25T04:17:51.6923822Z Setting up libpixman-1-dev:amd64 (0.42.2-1build1) ...
2025-08-25T04:17:51.6944225Z Setting up libpangoxft-1.0-0:amd64 (1.52.1+ds-1build1) ...
2025-08-25T04:17:51.6963478Z Setting up gir1.2-dbusmenu-glib-0.4:amd64 (18.10.20180917~bzr492+repack1-3.1ubuntu5) ...
2025-08-25T04:17:51.7004560Z Setting up libglvnd-core-dev:amd64 (1.7.0-1build1) ...
2025-08-25T04:17:51.7024905Z Setting up gir1.2-gdkpixbuf-2.0:amd64 (2.42.10+dfsg-3ubuntu3.2) ...
2025-08-25T04:17:51.7044047Z Setting up libpng-tools (1.6.43-5build1) ...
2025-08-25T04:17:51.7064796Z Setting up libgirepository-2.0-0:amd64 (2.80.0-6ubuntu3.4) ...
2025-08-25T04:17:51.7086539Z Setting up gir1.2-atk-1.0:amd64 (2.52.0-1build1) ...
2025-08-25T04:17:51.7108215Z Setting up libfribidi-dev:amd64 (1.0.13-3build1) ...
2025-08-25T04:17:51.7131672Z Setting up libxkbcommon-dev:amd64 (1.6.0-1build1) ...
2025-08-25T04:17:51.7152603Z Setting up libpng-dev:amd64 (1.6.43-5build1) ...
2025-08-25T04:17:51.7173229Z Setting up pango1.0-tools (1.52.1+ds-1build1) ...
2025-08-25T04:17:51.7192782Z Setting up libjbig-dev:amd64 (2.1-6.1ubuntu2) ...
2025-08-25T04:17:51.7213944Z Setting up libwebpdecoder3:amd64 (1.3.2-0.4build3) ...
2025-08-25T04:17:51.7234736Z Setting up libharfbuzz-gobject0:amd64 (8.3.0-2build2) ...
2025-08-25T04:17:51.7255423Z Setting up gir1.2-atspi-2.0:amd64 (2.52.0-1build1) ...
2025-08-25T04:17:51.7277816Z Setting up libayatana-ido3-0.4-0:amd64 (0.10.1-1build2) ...
2025-08-25T04:17:51.7302907Z Setting up gir1.2-harfbuzz-0.0:amd64 (8.3.0-2build2) ...
2025-08-25T04:17:51.7332634Z Setting up libpthread-stubs0-dev:amd64 (0.4-1build3) ...
2025-08-25T04:17:51.7354868Z Setting up libopengl0:amd64 (1.7.0-1build1) ...
2025-08-25T04:17:51.7376999Z Setting up librsvg2-2:amd64 (2.58.0+dfsg-1build1) ...
2025-08-25T04:17:51.7401717Z Setting up xtrans-dev (1.4.0-1) ...
2025-08-25T04:17:51.7428382Z Setting up libwayland-bin (1.22.0-2.1build1) ...
2025-08-25T04:17:51.7450742Z Setting up libgraphite2-dev:amd64 (1.3.14-2build1) ...
2025-08-25T04:17:51.7479842Z Setting up gir1.2-pango-1.0:amd64 (1.52.1+ds-1build1) ...
2025-08-25T04:17:51.7501849Z Setting up libegl-mesa0:amd64 (25.0.7-0ubuntu0.24.04.1) ...
2025-08-25T04:17:51.7524630Z Setting up libgles2:amd64 (1.7.0-1build1) ...
2025-08-25T04:17:51.7545829Z Setting up libharfbuzz-cairo0:amd64 (8.3.0-2build2) ...
2025-08-25T04:17:51.7567024Z Setting up libdbus-1-dev:amd64 (1.14.10-4ubuntu4.1) ...
2025-08-25T04:17:51.9418895Z Setting up uuid-dev:amd64 (2.39.3-9ubuntu6.3) ...
2025-08-25T04:17:51.9443424Z Setting up libgles1:amd64 (1.7.0-1build1) ...
2025-08-25T04:17:51.9463323Z Setting up python3-markdown (3.5.2-1) ...
2025-08-25T04:17:52.0931799Z Setting up libsepol-dev:amd64 (3.5-2build1) ...
2025-08-25T04:17:52.0953913Z Setting up liblerc-dev:amd64 (4.0.0+ds-4ubuntu2) ...
2025-08-25T04:17:52.0973293Z Setting up librsvg2-common:amd64 (2.58.0+dfsg-1build1) ...
2025-08-25T04:17:52.1079589Z Setting up libdbusmenu-glib-dev:amd64 (18.10.20180917~bzr492+repack1-3.1ubuntu5) ...
2025-08-25T04:17:52.1101526Z Setting up liblzma-dev:amd64 (5.6.1+really5.4.5-1ubuntu0.2) ...
2025-08-25T04:17:52.1126769Z Setting up gir1.2-ayatanaido3-0.4:amd64 (0.10.1-1build2) ...
2025-08-25T04:17:52.1147166Z Setting up wayland-protocols (1.38-1~ubuntu0.24.04.1) ...
2025-08-25T04:17:52.1168999Z Setting up libdatrie-dev:amd64 (0.2.13-3build1) ...
2025-08-25T04:17:52.1191796Z Setting up gir1.2-glib-2.0-dev:amd64 (2.80.0-6ubuntu3.4) ...
2025-08-25T04:17:52.1213055Z Setting up libgdk-pixbuf2.0-bin (2.42.10+dfsg-3ubuntu3.2) ...
2025-08-25T04:17:52.1232741Z Setting up libtiff6:amd64 (4.5.1+git230720-4ubuntu2.3) ...
2025-08-25T04:17:52.1261180Z Setting up libegl1:amd64 (1.7.0-1build1) ...
2025-08-25T04:17:52.1283761Z Setting up libharfbuzz-subset0:amd64 (8.3.0-2build2) ...
2025-08-25T04:17:52.1309281Z Setting up build-essential (12.10ubuntu1) ...
2025-08-25T04:17:52.1330444Z Setting up xorg-sgml-doctools (1:1.11-1.1) ...
2025-08-25T04:17:52.1353637Z Setting up libopengl-dev:amd64 (1.7.0-1build1) ...
2025-08-25T04:17:52.1378457Z Setting up libjpeg8-dev:amd64 (8c-2ubuntu11) ...
2025-08-25T04:17:52.1399909Z Setting up gir1.2-rsvg-2.0:amd64 (2.58.0+dfsg-1build1) ...
2025-08-25T04:17:52.1421716Z Setting up libsharpyuv-dev:amd64 (1.3.2-0.4build3) ...
2025-08-25T04:17:52.1443620Z Setting up libayatana-indicator3-7:amd64 (0.9.4-1build1) ...
2025-08-25T04:17:52.1464350Z Setting up libtiffxx6:amd64 (4.5.1+git230720-4ubuntu2.3) ...
2025-08-25T04:17:52.1486733Z Setting up libdeflate-dev:amd64 (1.19-1build1.1) ...
2025-08-25T04:17:52.1509144Z Setting up libbrotli-dev:amd64 (1.1.0-2build2) ...
2025-08-25T04:17:52.1530749Z Setting up python3-mako (1.3.2-1) ...
2025-08-25T04:17:52.3007008Z Setting up libbz2-dev:amd64 (1.0.8-5.1build0.1) ...
2025-08-25T04:17:52.3028382Z Setting up libblkid-dev:amd64 (2.39.3-9ubuntu6.3) ...
2025-08-25T04:17:52.3050409Z Setting up libselinux1-dev:amd64 (3.5-2ubuntu2.1) ...
2025-08-25T04:17:52.3072309Z Setting up gobject-introspection-bin (1.80.1-1) ...
2025-08-25T04:17:52.4870799Z Setting up gir1.2-gtk-3.0:amd64 (3.24.41-4ubuntu1.3) ...
2025-08-25T04:17:52.4893724Z Setting up libjpeg-dev:amd64 (8c-2ubuntu11) ...
2025-08-25T04:17:52.4914162Z Setting up gir1.2-girepository-2.0-dev:amd64 (1.80.1-1) ...
2025-08-25T04:17:52.4934459Z Setting up libwayland-dev:amd64 (1.22.0-2.1build1) ...
2025-08-25T04:17:52.4956790Z Setting up libfreetype-dev:amd64 (2.13.2+dfsg-1build3) ...
2025-08-25T04:17:52.4978016Z Setting up libwebp-dev:amd64 (1.3.2-0.4build3) ...
2025-08-25T04:17:52.5000365Z Setting up libtiff-dev:amd64 (4.5.1+git230720-4ubuntu2.3) ...
2025-08-25T04:17:52.5022455Z Setting up libayatana-appindicator3-1 (0.5.93-1build3) ...
2025-08-25T04:17:52.5042803Z Setting up gir1.2-freedesktop-dev:amd64 (1.80.1-1) ...
2025-08-25T04:17:52.5066268Z Setting up libthai-dev:amd64 (0.1.29-2build1) ...
2025-08-25T04:17:52.5087227Z Setting up gir1.2-ayatanaappindicator3-0.1 (0.5.93-1build3) ...
2025-08-25T04:17:52.5105458Z Setting up libmount-dev:amd64 (2.39.3-9ubuntu6.3) ...
2025-08-25T04:17:52.5126841Z Setting up libfontconfig-dev:amd64 (2.15.0-1.1ubuntu2) ...
2025-08-25T04:17:52.5147055Z Setting up libglib2.0-dev:amd64 (2.80.0-6ubuntu3.4) ...
2025-08-25T04:17:52.5953523Z Processing triggers for libc-bin (2.39-0ubuntu8.5) ...
2025-08-25T04:17:52.6872057Z Processing triggers for man-db (2.12.0-4build2) ...
2025-08-25T04:17:59.2652059Z Processing triggers for libglib2.0-0t64:amd64 (2.80.0-6ubuntu3.4) ...
2025-08-25T04:17:59.3310125Z Processing triggers for libgdk-pixbuf-2.0-0:amd64 (2.42.10+dfsg-3ubuntu3.2) ...
2025-08-25T04:17:59.4380562Z Processing triggers for sgml-base (1.31) ...
2025-08-25T04:17:59.4888067Z Processing triggers for install-info (7.1-3build2) ...
2025-08-25T04:17:59.5775882Z Setting up libatk1.0-dev:amd64 (2.52.0-1build1) ...
2025-08-25T04:17:59.5812117Z Setting up x11proto-dev (2023.2-1) ...
2025-08-25T04:17:59.5837192Z Setting up libgdk-pixbuf-2.0-dev:amd64 (2.42.10+dfsg-3ubuntu3.2) ...
2025-08-25T04:17:59.5882595Z Setting up libharfbuzz-dev:amd64 (8.3.0-2build2) ...
2025-08-25T04:17:59.5919241Z Setting up libxau-dev:amd64 (1:1.0.9-1build6) ...
2025-08-25T04:17:59.5943058Z Setting up libice-dev:amd64 (2:1.0.10-1build3) ...
2025-08-25T04:17:59.5968254Z Setting up libsm-dev:amd64 (2:1.2.3-1build3) ...
2025-08-25T04:17:59.6017812Z Setting up gobject-introspection:amd64 (1.80.1-1) ...
2025-08-25T04:17:59.6053236Z Setting up libxdmcp-dev:amd64 (1:1.1.3-0ubuntu6) ...
2025-08-25T04:17:59.6107999Z Setting up libgirepository-1.0-dev:amd64 (1.80.1-1) ...
2025-08-25T04:17:59.6202468Z Setting up libxcb1-dev:amd64 (1.15-1ubuntu2) ...
2025-08-25T04:17:59.6257522Z Setting up libx11-dev:amd64 (2:1.8.7-1build1) ...
2025-08-25T04:17:59.6293582Z Setting up libxfixes-dev:amd64 (1:6.0.0-2build1) ...
2025-08-25T04:17:59.6316781Z Setting up libxcb-shm0-dev:amd64 (1.15-1ubuntu2) ...
2025-08-25T04:17:59.6359197Z Setting up libgirepository1.0-dev (1.80.1-1) ...
2025-08-25T04:17:59.6388924Z Setting up libxcb-render0-dev:amd64 (1.15-1ubuntu2) ...
2025-08-25T04:17:59.6411511Z Setting up libxext-dev:amd64 (2:1.3.4-1build2) ...
2025-08-25T04:17:59.6445634Z Setting up libglx-dev:amd64 (1.7.0-1build1) ...
2025-08-25T04:17:59.6478528Z Setting up libxi-dev:amd64 (2:1.8.1-1build1) ...
2025-08-25T04:17:59.6501111Z Setting up libxrender-dev:amd64 (1:0.9.10-1.1build1) ...
2025-08-25T04:17:59.6524547Z Setting up libgl-dev:amd64 (1.7.0-1build1) ...
2025-08-25T04:17:59.6550136Z Setting up libxft-dev:amd64 (2.3.6-1build1) ...
2025-08-25T04:17:59.6574680Z Setting up libxtst-dev:amd64 (2:1.2.3-1.1build1) ...
2025-08-25T04:17:59.6601675Z Setting up libxdamage-dev:amd64 (1:1.1.6-1build1) ...
2025-08-25T04:17:59.6629508Z Setting up libatspi2.0-dev:amd64 (2.52.0-1build1) ...
2025-08-25T04:17:59.6679420Z Setting up libegl-dev:amd64 (1.7.0-1build1) ...
2025-08-25T04:17:59.6700825Z Setting up libxcomposite-dev:amd64 (1:0.4.5-1build3) ...
2025-08-25T04:17:59.6724854Z Setting up libxcursor-dev:amd64 (1:1.2.1-1build1) ...
2025-08-25T04:17:59.6760553Z Setting up libepoxy-dev:amd64 (1.5.10-1build1) ...
2025-08-25T04:17:59.6792275Z Setting up libatk-bridge2.0-dev:amd64 (2.52.0-1build1) ...
2025-08-25T04:17:59.6829700Z Setting up libxrandr-dev:amd64 (2:1.5.2-2build1) ...
2025-08-25T04:17:59.6862263Z Setting up libxinerama-dev:amd64 (2:1.1.4-3build1) ...
2025-08-25T04:17:59.6897572Z Setting up libcairo2-dev:amd64 (1.18.0-3build1) ...
2025-08-25T04:17:59.6922325Z Setting up libgles-dev:amd64 (1.7.0-1build1) ...
2025-08-25T04:17:59.6987154Z Setting up libglvnd-dev:amd64 (1.7.0-1build1) ...
2025-08-25T04:17:59.7025321Z Setting up libpango1.0-dev:amd64 (1.52.1+ds-1build1) ...
2025-08-25T04:17:59.7059656Z Setting up librsvg2-dev:amd64 (2.58.0+dfsg-1build1) ...
2025-08-25T04:17:59.7085049Z Setting up libegl1-mesa-dev:amd64 (25.0.7-0ubuntu0.24.04.1) ...
2025-08-25T04:17:59.7116886Z Setting up libgtk-3-dev:amd64 (3.24.41-4ubuntu1.3) ...
2025-08-25T04:17:59.7161723Z Setting up libayatana-ido3-dev (0.10.1-1build2) ...
2025-08-25T04:17:59.7194233Z Setting up libayatana-indicator3-dev (0.9.4-1build1) ...
2025-08-25T04:17:59.7226150Z Setting up libayatana-appindicator3-dev (0.5.93-1build3) ...
2025-08-25T04:18:00.3854355Z 
2025-08-25T04:18:00.3854987Z Running kernel seems to be up-to-date.
2025-08-25T04:18:00.3855436Z 
2025-08-25T04:18:00.3855586Z Restarting services...
2025-08-25T04:18:00.3992503Z  systemctl restart php8.3-fpm.service
2025-08-25T04:18:00.5082803Z 
2025-08-25T04:18:00.5084172Z Service restarts being deferred:
2025-08-25T04:18:00.5084776Z  systemctl restart hosted-compute-agent.service
2025-08-25T04:18:00.5085146Z 
2025-08-25T04:18:00.5086446Z No containers need to be restarted.
2025-08-25T04:18:00.5086773Z 
2025-08-25T04:18:00.5087067Z No user sessions are running outdated binaries.
2025-08-25T04:18:00.5087720Z 
2025-08-25T04:18:00.5088205Z No VM guests are running outdated hypervisor (qemu) binaries on this host.
2025-08-25T04:18:01.4047014Z + sudo apt-get install -y libwebkit2gtk-4.1-dev
2025-08-25T04:18:01.4268243Z Reading package lists...
2025-08-25T04:18:01.6424078Z Building dependency tree...
2025-08-25T04:18:01.6433066Z Reading state information...
2025-08-25T04:18:01.8665300Z The following additional packages will be installed:
2025-08-25T04:18:01.8666226Z   bubblewrap gir1.2-javascriptcoregtk-4.1 gir1.2-soup-3.0 gir1.2-webkit2-4.1
2025-08-25T04:18:01.8667170Z   glib-networking glib-networking-common glib-networking-services
2025-08-25T04:18:01.8668208Z   gsettings-desktop-schemas gstreamer1.0-gl gstreamer1.0-plugins-base
2025-08-25T04:18:01.8669013Z   gstreamer1.0-plugins-good gstreamer1.0-x libaa1 libasyncns0 libavc1394-0
2025-08-25T04:18:01.8669753Z   libcaca0 libcdparanoia0 libdv4t64 libflac12t64 libgraphene-1.0-0
2025-08-25T04:18:01.8670519Z   libgstreamer-gl1.0-0 libgstreamer-plugins-base1.0-0
2025-08-25T04:18:01.8671664Z   libgstreamer-plugins-good1.0-0 libhyphen0 libiec61883-0
2025-08-25T04:18:01.8672383Z   libjavascriptcoregtk-4.1-0 libjavascriptcoregtk-4.1-dev libmanette-0.2-0
2025-08-25T04:18:01.8673052Z   libmp3lame0 libmpg123-0t64 libnghttp2-dev libopus0 liborc-0.4-0t64
2025-08-25T04:18:01.8673569Z   libpipewire-0.3-0t64 libpipewire-0.3-common libproxy1v5 libpsl-dev libpulse0
2025-08-25T04:18:01.8674076Z   libraw1394-11 libsecret-1-0 libsecret-common libshout3 libsndfile1
2025-08-25T04:18:01.8674529Z   libsoup-3.0-0 libsoup-3.0-common libsoup-3.0-dev libspa-0.2-modules
2025-08-25T04:18:01.8675020Z   libspeex1 libsysprof-capture-4-dev libtag1v5 libtag1v5-vanilla libtheora0
2025-08-25T04:18:01.8675656Z   libtwolame0 libv4l-0t64 libv4lconvert0t64 libvisual-0.4-0 libvorbisenc2
2025-08-25T04:18:01.8676210Z   libvpx9 libwavpack1 libwebkit2gtk-4.1-0 libwebrtc-audio-processing1 libwoff1
2025-08-25T04:18:01.8676712Z   libxv1 session-migration xdg-dbus-proxy xdg-desktop-portal
2025-08-25T04:18:01.8677056Z   xdg-desktop-portal-gtk
2025-08-25T04:18:01.8684406Z Suggested packages:
2025-08-25T04:18:01.8685474Z   gvfs libdv-bin oss-compat libvisual-0.4-plugins libnghttp2-doc opus-tools
2025-08-25T04:18:01.8686438Z   pipewire pulseaudio libraw1394-doc libsoup-3.0-doc speex gstreamer1.0-libav
2025-08-25T04:18:01.8687316Z   gstreamer1.0-plugins-bad gstreamer1.0-alsa accountsservice evince
2025-08-25T04:18:01.8687954Z   xdg-desktop-portal-gnome
2025-08-25T04:18:01.9109150Z The following NEW packages will be installed:
2025-08-25T04:18:01.9110061Z   bubblewrap gir1.2-javascriptcoregtk-4.1 gir1.2-soup-3.0 gir1.2-webkit2-4.1
2025-08-25T04:18:01.9111190Z   glib-networking glib-networking-common glib-networking-services
2025-08-25T04:18:01.9112126Z   gsettings-desktop-schemas gstreamer1.0-gl gstreamer1.0-plugins-base
2025-08-25T04:18:01.9113085Z   gstreamer1.0-plugins-good gstreamer1.0-x libaa1 libasyncns0 libavc1394-0
2025-08-25T04:18:01.9114023Z   libcaca0 libcdparanoia0 libdv4t64 libflac12t64 libgraphene-1.0-0
2025-08-25T04:18:01.9114897Z   libgstreamer-gl1.0-0 libgstreamer-plugins-base1.0-0
2025-08-25T04:18:01.9115689Z   libgstreamer-plugins-good1.0-0 libhyphen0 libiec61883-0
2025-08-25T04:18:01.9116605Z   libjavascriptcoregtk-4.1-0 libjavascriptcoregtk-4.1-dev libmanette-0.2-0
2025-08-25T04:18:01.9117557Z   libmp3lame0 libmpg123-0t64 libnghttp2-dev libopus0 liborc-0.4-0t64
2025-08-25T04:18:01.9118621Z   libpipewire-0.3-0t64 libpipewire-0.3-common libproxy1v5 libpsl-dev libpulse0
2025-08-25T04:18:01.9119579Z   libraw1394-11 libsecret-1-0 libsecret-common libshout3 libsndfile1
2025-08-25T04:18:01.9120450Z   libsoup-3.0-0 libsoup-3.0-common libsoup-3.0-dev libspa-0.2-modules
2025-08-25T04:18:01.9121571Z   libspeex1 libsysprof-capture-4-dev libtag1v5 libtag1v5-vanilla libtheora0
2025-08-25T04:18:01.9122493Z   libtwolame0 libv4l-0t64 libv4lconvert0t64 libvisual-0.4-0 libvorbisenc2
2025-08-25T04:18:01.9123318Z   libvpx9 libwavpack1 libwebkit2gtk-4.1-0 libwebkit2gtk-4.1-dev
2025-08-25T04:18:01.9124659Z   libwebrtc-audio-processing1 libwoff1 libxv1 session-migration xdg-dbus-proxy
2025-08-25T04:18:01.9125438Z   xdg-desktop-portal xdg-desktop-portal-gtk
2025-08-25T04:18:01.9326803Z 0 upgraded, 68 newly installed, 0 to remove and 24 not upgraded.
2025-08-25T04:18:01.9327328Z Need to get 47.4 MB of archives.
2025-08-25T04:18:01.9327750Z After this operation, 167 MB of additional disk space will be used.
2025-08-25T04:18:01.9328218Z Get:1 file:/etc/apt/apt-mirrors.txt Mirrorlist [144 B]
2025-08-25T04:18:01.9802207Z Get:2 http://azure.archive.ubuntu.com/ubuntu noble-updates/main amd64 bubblewrap amd64 0.9.0-1ubuntu0.1 [50.2 kB]
2025-08-25T04:18:02.0198647Z Get:3 http://azure.archive.ubuntu.com/ubuntu noble-updates/main amd64 libjavascriptcoregtk-4.1-0 amd64 2.48.5-0ubuntu0.24.04.1 [8956 kB]
2025-08-25T04:18:02.2185644Z Get:4 http://azure.archive.ubuntu.com/ubuntu noble-updates/main amd64 gir1.2-javascriptcoregtk-4.1 amd64 2.48.5-0ubuntu0.24.04.1 [38.4 kB]
2025-08-25T04:18:02.2477813Z Get:5 http://azure.archive.ubuntu.com/ubuntu noble/main amd64 libproxy1v5 amd64 0.5.4-4build1 [26.5 kB]
2025-08-25T04:18:02.2774973Z Get:6 http://azure.archive.ubuntu.com/ubuntu noble/main amd64 glib-networking-common all 2.80.0-1build1 [6702 B]
2025-08-25T04:18:02.3066125Z Get:7 http://azure.archive.ubuntu.com/ubuntu noble/main amd64 glib-networking-services amd64 2.80.0-1build1 [12.8 kB]
2025-08-25T04:18:02.3356355Z Get:8 http://azure.archive.ubuntu.com/ubuntu noble/main amd64 session-migration amd64 0.3.9build1 [9034 B]
2025-08-25T04:18:02.3647492Z Get:9 http://azure.archive.ubuntu.com/ubuntu noble-updates/main amd64 gsettings-desktop-schemas all 46.1-0ubuntu1 [35.6 kB]
2025-08-25T04:18:02.3997211Z Get:10 http://azure.archive.ubuntu.com/ubuntu noble/main amd64 glib-networking amd64 2.80.0-1build1 [64.1 kB]
2025-08-25T04:18:02.4289068Z Get:11 http://azure.archive.ubuntu.com/ubuntu noble-updates/main amd64 libsoup-3.0-common all 3.4.4-5ubuntu0.5 [11.3 kB]
2025-08-25T04:18:02.4586432Z Get:12 http://azure.archive.ubuntu.com/ubuntu noble-updates/main amd64 libsoup-3.0-0 amd64 3.4.4-5ubuntu0.5 [291 kB]
2025-08-25T04:18:02.4893306Z Get:13 http://azure.archive.ubuntu.com/ubuntu noble-updates/main amd64 gir1.2-soup-3.0 amd64 3.4.4-5ubuntu0.5 [22.5 kB]
2025-08-25T04:18:02.5187523Z Get:14 http://azure.archive.ubuntu.com/ubuntu noble/main amd64 libcdparanoia0 amd64 3.10.2+debian-14build3 [48.5 kB]
2025-08-25T04:18:02.5479799Z Get:15 http://azure.archive.ubuntu.com/ubuntu noble-updates/main amd64 liborc-0.4-0t64 amd64 1:0.4.38-1ubuntu0.1 [207 kB]
2025-08-25T04:18:02.5783000Z Get:16 http://azure.archive.ubuntu.com/ubuntu noble-updates/main amd64 libgstreamer-plugins-base1.0-0 amd64 1.24.2-1ubuntu0.2 [862 kB]
2025-08-25T04:18:02.6380693Z Get:17 http://azure.archive.ubuntu.com/ubuntu noble/main amd64 libopus0 amd64 1.4-1build1 [208 kB]
2025-08-25T04:18:02.6692799Z Get:18 http://azure.archive.ubuntu.com/ubuntu noble/main amd64 libtheora0 amd64 1.1.1+dfsg.1-16.1build3 [211 kB]
2025-08-25T04:18:02.7007355Z Get:19 http://azure.archive.ubuntu.com/ubuntu noble/main amd64 libvisual-0.4-0 amd64 0.4.2-2build1 [115 kB]
2025-08-25T04:18:02.7730669Z Get:20 http://azure.archive.ubuntu.com/ubuntu noble/main amd64 libvorbisenc2 amd64 1.3.7-1build3 [80.8 kB]
2025-08-25T04:18:02.8025997Z Get:21 http://azure.archive.ubuntu.com/ubuntu noble-updates/main amd64 gstreamer1.0-plugins-base amd64 1.24.2-1ubuntu0.2 [721 kB]
2025-08-25T04:18:02.8614403Z Get:22 http://azure.archive.ubuntu.com/ubuntu noble/main amd64 libaa1 amd64 1.4p5-51.1 [49.9 kB]
2025-08-25T04:18:02.8905262Z Get:23 http://azure.archive.ubuntu.com/ubuntu noble/main amd64 libraw1394-11 amd64 2.1.2-2build3 [26.2 kB]
2025-08-25T04:18:02.9215215Z Get:24 http://azure.archive.ubuntu.com/ubuntu noble/main amd64 libavc1394-0 amd64 0.5.4-5build3 [15.4 kB]
2025-08-25T04:18:02.9502277Z Get:25 http://azure.archive.ubuntu.com/ubuntu noble/main amd64 libcaca0 amd64 0.99.beta20-4build2 [208 kB]
2025-08-25T04:18:02.9822440Z Get:26 http://azure.archive.ubuntu.com/ubuntu noble/main amd64 libdv4t64 amd64 1.0.0-17.1build1 [63.2 kB]
2025-08-25T04:18:03.0112701Z Get:27 http://azure.archive.ubuntu.com/ubuntu noble/main amd64 libflac12t64 amd64 1.4.3+ds-2.1ubuntu2 [197 kB]
2025-08-25T04:18:03.0429043Z Get:28 http://azure.archive.ubuntu.com/ubuntu noble-updates/main amd64 libgstreamer-plugins-good1.0-0 amd64 1.24.2-1ubuntu1.1 [32.9 kB]
2025-08-25T04:18:03.0726955Z Get:29 http://azure.archive.ubuntu.com/ubuntu noble/main amd64 libiec61883-0 amd64 1.2.0-6build1 [24.5 kB]
2025-08-25T04:18:03.1021277Z Get:30 http://azure.archive.ubuntu.com/ubuntu noble/main amd64 libmp3lame0 amd64 3.100-6build1 [142 kB]
2025-08-25T04:18:03.1335408Z Get:31 http://azure.archive.ubuntu.com/ubuntu noble-updates/main amd64 libmpg123-0t64 amd64 1.32.5-1ubuntu1.1 [169 kB]
2025-08-25T04:18:03.1636916Z Get:32 http://azure.archive.ubuntu.com/ubuntu noble/main amd64 libasyncns0 amd64 0.8-6build4 [11.3 kB]
2025-08-25T04:18:03.1929180Z Get:33 http://azure.archive.ubuntu.com/ubuntu noble-updates/main amd64 libsndfile1 amd64 1.2.2-1ubuntu5.24.04.1 [209 kB]
2025-08-25T04:18:03.2247026Z Get:34 http://azure.archive.ubuntu.com/ubuntu noble-updates/main amd64 libpulse0 amd64 1:16.1+dfsg1-2ubuntu10.1 [292 kB]
2025-08-25T04:18:03.2570679Z Get:35 http://azure.archive.ubuntu.com/ubuntu noble-updates/main amd64 libspeex1 amd64 1.2.1-2ubuntu2.24.04.1 [59.6 kB]
2025-08-25T04:18:03.2866055Z Get:36 http://azure.archive.ubuntu.com/ubuntu noble/main amd64 libshout3 amd64 2.4.6-1build2 [50.3 kB]
2025-08-25T04:18:03.3155224Z Get:37 http://azure.archive.ubuntu.com/ubuntu noble/main amd64 libtag1v5-vanilla amd64 1.13.1-1build1 [326 kB]
2025-08-25T04:18:03.3922405Z Get:38 http://azure.archive.ubuntu.com/ubuntu noble/main amd64 libtag1v5 amd64 1.13.1-1build1 [11.7 kB]
2025-08-25T04:18:03.4213444Z Get:39 http://azure.archive.ubuntu.com/ubuntu noble/main amd64 libtwolame0 amd64 0.4.0-2build3 [52.3 kB]
2025-08-25T04:18:03.4505817Z Get:40 http://azure.archive.ubuntu.com/ubuntu noble/main amd64 libv4lconvert0t64 amd64 1.26.1-4build3 [87.6 kB]
2025-08-25T04:18:03.4804531Z Get:41 http://azure.archive.ubuntu.com/ubuntu noble/main amd64 libv4l-0t64 amd64 1.26.1-4build3 [46.9 kB]
2025-08-25T04:18:03.5468319Z Get:42 http://azure.archive.ubuntu.com/ubuntu noble-updates/main amd64 libvpx9 amd64 1.14.0-1ubuntu2.2 [1143 kB]
2025-08-25T04:18:03.7197777Z Get:43 http://azure.archive.ubuntu.com/ubuntu noble/main amd64 libwavpack1 amd64 5.6.0-1build1 [84.6 kB]
2025-08-25T04:18:03.7489599Z Get:44 http://azure.archive.ubuntu.com/ubuntu noble-updates/main amd64 gstreamer1.0-plugins-good amd64 1.24.2-1ubuntu1.1 [2238 kB]
2025-08-25T04:18:03.8664852Z Get:45 http://azure.archive.ubuntu.com/ubuntu noble/main amd64 xdg-dbus-proxy amd64 0.1.5-1build2 [25.9 kB]
2025-08-25T04:18:03.8960700Z Get:46 http://azure.archive.ubuntu.com/ubuntu noble-updates/main amd64 libgstreamer-gl1.0-0 amd64 1.24.2-1ubuntu0.2 [214 kB]
2025-08-25T04:18:03.9267856Z Get:47 http://azure.archive.ubuntu.com/ubuntu noble/main amd64 libhyphen0 amd64 2.8.8-7build3 [26.5 kB]
2025-08-25T04:18:03.9634793Z Get:48 http://azure.archive.ubuntu.com/ubuntu noble/main amd64 libmanette-0.2-0 amd64 0.2.7-1build2 [30.6 kB]
2025-08-25T04:18:03.9928707Z Get:49 http://azure.archive.ubuntu.com/ubuntu noble/main amd64 libsecret-common all 0.21.4-1build3 [4962 B]
2025-08-25T04:18:04.0219974Z Get:50 http://azure.archive.ubuntu.com/ubuntu noble/main amd64 libsecret-1-0 amd64 0.21.4-1build3 [116 kB]
2025-08-25T04:18:04.0521345Z Get:51 http://azure.archive.ubuntu.com/ubuntu noble/main amd64 libwoff1 amd64 1.0.2-2build1 [45.3 kB]
2025-08-25T04:18:04.0822092Z Get:52 http://azure.archive.ubuntu.com/ubuntu noble-updates/main amd64 libwebkit2gtk-4.1-0 amd64 2.48.5-0ubuntu0.24.04.1 [26.8 MB]
2025-08-25T04:18:04.5770481Z Get:53 http://azure.archive.ubuntu.com/ubuntu noble-updates/main amd64 gir1.2-webkit2-4.1 amd64 2.48.5-0ubuntu0.24.04.1 [105 kB]
2025-08-25T04:18:04.6068330Z Get:54 http://azure.archive.ubuntu.com/ubuntu noble/main amd64 libgraphene-1.0-0 amd64 1.10.8-3build2 [46.2 kB]
2025-08-25T04:18:04.6356912Z Get:55 http://azure.archive.ubuntu.com/ubuntu noble-updates/main amd64 gstreamer1.0-gl amd64 1.24.2-1ubuntu0.2 [116 kB]
2025-08-25T04:18:04.6660154Z Get:56 http://azure.archive.ubuntu.com/ubuntu noble/main amd64 libxv1 amd64 2:1.0.11-1.1build1 [10.7 kB]
2025-08-25T04:18:04.7427881Z Get:57 http://azure.archive.ubuntu.com/ubuntu noble-updates/main amd64 gstreamer1.0-x amd64 1.24.2-1ubuntu0.2 [85.0 kB]
2025-08-25T04:18:04.7723746Z Get:58 http://azure.archive.ubuntu.com/ubuntu noble-updates/universe amd64 libjavascriptcoregtk-4.1-dev amd64 2.48.5-0ubuntu0.24.04.1 [69.6 kB]
2025-08-25T04:18:04.8014355Z Get:59 http://azure.archive.ubuntu.com/ubuntu noble-updates/main amd64 libnghttp2-dev amd64 1.59.0-1ubuntu0.2 [116 kB]
2025-08-25T04:18:04.8322146Z Get:60 http://azure.archive.ubuntu.com/ubuntu noble/main amd64 libwebrtc-audio-processing1 amd64 0.3.1-0ubuntu6 [290 kB]
2025-08-25T04:18:04.8633223Z Get:61 http://azure.archive.ubuntu.com/ubuntu noble-updates/main amd64 libspa-0.2-modules amd64 1.0.5-1ubuntu3.1 [626 kB]
2025-08-25T04:18:04.9220418Z Get:62 http://azure.archive.ubuntu.com/ubuntu noble-updates/main amd64 libpipewire-0.3-0t64 amd64 1.0.5-1ubuntu3.1 [252 kB]
2025-08-25T04:18:04.9585521Z Get:63 http://azure.archive.ubuntu.com/ubuntu noble-updates/main amd64 libpipewire-0.3-common all 1.0.5-1ubuntu3.1 [18.9 kB]
2025-08-25T04:18:04.9875299Z Get:64 http://azure.archive.ubuntu.com/ubuntu noble/main amd64 libpsl-dev amd64 0.21.2-1.1build1 [76.4 kB]
2025-08-25T04:18:05.0182754Z Get:65 http://azure.archive.ubuntu.com/ubuntu noble/universe amd64 libsysprof-capture-4-dev amd64 46.0-1build1 [51.0 kB]
2025-08-25T04:18:05.0472872Z Get:66 http://azure.archive.ubuntu.com/ubuntu noble-updates/universe amd64 libsoup-3.0-dev amd64 3.4.4-5ubuntu0.5 [105 kB]
2025-08-25T04:18:05.0862308Z Get:67 http://azure.archive.ubuntu.com/ubuntu noble-updates/universe amd64 libwebkit2gtk-4.1-dev amd64 2.48.5-0ubuntu0.24.04.1 [289 kB]
2025-08-25T04:18:05.1518225Z Get:68 http://azure.archive.ubuntu.com/ubuntu noble-updates/main amd64 xdg-desktop-portal amd64 1.18.4-1ubuntu2.24.04.1 [298 kB]
2025-08-25T04:18:05.2102504Z Get:69 http://azure.archive.ubuntu.com/ubuntu noble/main amd64 xdg-desktop-portal-gtk amd64 1.15.1-1build2 [80.3 kB]
2025-08-25T04:18:05.5330911Z Fetched 47.4 MB in 3s (14.4 MB/s)
2025-08-25T04:18:05.5530388Z Selecting previously unselected package bubblewrap.
2025-08-25T04:18:05.5588388Z (Reading database ... 
2025-08-25T04:18:05.5588825Z (Reading database ... 5%
2025-08-25T04:18:05.5589247Z (Reading database ... 10%
2025-08-25T04:18:05.5589631Z (Reading database ... 15%
2025-08-25T04:18:05.5590034Z (Reading database ... 20%
2025-08-25T04:18:05.5590430Z (Reading database ... 25%
2025-08-25T04:18:05.5590844Z (Reading database ... 30%
2025-08-25T04:18:05.5591451Z (Reading database ... 35%
2025-08-25T04:18:05.5591856Z (Reading database ... 40%
2025-08-25T04:18:05.5592244Z (Reading database ... 45%
2025-08-25T04:18:05.5592623Z (Reading database ... 50%
2025-08-25T04:18:05.5697661Z (Reading database ... 55%
2025-08-25T04:18:05.5717924Z (Reading database ... 60%
2025-08-25T04:18:05.5739291Z (Reading database ... 65%
2025-08-25T04:18:05.5778525Z (Reading database ... 70%
2025-08-25T04:18:05.5800863Z (Reading database ... 75%
2025-08-25T04:18:05.5830398Z (Reading database ... 80%
2025-08-25T04:18:05.5965689Z (Reading database ... 85%
2025-08-25T04:18:05.6259885Z (Reading database ... 90%
2025-08-25T04:18:05.6339243Z (Reading database ... 95%
2025-08-25T04:18:05.6339777Z (Reading database ... 100%
2025-08-25T04:18:05.6340629Z (Reading database ... 223370 files and directories currently installed.)
2025-08-25T04:18:05.6385023Z Preparing to unpack .../00-bubblewrap_0.9.0-1ubuntu0.1_amd64.deb ...
2025-08-25T04:18:05.6396563Z Unpacking bubblewrap (0.9.0-1ubuntu0.1) ...
2025-08-25T04:18:05.6642284Z Selecting previously unselected package libjavascriptcoregtk-4.1-0:amd64.
2025-08-25T04:18:05.6779540Z Preparing to unpack .../01-libjavascriptcoregtk-4.1-0_2.48.5-0ubuntu0.24.04.1_amd64.deb ...
2025-08-25T04:18:05.6797638Z Unpacking libjavascriptcoregtk-4.1-0:amd64 (2.48.5-0ubuntu0.24.04.1) ...
2025-08-25T04:18:05.8147621Z Selecting previously unselected package gir1.2-javascriptcoregtk-4.1:amd64.
2025-08-25T04:18:05.8283859Z Preparing to unpack .../02-gir1.2-javascriptcoregtk-4.1_2.48.5-0ubuntu0.24.04.1_amd64.deb ...
2025-08-25T04:18:05.8292249Z Unpacking gir1.2-javascriptcoregtk-4.1:amd64 (2.48.5-0ubuntu0.24.04.1) ...
2025-08-25T04:18:05.8514612Z Selecting previously unselected package libproxy1v5:amd64.
2025-08-25T04:18:05.8652954Z Preparing to unpack .../03-libproxy1v5_0.5.4-4build1_amd64.deb ...
2025-08-25T04:18:05.8661805Z Unpacking libproxy1v5:amd64 (0.5.4-4build1) ...
2025-08-25T04:18:05.8875283Z Selecting previously unselected package glib-networking-common.
2025-08-25T04:18:05.9012968Z Preparing to unpack .../04-glib-networking-common_2.80.0-1build1_all.deb ...
2025-08-25T04:18:05.9021915Z Unpacking glib-networking-common (2.80.0-1build1) ...
2025-08-25T04:18:05.9221383Z Selecting previously unselected package glib-networking-services.
2025-08-25T04:18:05.9359679Z Preparing to unpack .../05-glib-networking-services_2.80.0-1build1_amd64.deb ...
2025-08-25T04:18:05.9368661Z Unpacking glib-networking-services (2.80.0-1build1) ...
2025-08-25T04:18:05.9585011Z Selecting previously unselected package session-migration.
2025-08-25T04:18:05.9721958Z Preparing to unpack .../06-session-migration_0.3.9build1_amd64.deb ...
2025-08-25T04:18:05.9731243Z Unpacking session-migration (0.3.9build1) ...
2025-08-25T04:18:05.9947589Z Selecting previously unselected package gsettings-desktop-schemas.
2025-08-25T04:18:06.0085461Z Preparing to unpack .../07-gsettings-desktop-schemas_46.1-0ubuntu1_all.deb ...
2025-08-25T04:18:06.0093991Z Unpacking gsettings-desktop-schemas (46.1-0ubuntu1) ...
2025-08-25T04:18:06.0388173Z Selecting previously unselected package glib-networking:amd64.
2025-08-25T04:18:06.0524915Z Preparing to unpack .../08-glib-networking_2.80.0-1build1_amd64.deb ...
2025-08-25T04:18:06.0546463Z Unpacking glib-networking:amd64 (2.80.0-1build1) ...
2025-08-25T04:18:06.0769355Z Selecting previously unselected package libsoup-3.0-common.
2025-08-25T04:18:06.0906858Z Preparing to unpack .../09-libsoup-3.0-common_3.4.4-5ubuntu0.5_all.deb ...
2025-08-25T04:18:06.0914886Z Unpacking libsoup-3.0-common (3.4.4-5ubuntu0.5) ...
2025-08-25T04:18:06.1131210Z Selecting previously unselected package libsoup-3.0-0:amd64.
2025-08-25T04:18:06.1270417Z Preparing to unpack .../10-libsoup-3.0-0_3.4.4-5ubuntu0.5_amd64.deb ...
2025-08-25T04:18:06.1278451Z Unpacking libsoup-3.0-0:amd64 (3.4.4-5ubuntu0.5) ...
2025-08-25T04:18:06.1519529Z Selecting previously unselected package gir1.2-soup-3.0:amd64.
2025-08-25T04:18:06.1657161Z Preparing to unpack .../11-gir1.2-soup-3.0_3.4.4-5ubuntu0.5_amd64.deb ...
2025-08-25T04:18:06.1668722Z Unpacking gir1.2-soup-3.0:amd64 (3.4.4-5ubuntu0.5) ...
2025-08-25T04:18:06.1881284Z Selecting previously unselected package libcdparanoia0:amd64.
2025-08-25T04:18:06.2019062Z Preparing to unpack .../12-libcdparanoia0_3.10.2+debian-14build3_amd64.deb ...
2025-08-25T04:18:06.2029558Z Unpacking libcdparanoia0:amd64 (3.10.2+debian-14build3) ...
2025-08-25T04:18:06.2265622Z Selecting previously unselected package liborc-0.4-0t64:amd64.
2025-08-25T04:18:06.2405849Z Preparing to unpack .../13-liborc-0.4-0t64_1%3a0.4.38-1ubuntu0.1_amd64.deb ...
2025-08-25T04:18:06.2414089Z Unpacking liborc-0.4-0t64:amd64 (1:0.4.38-1ubuntu0.1) ...
2025-08-25T04:18:06.2674400Z Selecting previously unselected package libgstreamer-plugins-base1.0-0:amd64.
2025-08-25T04:18:06.2814669Z Preparing to unpack .../14-libgstreamer-plugins-base1.0-0_1.24.2-1ubuntu0.2_amd64.deb ...
2025-08-25T04:18:06.2823946Z Unpacking libgstreamer-plugins-base1.0-0:amd64 (1.24.2-1ubuntu0.2) ...
2025-08-25T04:18:06.3181932Z Selecting previously unselected package libopus0:amd64.
2025-08-25T04:18:06.3319038Z Preparing to unpack .../15-libopus0_1.4-1build1_amd64.deb ...
2025-08-25T04:18:06.3327359Z Unpacking libopus0:amd64 (1.4-1build1) ...
2025-08-25T04:18:06.3583550Z Selecting previously unselected package libtheora0:amd64.
2025-08-25T04:18:06.3723438Z Preparing to unpack .../16-libtheora0_1.1.1+dfsg.1-16.1build3_amd64.deb ...
2025-08-25T04:18:06.3734137Z Unpacking libtheora0:amd64 (1.1.1+dfsg.1-16.1build3) ...
2025-08-25T04:18:06.3987272Z Selecting previously unselected package libvisual-0.4-0:amd64.
2025-08-25T04:18:06.4126232Z Preparing to unpack .../17-libvisual-0.4-0_0.4.2-2build1_amd64.deb ...
2025-08-25T04:18:06.4136849Z Unpacking libvisual-0.4-0:amd64 (0.4.2-2build1) ...
2025-08-25T04:18:06.4375853Z Selecting previously unselected package libvorbisenc2:amd64.
2025-08-25T04:18:06.4512801Z Preparing to unpack .../18-libvorbisenc2_1.3.7-1build3_amd64.deb ...
2025-08-25T04:18:06.4520047Z Unpacking libvorbisenc2:amd64 (1.3.7-1build3) ...
2025-08-25T04:18:06.4746882Z Selecting previously unselected package gstreamer1.0-plugins-base:amd64.
2025-08-25T04:18:06.4884530Z Preparing to unpack .../19-gstreamer1.0-plugins-base_1.24.2-1ubuntu0.2_amd64.deb ...
2025-08-25T04:18:06.4892828Z Unpacking gstreamer1.0-plugins-base:amd64 (1.24.2-1ubuntu0.2) ...
2025-08-25T04:18:06.5245479Z Selecting previously unselected package libaa1:amd64.
2025-08-25T04:18:06.5384177Z Preparing to unpack .../20-libaa1_1.4p5-51.1_amd64.deb ...
2025-08-25T04:18:06.5397960Z Unpacking libaa1:amd64 (1.4p5-51.1) ...
2025-08-25T04:18:06.5619931Z Selecting previously unselected package libraw1394-11:amd64.
2025-08-25T04:18:06.5756426Z Preparing to unpack .../21-libraw1394-11_2.1.2-2build3_amd64.deb ...
2025-08-25T04:18:06.5764362Z Unpacking libraw1394-11:amd64 (2.1.2-2build3) ...
2025-08-25T04:18:06.5999427Z Selecting previously unselected package libavc1394-0:amd64.
2025-08-25T04:18:06.6136005Z Preparing to unpack .../22-libavc1394-0_0.5.4-5build3_amd64.deb ...
2025-08-25T04:18:06.6144097Z Unpacking libavc1394-0:amd64 (0.5.4-5build3) ...
2025-08-25T04:18:06.6350490Z Selecting previously unselected package libcaca0:amd64.
2025-08-25T04:18:06.6486312Z Preparing to unpack .../23-libcaca0_0.99.beta20-4build2_amd64.deb ...
2025-08-25T04:18:06.6498045Z Unpacking libcaca0:amd64 (0.99.beta20-4build2) ...
2025-08-25T04:18:06.6753533Z Selecting previously unselected package libdv4t64:amd64.
2025-08-25T04:18:06.6890793Z Preparing to unpack .../24-libdv4t64_1.0.0-17.1build1_amd64.deb ...
2025-08-25T04:18:06.6898562Z Unpacking libdv4t64:amd64 (1.0.0-17.1build1) ...
2025-08-25T04:18:06.7133440Z Selecting previously unselected package libflac12t64:amd64.
2025-08-25T04:18:06.7268636Z Preparing to unpack .../25-libflac12t64_1.4.3+ds-2.1ubuntu2_amd64.deb ...
2025-08-25T04:18:06.7278798Z Unpacking libflac12t64:amd64 (1.4.3+ds-2.1ubuntu2) ...
2025-08-25T04:18:06.7508878Z Selecting previously unselected package libgstreamer-plugins-good1.0-0:amd64.
2025-08-25T04:18:06.7645709Z Preparing to unpack .../26-libgstreamer-plugins-good1.0-0_1.24.2-1ubuntu1.1_amd64.deb ...
2025-08-25T04:18:06.7654147Z Unpacking libgstreamer-plugins-good1.0-0:amd64 (1.24.2-1ubuntu1.1) ...
2025-08-25T04:18:06.7872753Z Selecting previously unselected package libiec61883-0:amd64.
2025-08-25T04:18:06.8008922Z Preparing to unpack .../27-libiec61883-0_1.2.0-6build1_amd64.deb ...
2025-08-25T04:18:06.8017331Z Unpacking libiec61883-0:amd64 (1.2.0-6build1) ...
2025-08-25T04:18:06.8235527Z Selecting previously unselected package libmp3lame0:amd64.
2025-08-25T04:18:06.8371989Z Preparing to unpack .../28-libmp3lame0_3.100-6build1_amd64.deb ...
2025-08-25T04:18:06.8379289Z Unpacking libmp3lame0:amd64 (3.100-6build1) ...
2025-08-25T04:18:06.8606468Z Selecting previously unselected package libmpg123-0t64:amd64.
2025-08-25T04:18:06.8743799Z Preparing to unpack .../29-libmpg123-0t64_1.32.5-1ubuntu1.1_amd64.deb ...
2025-08-25T04:18:06.8755577Z Unpacking libmpg123-0t64:amd64 (1.32.5-1ubuntu1.1) ...
2025-08-25T04:18:06.8991795Z Selecting previously unselected package libasyncns0:amd64.
2025-08-25T04:18:06.9128905Z Preparing to unpack .../30-libasyncns0_0.8-6build4_amd64.deb ...
2025-08-25T04:18:06.9135906Z Unpacking libasyncns0:amd64 (0.8-6build4) ...
2025-08-25T04:18:06.9343933Z Selecting previously unselected package libsndfile1:amd64.
2025-08-25T04:18:06.9480403Z Preparing to unpack .../31-libsndfile1_1.2.2-1ubuntu5.24.04.1_amd64.deb ...
2025-08-25T04:18:06.9487884Z Unpacking libsndfile1:amd64 (1.2.2-1ubuntu5.24.04.1) ...
2025-08-25T04:18:06.9742904Z Selecting previously unselected package libpulse0:amd64.
2025-08-25T04:18:06.9879100Z Preparing to unpack .../32-libpulse0_1%3a16.1+dfsg1-2ubuntu10.1_amd64.deb ...
2025-08-25T04:18:06.9942363Z Unpacking libpulse0:amd64 (1:16.1+dfsg1-2ubuntu10.1) ...
2025-08-25T04:18:07.0202641Z Selecting previously unselected package libspeex1:amd64.
2025-08-25T04:18:07.0340858Z Preparing to unpack .../33-libspeex1_1.2.1-2ubuntu2.24.04.1_amd64.deb ...
2025-08-25T04:18:07.0351491Z Unpacking libspeex1:amd64 (1.2.1-2ubuntu2.24.04.1) ...
2025-08-25T04:18:07.0776914Z Selecting previously unselected package libshout3:amd64.
2025-08-25T04:18:07.0918114Z Preparing to unpack .../34-libshout3_2.4.6-1build2_amd64.deb ...
2025-08-25T04:18:07.0927145Z Unpacking libshout3:amd64 (2.4.6-1build2) ...
2025-08-25T04:18:07.1148295Z Selecting previously unselected package libtag1v5-vanilla:amd64.
2025-08-25T04:18:07.1285935Z Preparing to unpack .../35-libtag1v5-vanilla_1.13.1-1build1_amd64.deb ...
2025-08-25T04:18:07.1294038Z Unpacking libtag1v5-vanilla:amd64 (1.13.1-1build1) ...
2025-08-25T04:18:07.1543812Z Selecting previously unselected package libtag1v5:amd64.
2025-08-25T04:18:07.1683987Z Preparing to unpack .../36-libtag1v5_1.13.1-1build1_amd64.deb ...
2025-08-25T04:18:07.1691198Z Unpacking libtag1v5:amd64 (1.13.1-1build1) ...
2025-08-25T04:18:07.1900154Z Selecting previously unselected package libtwolame0:amd64.
2025-08-25T04:18:07.2037264Z Preparing to unpack .../37-libtwolame0_0.4.0-2build3_amd64.deb ...
2025-08-25T04:18:07.2046470Z Unpacking libtwolame0:amd64 (0.4.0-2build3) ...
2025-08-25T04:18:07.2255588Z Selecting previously unselected package libv4lconvert0t64:amd64.
2025-08-25T04:18:07.2390840Z Preparing to unpack .../38-libv4lconvert0t64_1.26.1-4build3_amd64.deb ...
2025-08-25T04:18:07.2400909Z Unpacking libv4lconvert0t64:amd64 (1.26.1-4build3) ...
2025-08-25T04:18:07.2629503Z Selecting previously unselected package libv4l-0t64:amd64.
2025-08-25T04:18:07.2766245Z Preparing to unpack .../39-libv4l-0t64_1.26.1-4build3_amd64.deb ...
2025-08-25T04:18:07.2774513Z Unpacking libv4l-0t64:amd64 (1.26.1-4build3) ...
2025-08-25T04:18:07.3004224Z Selecting previously unselected package libvpx9:amd64.
2025-08-25T04:18:07.3141156Z Preparing to unpack .../40-libvpx9_1.14.0-1ubuntu2.2_amd64.deb ...
2025-08-25T04:18:07.3149517Z Unpacking libvpx9:amd64 (1.14.0-1ubuntu2.2) ...
2025-08-25T04:18:07.3523365Z Selecting previously unselected package libwavpack1:amd64.
2025-08-25T04:18:07.3662479Z Preparing to unpack .../41-libwavpack1_5.6.0-1build1_amd64.deb ...
2025-08-25T04:18:07.3671231Z Unpacking libwavpack1:amd64 (5.6.0-1build1) ...
2025-08-25T04:18:07.3881812Z Selecting previously unselected package gstreamer1.0-plugins-good:amd64.
2025-08-25T04:18:07.4019979Z Preparing to unpack .../42-gstreamer1.0-plugins-good_1.24.2-1ubuntu1.1_amd64.deb ...
2025-08-25T04:18:07.4028252Z Unpacking gstreamer1.0-plugins-good:amd64 (1.24.2-1ubuntu1.1) ...
2025-08-25T04:18:07.4606826Z Selecting previously unselected package xdg-dbus-proxy.
2025-08-25T04:18:07.4746430Z Preparing to unpack .../43-xdg-dbus-proxy_0.1.5-1build2_amd64.deb ...
2025-08-25T04:18:07.4753945Z Unpacking xdg-dbus-proxy (0.1.5-1build2) ...
2025-08-25T04:18:07.4973117Z Selecting previously unselected package libgstreamer-gl1.0-0:amd64.
2025-08-25T04:18:07.5113560Z Preparing to unpack .../44-libgstreamer-gl1.0-0_1.24.2-1ubuntu0.2_amd64.deb ...
2025-08-25T04:18:07.5122704Z Unpacking libgstreamer-gl1.0-0:amd64 (1.24.2-1ubuntu0.2) ...
2025-08-25T04:18:07.5376368Z Selecting previously unselected package libhyphen0:amd64.
2025-08-25T04:18:07.5515614Z Preparing to unpack .../45-libhyphen0_2.8.8-7build3_amd64.deb ...
2025-08-25T04:18:07.5524384Z Unpacking libhyphen0:amd64 (2.8.8-7build3) ...
2025-08-25T04:18:07.5744996Z Selecting previously unselected package libmanette-0.2-0:amd64.
2025-08-25T04:18:07.5882582Z Preparing to unpack .../46-libmanette-0.2-0_0.2.7-1build2_amd64.deb ...
2025-08-25T04:18:07.5900513Z Unpacking libmanette-0.2-0:amd64 (0.2.7-1build2) ...
2025-08-25T04:18:07.6116295Z Selecting previously unselected package libsecret-common.
2025-08-25T04:18:07.6253212Z Preparing to unpack .../47-libsecret-common_0.21.4-1build3_all.deb ...
2025-08-25T04:18:07.6261714Z Unpacking libsecret-common (0.21.4-1build3) ...
2025-08-25T04:18:07.6467696Z Selecting previously unselected package libsecret-1-0:amd64.
2025-08-25T04:18:07.6604642Z Preparing to unpack .../48-libsecret-1-0_0.21.4-1build3_amd64.deb ...
2025-08-25T04:18:07.6613671Z Unpacking libsecret-1-0:amd64 (0.21.4-1build3) ...
2025-08-25T04:18:07.6840689Z Selecting previously unselected package libwoff1:amd64.
2025-08-25T04:18:07.6979493Z Preparing to unpack .../49-libwoff1_1.0.2-2build1_amd64.deb ...
2025-08-25T04:18:07.6987775Z Unpacking libwoff1:amd64 (1.0.2-2build1) ...
2025-08-25T04:18:07.7219962Z Selecting previously unselected package libwebkit2gtk-4.1-0:amd64.
2025-08-25T04:18:07.7358927Z Preparing to unpack .../50-libwebkit2gtk-4.1-0_2.48.5-0ubuntu0.24.04.1_amd64.deb ...
2025-08-25T04:18:07.7366431Z Unpacking libwebkit2gtk-4.1-0:amd64 (2.48.5-0ubuntu0.24.04.1) ...
2025-08-25T04:18:08.0793264Z Selecting previously unselected package gir1.2-webkit2-4.1:amd64.
2025-08-25T04:18:08.0932173Z Preparing to unpack .../51-gir1.2-webkit2-4.1_2.48.5-0ubuntu0.24.04.1_amd64.deb ...
2025-08-25T04:18:08.0941256Z Unpacking gir1.2-webkit2-4.1:amd64 (2.48.5-0ubuntu0.24.04.1) ...
2025-08-25T04:18:08.1183020Z Selecting previously unselected package libgraphene-1.0-0:amd64.
2025-08-25T04:18:08.1320760Z Preparing to unpack .../52-libgraphene-1.0-0_1.10.8-3build2_amd64.deb ...
2025-08-25T04:18:08.1329572Z Unpacking libgraphene-1.0-0:amd64 (1.10.8-3build2) ...
2025-08-25T04:18:08.1536196Z Selecting previously unselected package gstreamer1.0-gl:amd64.
2025-08-25T04:18:08.1675431Z Preparing to unpack .../53-gstreamer1.0-gl_1.24.2-1ubuntu0.2_amd64.deb ...
2025-08-25T04:18:08.1684584Z Unpacking gstreamer1.0-gl:amd64 (1.24.2-1ubuntu0.2) ...
2025-08-25T04:18:08.1911989Z Selecting previously unselected package libxv1:amd64.
2025-08-25T04:18:08.2051767Z Preparing to unpack .../54-libxv1_2%3a1.0.11-1.1build1_amd64.deb ...
2025-08-25T04:18:08.2058354Z Unpacking libxv1:amd64 (2:1.0.11-1.1build1) ...
2025-08-25T04:18:08.2260927Z Selecting previously unselected package gstreamer1.0-x:amd64.
2025-08-25T04:18:08.2399702Z Preparing to unpack .../55-gstreamer1.0-x_1.24.2-1ubuntu0.2_amd64.deb ...
2025-08-25T04:18:08.2407444Z Unpacking gstreamer1.0-x:amd64 (1.24.2-1ubuntu0.2) ...
2025-08-25T04:18:08.2635238Z Selecting previously unselected package libjavascriptcoregtk-4.1-dev:amd64.
2025-08-25T04:18:08.2772878Z Preparing to unpack .../56-libjavascriptcoregtk-4.1-dev_2.48.5-0ubuntu0.24.04.1_amd64.deb ...
2025-08-25T04:18:08.2782550Z Unpacking libjavascriptcoregtk-4.1-dev:amd64 (2.48.5-0ubuntu0.24.04.1) ...
2025-08-25T04:18:08.3035742Z Selecting previously unselected package libnghttp2-dev:amd64.
2025-08-25T04:18:08.3175122Z Preparing to unpack .../57-libnghttp2-dev_1.59.0-1ubuntu0.2_amd64.deb ...
2025-08-25T04:18:08.3183280Z Unpacking libnghttp2-dev:amd64 (1.59.0-1ubuntu0.2) ...
2025-08-25T04:18:08.3427856Z Selecting previously unselected package libwebrtc-audio-processing1:amd64.
2025-08-25T04:18:08.3565777Z Preparing to unpack .../58-libwebrtc-audio-processing1_0.3.1-0ubuntu6_amd64.deb ...
2025-08-25T04:18:08.3573957Z Unpacking libwebrtc-audio-processing1:amd64 (0.3.1-0ubuntu6) ...
2025-08-25T04:18:08.3814002Z Selecting previously unselected package libspa-0.2-modules:amd64.
2025-08-25T04:18:08.3952013Z Preparing to unpack .../59-libspa-0.2-modules_1.0.5-1ubuntu3.1_amd64.deb ...
2025-08-25T04:18:08.3959848Z Unpacking libspa-0.2-modules:amd64 (1.0.5-1ubuntu3.1) ...
2025-08-25T04:18:08.4285666Z Selecting previously unselected package libpipewire-0.3-0t64:amd64.
2025-08-25T04:18:08.4424445Z Preparing to unpack .../60-libpipewire-0.3-0t64_1.0.5-1ubuntu3.1_amd64.deb ...
2025-08-25T04:18:08.4432635Z Unpacking libpipewire-0.3-0t64:amd64 (1.0.5-1ubuntu3.1) ...
2025-08-25T04:18:08.4686413Z Selecting previously unselected package libpipewire-0.3-common.
2025-08-25T04:18:08.4825604Z Preparing to unpack .../61-libpipewire-0.3-common_1.0.5-1ubuntu3.1_all.deb ...
2025-08-25T04:18:08.4834878Z Unpacking libpipewire-0.3-common (1.0.5-1ubuntu3.1) ...
2025-08-25T04:18:08.5050170Z Selecting previously unselected package libpsl-dev:amd64.
2025-08-25T04:18:08.5191155Z Preparing to unpack .../62-libpsl-dev_0.21.2-1.1build1_amd64.deb ...
2025-08-25T04:18:08.5200255Z Unpacking libpsl-dev:amd64 (0.21.2-1.1build1) ...
2025-08-25T04:18:08.5446430Z Selecting previously unselected package libsysprof-capture-4-dev:amd64.
2025-08-25T04:18:08.5586177Z Preparing to unpack .../63-libsysprof-capture-4-dev_46.0-1build1_amd64.deb ...
2025-08-25T04:18:08.5595250Z Unpacking libsysprof-capture-4-dev:amd64 (46.0-1build1) ...
2025-08-25T04:18:08.5833090Z Selecting previously unselected package libsoup-3.0-dev:amd64.
2025-08-25T04:18:08.5971373Z Preparing to unpack .../64-libsoup-3.0-dev_3.4.4-5ubuntu0.5_amd64.deb ...
2025-08-25T04:18:08.5978926Z Unpacking libsoup-3.0-dev:amd64 (3.4.4-5ubuntu0.5) ...
2025-08-25T04:18:08.6266773Z Selecting previously unselected package libwebkit2gtk-4.1-dev.
2025-08-25T04:18:08.6404046Z Preparing to unpack .../65-libwebkit2gtk-4.1-dev_2.48.5-0ubuntu0.24.04.1_amd64.deb ...
2025-08-25T04:18:08.6411154Z Unpacking libwebkit2gtk-4.1-dev (2.48.5-0ubuntu0.24.04.1) ...
2025-08-25T04:18:08.7089173Z Selecting previously unselected package xdg-desktop-portal.
2025-08-25T04:18:08.7230077Z Preparing to unpack .../66-xdg-desktop-portal_1.18.4-1ubuntu2.24.04.1_amd64.deb ...
2025-08-25T04:18:08.7238354Z Unpacking xdg-desktop-portal (1.18.4-1ubuntu2.24.04.1) ...
2025-08-25T04:18:08.7513279Z Selecting previously unselected package xdg-desktop-portal-gtk.
2025-08-25T04:18:08.7652167Z Preparing to unpack .../67-xdg-desktop-portal-gtk_1.15.1-1build2_amd64.deb ...
2025-08-25T04:18:08.7660573Z Unpacking xdg-desktop-portal-gtk (1.15.1-1build2) ...
2025-08-25T04:18:08.8130548Z Setting up libpipewire-0.3-common (1.0.5-1ubuntu3.1) ...
2025-08-25T04:18:08.8153187Z Setting up bubblewrap (0.9.0-1ubuntu0.1) ...
2025-08-25T04:18:08.8196018Z Setting up libcdparanoia0:amd64 (3.10.2+debian-14build3) ...
2025-08-25T04:18:08.8300652Z Setting up libnghttp2-dev:amd64 (1.59.0-1ubuntu0.2) ...
2025-08-25T04:18:08.8324361Z Setting up session-migration (0.3.9build1) ...
2025-08-25T04:18:08.9368437Z Created symlink /etc/systemd/user/graphical-session-pre.target.wants/session-migration.service → /usr/lib/systemd/user/session-migration.service.
2025-08-25T04:18:08.9369477Z 
2025-08-25T04:18:08.9398018Z Setting up libraw1394-11:amd64 (2.1.2-2build3) ...
2025-08-25T04:18:08.9422801Z Setting up libproxy1v5:amd64 (0.5.4-4build1) ...
2025-08-25T04:18:08.9443462Z Setting up libtag1v5-vanilla:amd64 (1.13.1-1build1) ...
2025-08-25T04:18:08.9464006Z Setting up libspeex1:amd64 (1.2.1-2ubuntu2.24.04.1) ...
2025-08-25T04:18:08.9484436Z Setting up libcaca0:amd64 (0.99.beta20-4build2) ...
2025-08-25T04:18:08.9505307Z Setting up libv4lconvert0t64:amd64 (1.26.1-4build3) ...
2025-08-25T04:18:08.9525868Z Setting up libtwolame0:amd64 (0.4.0-2build3) ...
2025-08-25T04:18:08.9548665Z Setting up libwoff1:amd64 (1.0.2-2build1) ...
2025-08-25T04:18:08.9569001Z Setting up libhyphen0:amd64 (2.8.8-7build3) ...
2025-08-25T04:18:08.9589359Z Setting up libvisual-0.4-0:amd64 (0.4.2-2build1) ...
2025-08-25T04:18:08.9610248Z Setting up libmanette-0.2-0:amd64 (0.2.7-1build2) ...
2025-08-25T04:18:08.9632561Z Setting up libwebrtc-audio-processing1:amd64 (0.3.1-0ubuntu6) ...
2025-08-25T04:18:08.9654744Z Setting up libsoup-3.0-common (3.4.4-5ubuntu0.5) ...
2025-08-25T04:18:08.9676110Z Setting up libmpg123-0t64:amd64 (1.32.5-1ubuntu1.1) ...
2025-08-25T04:18:08.9697328Z Setting up libpsl-dev:amd64 (0.21.2-1.1build1) ...
2025-08-25T04:18:08.9719603Z Setting up liborc-0.4-0t64:amd64 (1:0.4.38-1ubuntu0.1) ...
2025-08-25T04:18:08.9740570Z Setting up libsysprof-capture-4-dev:amd64 (46.0-1build1) ...
2025-08-25T04:18:08.9763247Z Setting up libjavascriptcoregtk-4.1-0:amd64 (2.48.5-0ubuntu0.24.04.1) ...
2025-08-25T04:18:08.9786472Z Setting up libspa-0.2-modules:amd64 (1.0.5-1ubuntu3.1) ...
2025-08-25T04:18:08.9807354Z Setting up libopus0:amd64 (1.4-1build1) ...
2025-08-25T04:18:08.9830849Z Setting up libxv1:amd64 (2:1.0.11-1.1build1) ...
2025-08-25T04:18:08.9851984Z Setting up libdv4t64:amd64 (1.0.0-17.1build1) ...
2025-08-25T04:18:08.9873635Z Setting up libv4l-0t64:amd64 (1.26.1-4build3) ...
2025-08-25T04:18:08.9896740Z Setting up xdg-dbus-proxy (0.1.5-1build2) ...
2025-08-25T04:18:08.9919169Z Setting up libvpx9:amd64 (1.14.0-1ubuntu2.2) ...
2025-08-25T04:18:08.9939823Z Setting up libtag1v5:amd64 (1.13.1-1build1) ...
2025-08-25T04:18:08.9958806Z Setting up libasyncns0:amd64 (0.8-6build4) ...
2025-08-25T04:18:08.9978175Z Setting up libwavpack1:amd64 (5.6.0-1build1) ...
2025-08-25T04:18:09.0000577Z Setting up libtheora0:amd64 (1.1.1+dfsg.1-16.1build3) ...
2025-08-25T04:18:09.0019970Z Setting up libflac12t64:amd64 (1.4.3+ds-2.1ubuntu2) ...
2025-08-25T04:18:09.0038657Z Setting up glib-networking-common (2.80.0-1build1) ...
2025-08-25T04:18:09.0058261Z Setting up libpipewire-0.3-0t64:amd64 (1.0.5-1ubuntu3.1) ...
2025-08-25T04:18:09.0077746Z Setting up libsecret-common (0.21.4-1build3) ...
2025-08-25T04:18:09.0098874Z Setting up libmp3lame0:amd64 (3.100-6build1) ...
2025-08-25T04:18:09.0122604Z Setting up libgraphene-1.0-0:amd64 (1.10.8-3build2) ...
2025-08-25T04:18:09.0143695Z Setting up libvorbisenc2:amd64 (1.3.7-1build3) ...
2025-08-25T04:18:09.0164212Z Setting up libaa1:amd64 (1.4p5-51.1) ...
2025-08-25T04:18:09.0186931Z Setting up libiec61883-0:amd64 (1.2.0-6build1) ...
2025-08-25T04:18:09.0206306Z Setting up libavc1394-0:amd64 (0.5.4-5build3) ...
2025-08-25T04:18:09.0225403Z Setting up gsettings-desktop-schemas (46.1-0ubuntu1) ...
2025-08-25T04:18:09.0246477Z Setting up glib-networking-services (2.80.0-1build1) ...
2025-08-25T04:18:09.0266778Z Setting up xdg-desktop-portal (1.18.4-1ubuntu2.24.04.1) ...
2025-08-25T04:18:09.1316110Z Created symlink /etc/systemd/user/graphical-session-pre.target.wants/xdg-desktop-portal-rewrite-launchers.service → /usr/lib/systemd/user/xdg-desktop-portal-rewrite-launchers.service.
2025-08-25T04:18:09.1317207Z 
2025-08-25T04:18:09.1344889Z Setting up libgstreamer-plugins-base1.0-0:amd64 (1.24.2-1ubuntu0.2) ...
2025-08-25T04:18:09.1365184Z Setting up gir1.2-javascriptcoregtk-4.1:amd64 (2.48.5-0ubuntu0.24.04.1) ...
2025-08-25T04:18:09.1384827Z Setting up libsecret-1-0:amd64 (0.21.4-1build3) ...
2025-08-25T04:18:09.1407102Z Setting up libgstreamer-plugins-good1.0-0:amd64 (1.24.2-1ubuntu1.1) ...
2025-08-25T04:18:09.1427210Z Setting up libgstreamer-gl1.0-0:amd64 (1.24.2-1ubuntu0.2) ...
2025-08-25T04:18:09.1446039Z Setting up gstreamer1.0-plugins-base:amd64 (1.24.2-1ubuntu0.2) ...
2025-08-25T04:18:09.1466937Z Setting up libshout3:amd64 (2.4.6-1build2) ...
2025-08-25T04:18:09.1487980Z Setting up libsndfile1:amd64 (1.2.2-1ubuntu5.24.04.1) ...
2025-08-25T04:18:09.1509563Z Setting up libjavascriptcoregtk-4.1-dev:amd64 (2.48.5-0ubuntu0.24.04.1) ...
2025-08-25T04:18:09.1528047Z Setting up gstreamer1.0-gl:amd64 (1.24.2-1ubuntu0.2) ...
2025-08-25T04:18:09.1546921Z Setting up gstreamer1.0-x:amd64 (1.24.2-1ubuntu0.2) ...
2025-08-25T04:18:09.1593291Z Setting up libpulse0:amd64 (1:16.1+dfsg1-2ubuntu10.1) ...
2025-08-25T04:18:09.1925874Z Processing triggers for libc-bin (2.39-0ubuntu8.5) ...
2025-08-25T04:18:09.2115214Z Processing triggers for man-db (2.12.0-4build2) ...
2025-08-25T04:18:13.4572349Z Processing triggers for libglib2.0-0t64:amd64 (2.80.0-6ubuntu3.4) ...
2025-08-25T04:18:13.4886443Z Setting up glib-networking:amd64 (2.80.0-1build1) ...
2025-08-25T04:18:13.4916530Z Setting up xdg-desktop-portal-gtk (1.15.1-1build2) ...
2025-08-25T04:18:13.4980558Z Setting up libsoup-3.0-0:amd64 (3.4.4-5ubuntu0.5) ...
2025-08-25T04:18:13.5035819Z Setting up gir1.2-soup-3.0:amd64 (3.4.4-5ubuntu0.5) ...
2025-08-25T04:18:13.5096318Z Setting up gstreamer1.0-plugins-good:amd64 (1.24.2-1ubuntu1.1) ...
2025-08-25T04:18:13.5124916Z Setting up libsoup-3.0-dev:amd64 (3.4.4-5ubuntu0.5) ...
2025-08-25T04:18:13.5180358Z Setting up libwebkit2gtk-4.1-0:amd64 (2.48.5-0ubuntu0.24.04.1) ...
2025-08-25T04:18:13.5219031Z Setting up gir1.2-webkit2-4.1:amd64 (2.48.5-0ubuntu0.24.04.1) ...
2025-08-25T04:18:13.5257701Z Setting up libwebkit2gtk-4.1-dev (2.48.5-0ubuntu0.24.04.1) ...
2025-08-25T04:18:13.5358666Z Processing triggers for libc-bin (2.39-0ubuntu8.5) ...
2025-08-25T04:18:14.1088021Z 
2025-08-25T04:18:14.1088660Z Running kernel seems to be up-to-date.
2025-08-25T04:18:14.1088982Z 
2025-08-25T04:18:14.1089123Z Restarting services...
2025-08-25T04:18:14.1153578Z 
2025-08-25T04:18:14.1154101Z Service restarts being deferred:
2025-08-25T04:18:14.1154482Z  systemctl restart hosted-compute-agent.service
2025-08-25T04:18:14.1154785Z 
2025-08-25T04:18:14.1155080Z No containers need to be restarted.
2025-08-25T04:18:14.1155265Z 
2025-08-25T04:18:14.1155443Z No user sessions are running outdated binaries.
2025-08-25T04:18:14.1155638Z 
2025-08-25T04:18:14.1155919Z No VM guests are running outdated hypervisor (qemu) binaries on this host.
2025-08-25T04:18:15.0386607Z ##[group]Run npm ci
2025-08-25T04:18:15.0386857Z [36;1mnpm ci[0m
2025-08-25T04:18:15.0428801Z shell: /usr/bin/bash -e {0}
2025-08-25T04:18:15.0429047Z ##[endgroup]
2025-08-25T04:18:17.3305581Z 
2025-08-25T04:18:17.3306221Z added 63 packages, and audited 64 packages in 2s
2025-08-25T04:18:17.3306687Z 
2025-08-25T04:18:17.3306938Z 7 packages are looking for funding
2025-08-25T04:18:17.3307443Z   run `npm fund` for details
2025-08-25T04:18:17.3316120Z 
2025-08-25T04:18:17.3316420Z found 0 vulnerabilities
2025-08-25T04:18:17.3575094Z ##[group]Run tauri-apps/tauri-action@v0
2025-08-25T04:18:17.3575374Z with:
2025-08-25T04:18:17.3575554Z   tauriScript: tauri
2025-08-25T04:18:17.3575752Z   args: build
2025-08-25T04:18:17.3575920Z   tagName: v0.1.4
2025-08-25T04:18:17.3576120Z   releaseName: PlumaMD v0.1.4
2025-08-25T04:18:17.3576413Z   releaseBody: Version v0.1.4 generada automáticamente.
2025-08-25T04:18:17.3576706Z   releaseDraft: false
2025-08-25T04:18:17.3576895Z   prerelease: false
2025-08-25T04:18:17.3577102Z   projectPath: .
2025-08-25T04:18:17.3577293Z   includeDebug: false
2025-08-25T04:18:17.3577481Z   includeRelease: true
2025-08-25T04:18:17.3577687Z   includeUpdaterJson: true
2025-08-25T04:18:17.3577919Z   updaterJsonKeepUniversal: false
2025-08-25T04:18:17.3578142Z env:
2025-08-25T04:18:17.3578600Z   GITHUB_TOKEN: ***
2025-08-25T04:18:17.3578801Z ##[endgroup]
2025-08-25T04:18:17.5044432Z running tauri [ 'build', 'build' ]
2025-08-25T04:18:17.5334943Z Post job cleanup.
2025-08-25T04:18:17.6264504Z [command]/usr/bin/git version
2025-08-25T04:18:17.6300753Z git version 2.51.0
2025-08-25T04:18:17.6345797Z Temporarily overriding HOME='/home/runner/work/_temp/cc359547-62f5-4ee3-a67e-5b8f49fe783f' before making global git config changes
2025-08-25T04:18:17.6347288Z Adding repository directory to the temporary git global config as a safe directory
2025-08-25T04:18:17.6352184Z [command]/usr/bin/git config --global --add safe.directory /home/runner/work/plumamd/plumamd
2025-08-25T04:18:17.6387768Z [command]/usr/bin/git config --local --name-only --get-regexp core\.sshCommand
2025-08-25T04:18:17.6420155Z [command]/usr/bin/git submodule foreach --recursive sh -c "git config --local --name-only --get-regexp 'core\.sshCommand' && git config --local --unset-all 'core.sshCommand' || :"
2025-08-25T04:18:17.6652634Z [command]/usr/bin/git config --local --name-only --get-regexp http\.https\:\/\/github\.com\/\.extraheader
2025-08-25T04:18:17.6676437Z http.https://github.com/.extraheader
2025-08-25T04:18:17.6688404Z [command]/usr/bin/git config --local --unset-all http.https://github.com/.extraheader
2025-08-25T04:18:17.6722209Z [command]/usr/bin/git submodule foreach --recursive sh -c "git config --local --name-only --get-regexp 'http\.https\:\/\/github\.com\/\.extraheader' && git config --local --unset-all 'http.https://github.com/.extraheader' || :"
2025-08-25T04:18:17.7070802Z Cleaning up orphan processes
